###############################################################################
#
# IAR ELF Linker V8.32.1.169/W32 for ARM                  12/Nov/2019  13:43:44
# Copyright 2007-2018 IAR Systems AB.
#
#    Output file  =  F:\Work Done\LoopBack V0.7\EWARM\UARTOnly\Exe\UARTOnly.out
#    Map file     =  
#        F:\Work Done\LoopBack V0.7\EWARM\UARTOnly\List\UARTOnly.map
#    Command line =  
#        -f C:\Users\HAMZA~1.OMR\AppData\Local\Temp\EW87FA.tmp ("F:\Work
#        Done\LoopBack V0.7\EWARM\UARTOnly\Obj\cmsis_os.o" "F:\Work
#        Done\LoopBack V0.7\EWARM\UARTOnly\Obj\croutine.o" "F:\Work
#        Done\LoopBack V0.7\EWARM\UARTOnly\Obj\event_groups.o" "F:\Work
#        Done\LoopBack V0.7\EWARM\UARTOnly\Obj\freertos.o" "F:\Work
#        Done\LoopBack V0.7\EWARM\UARTOnly\Obj\heap_4.o" "F:\Work Done\LoopBack
#        V0.7\EWARM\UARTOnly\Obj\list.o" "F:\Work Done\LoopBack
#        V0.7\EWARM\UARTOnly\Obj\main.o" "F:\Work Done\LoopBack
#        V0.7\EWARM\UARTOnly\Obj\port.o" "F:\Work Done\LoopBack
#        V0.7\EWARM\UARTOnly\Obj\portasm.o" "F:\Work Done\LoopBack
#        V0.7\EWARM\UARTOnly\Obj\queue.o" "F:\Work Done\LoopBack
#        V0.7\EWARM\UARTOnly\Obj\startup_stm32l4a6xx.o" "F:\Work Done\LoopBack
#        V0.7\EWARM\UARTOnly\Obj\stm32l4xx_hal.o" "F:\Work Done\LoopBack
#        V0.7\EWARM\UARTOnly\Obj\stm32l4xx_hal_cortex.o" "F:\Work Done\LoopBack
#        V0.7\EWARM\UARTOnly\Obj\stm32l4xx_hal_dma.o" "F:\Work Done\LoopBack
#        V0.7\EWARM\UARTOnly\Obj\stm32l4xx_hal_dma_ex.o" "F:\Work Done\LoopBack
#        V0.7\EWARM\UARTOnly\Obj\stm32l4xx_hal_exti.o" "F:\Work Done\LoopBack
#        V0.7\EWARM\UARTOnly\Obj\stm32l4xx_hal_flash.o" "F:\Work Done\LoopBack
#        V0.7\EWARM\UARTOnly\Obj\stm32l4xx_hal_flash_ex.o" "F:\Work
#        Done\LoopBack V0.7\EWARM\UARTOnly\Obj\stm32l4xx_hal_flash_ramfunc.o"
#        "F:\Work Done\LoopBack V0.7\EWARM\UARTOnly\Obj\stm32l4xx_hal_gpio.o"
#        "F:\Work Done\LoopBack V0.7\EWARM\UARTOnly\Obj\stm32l4xx_hal_i2c.o"
#        "F:\Work Done\LoopBack V0.7\EWARM\UARTOnly\Obj\stm32l4xx_hal_i2c_ex.o"
#        "F:\Work Done\LoopBack V0.7\EWARM\UARTOnly\Obj\stm32l4xx_hal_msp.o"
#        "F:\Work Done\LoopBack V0.7\EWARM\UARTOnly\Obj\stm32l4xx_hal_pwr.o"
#        "F:\Work Done\LoopBack V0.7\EWARM\UARTOnly\Obj\stm32l4xx_hal_pwr_ex.o"
#        "F:\Work Done\LoopBack V0.7\EWARM\UARTOnly\Obj\stm32l4xx_hal_rcc.o"
#        "F:\Work Done\LoopBack V0.7\EWARM\UARTOnly\Obj\stm32l4xx_hal_rcc_ex.o"
#        "F:\Work Done\LoopBack V0.7\EWARM\UARTOnly\Obj\stm32l4xx_hal_tim.o"
#        "F:\Work Done\LoopBack V0.7\EWARM\UARTOnly\Obj\stm32l4xx_hal_tim_ex.o"
#        "F:\Work Done\LoopBack V0.7\EWARM\UARTOnly\Obj\stm32l4xx_hal_uart.o"
#        "F:\Work Done\LoopBack
#        V0.7\EWARM\UARTOnly\Obj\stm32l4xx_hal_uart_ex.o" "F:\Work
#        Done\LoopBack V0.7\EWARM\UARTOnly\Obj\stm32l4xx_it.o" "F:\Work
#        Done\LoopBack V0.7\EWARM\UARTOnly\Obj\stream_buffer.o" "F:\Work
#        Done\LoopBack V0.7\EWARM\UARTOnly\Obj\system_stm32l4xx.o" "F:\Work
#        Done\LoopBack V0.7\EWARM\UARTOnly\Obj\tasks.o" "F:\Work Done\LoopBack
#        V0.7\EWARM\UARTOnly\Obj\timers.o" --redirect _Printf=_PrintfFull
#        --redirect _Scanf=_ScanfFull --no_out_extension -o "F:\Work
#        Done\LoopBack V0.7\EWARM\UARTOnly\Exe\UARTOnly.out" --map "F:\Work
#        Done\LoopBack V0.7\EWARM\UARTOnly\List\UARTOnly.map" --config "F:\Work
#        Done\LoopBack V0.7\EWARM/stm32l4a6xx_flash.icf" --semihosting --entry
#        __iar_program_start --vfe --text_out locale)
#
###############################################################################

*******************************************************************************
*** RUNTIME MODEL ATTRIBUTES
***

CppFlavor       = *
__SystemLibrary = DLib
__dlib_version  = 6


*******************************************************************************
*** HEAP SELECTION
***

The basic heap was selected because no calls to memory allocation
functions were found in the application outside of system library
functions, and there are calls to deallocation functions in the
application.


*******************************************************************************
*** PLACEMENT SUMMARY
***

"A0":  place at 0x800'0000 { ro section .intvec };
"P1":  place in [from 0x800'0000 to 0x80f'ffff] { ro };
define block CSTACK with size = 1K, alignment = 8 { };
define block HEAP with size = 512, alignment = 8 { };
"P2":  place in [from 0x2000'0000 to 0x2004'ffff] {
          rw, block CSTACK, block HEAP };
initialize by copy { rw };

  Section            Kind         Address    Size  Object
  -------            ----         -------    ----  ------
"A0":                                       0x1ac
  .intvec            ro code   0x800'0000   0x1ac  startup_stm32l4a6xx.o [1]
                             - 0x800'01ac   0x1ac

"P1":                                      0x6238
  .text              ro code   0x800'01ac   0xf46  xprintffull.o [2]
  .text              ro code   0x800'10f2    0x7a  lz77_init_single.o [4]
  .text              ro code   0x800'116c    0x78  xlocale_c.o [2]
  .text              ro code   0x800'11e4    0x16  strchr.o [4]
  .text              ro code   0x800'11fa    0x3a  zero_init3.o [4]
  .text              ro code   0x800'1234    0x40  xfail_s.o [2]
  .text              ro code   0x800'1274    0x36  strlen.o [4]
  .text              ro code   0x800'12aa    0x1e  xencoding_8859_1.o [2]
  .text              ro code   0x800'12c8    0x58  memchr.o [4]
  .text              ro code   0x800'1320     0xa  xmbcurmax.o [2]
  .text              ro code   0x800'132a    0x1a  xsnprout.o [2]
  .text              ro code   0x800'1344    0xa6  ABImemcpy.o [4]
  .text              ro code   0x800'13ec   0x230  I64DivMod.o [4]
  .text              ro code   0x800'161c   0x1a2  DblMul.o [3]
  .text              ro code   0x800'17c0    0x70  frexp.o [3]
  .text              ro code   0x800'1830    0x2e  DblCmpLe.o [3]
  .text              ro code   0x800'1860    0x2e  DblCmpGe.o [3]
  .text              ro code   0x800'1890   0x13a  ldexp.o [3]
  .text              ro code   0x800'19cc    0x3a  DblToS32.o [3]
  .text              ro code   0x800'1a08    0x22  S32ToDbl.o [3]
  .text              ro code   0x800'1a2c    0xe2  DblSub.o [3]
  .text              ro code   0x800'1b10   0x246  DblDiv.o [3]
  .text              ro code   0x800'1d58    0x28  DblToU32.o [3]
  .text              ro code   0x800'1d80    0x1a  U32ToDbl.o [3]
  .text              ro code   0x800'1d9a     0x6  abort.o [2]
  .text              ro code   0x800'1da0     0x2  I64DivZer.o [4]
  .text              ro code   0x800'1da4   0x16a  DblAdd.o [3]
  .text              ro code   0x800'1f10    0x14  exit.o [5]
  .text              ro code   0x800'1f24   0xb3c  stm32l4xx_hal_uart.o [1]
  .text              ro code   0x800'2a60   0x11c  stm32l4xx_hal_msp.o [1]
  .text              ro code   0x800'2b7c   0x24c  stm32l4xx_hal_dma.o [1]
  .text              ro code   0x800'2dc8     0x2  stm32l4xx_hal_uart.o [1]
  .text              ro code   0x800'2dca     0x2  stm32l4xx_hal_uart_ex.o [1]
  .text              ro code   0x800'2dcc   0x980  stm32l4xx_hal_rcc.o [1]
  .text              ro code   0x800'374c     0xc  stm32l4xx_hal.o [1]
  .text              ro code   0x800'3758     0x2  stm32l4xx_hal_uart.o [1]
  .text              ro code   0x800'375c   0x302  main.o [1]
  .text              ro code   0x800'3a60   0x15c  stm32l4xx_hal_cortex.o [1]
  .text              ro code   0x800'3bbc     0x6  ABImemclr4.o [4]
  .text              ro code   0x800'3bc4    0xa4  stm32l4xx_hal_pwr_ex.o [1]
  .text              ro code   0x800'3c68   0x21c  stm32l4xx_hal_gpio.o [1]
  .text              ro code   0x800'3e84    0x60  stm32l4xx_hal.o [1]
  .text              ro code   0x800'3ee4    0x24  stm32l4xx_hal.o [1]
  .text              ro code   0x800'3f08   0x4cc  queue.o [1]
  .text              ro code   0x800'43d4   0x9e8  tasks.o [1]
  .text              ro code   0x800'4dbc   0x730  stm32l4xx_hal_rcc_ex.o [1]
  .text              ro code   0x800'54ec   0x482  stm32l4xx_hal_tim.o [1]
  .text              ro code   0x800'5970    0x70  stm32l4xx_hal_tim_ex.o [1]
  .text              ro code   0x800'59e0    0x44  snprintf.o [2]
  .text              ro code   0x800'5a24    0x32  ABImemset48.o [4]
  .text              ro code   0x800'5a58   0x234  port.o [1]
  .text              ro code   0x800'5c8c    0x9a  list.o [1]
  .text              ro code   0x800'5d28   0x274  heap_4.o [1]
  .text              ro code   0x800'5f9c    0x18  freertos.o [1]
  .text              ro code   0x800'5fb4     0x2  stm32l4xx_hal_tim.o [1]
  .text              ro code   0x800'5fb6     0x2  stm32l4xx_hal_tim.o [1]
  .text              ro code   0x800'5fb8     0x2  stm32l4xx_hal_tim.o [1]
  .text              ro code   0x800'5fba     0x2  stm32l4xx_hal_tim_ex.o [1]
  .text              ro code   0x800'5fbc     0x2  stm32l4xx_hal_tim_ex.o [1]
  .text              ro code   0x800'5fbe     0x2  stm32l4xx_hal_tim.o [1]
  .text              ro code   0x800'5fc0     0x2  stm32l4xx_hal_tim_ex.o [1]
  CODE               ro code   0x800'5fc4    0xb0  portasm.o [1]
  .text              ro code   0x800'6074    0x60  system_stm32l4xx.o [1]
  .text              ro code   0x800'60d4    0x3c  stm32l4xx_it.o [1]
  .rodata            const     0x800'6110    0x30  system_stm32l4xx.o [1]
  .text              ro code   0x800'6140    0x28  data_init.o [4]
  .text              ro code   0x800'6168    0x22  fpinit_M.o [3]
  .iar.init_table    const     0x800'618c    0x20  - Linker created -
  .text              ro code   0x800'61ac    0x1e  cmain.o [4]
  .text              ro code   0x800'61ca     0x4  low_level_init.o [2]
  .text              ro code   0x800'61ce     0x4  exit.o [2]
  .text              ro code   0x800'61d4     0xa  cexit.o [4]
  .rodata            const     0x800'61e0    0x10  system_stm32l4xx.o [1]
  .text              ro code   0x800'61f0    0x10  startup_stm32l4a6xx.o [1]
  .text              ro code   0x800'6200     0xc  cstartup_M.o [4]
  .rodata            const     0x800'620c     0x8  main.o [1]
  .rodata            const     0x800'6214     0x8  system_stm32l4xx.o [1]
  .rodata            const     0x800'621c     0x8  tasks.o [1]
  .rodata            const     0x800'6224     0x6  xlocale_c.o [2]
  .rodata            const     0x800'622c     0x4  heap_4.o [1]
  .rodata            const     0x800'6230     0x4  port.o [1]
  .text              ro code   0x800'6234     0x4  startup_stm32l4a6xx.o [1]
  .text              ro code   0x800'6238     0x4  startup_stm32l4a6xx.o [1]
  .text              ro code   0x800'623c     0x4  startup_stm32l4a6xx.o [1]
  .text              ro code   0x800'6240     0x4  startup_stm32l4a6xx.o [1]
  .text              ro code   0x800'6244     0x4  startup_stm32l4a6xx.o [1]
  .text              ro code   0x800'6248     0x4  startup_stm32l4a6xx.o [1]
  .text              ro code   0x800'624c     0x4  startup_stm32l4a6xx.o [1]
  .text              ro code   0x800'6250     0x4  startup_stm32l4a6xx.o [1]
  .text              ro code   0x800'6254     0x4  startup_stm32l4a6xx.o [1]
  .text              ro code   0x800'6258     0x4  startup_stm32l4a6xx.o [1]
  .text              ro code   0x800'625c     0x4  startup_stm32l4a6xx.o [1]
  .text              ro code   0x800'6260     0x4  startup_stm32l4a6xx.o [1]
  .text              ro code   0x800'6264     0x4  startup_stm32l4a6xx.o [1]
  .text              ro code   0x800'6268     0x4  startup_stm32l4a6xx.o [1]
  .text              ro code   0x800'626c     0x4  startup_stm32l4a6xx.o [1]
  .text              ro code   0x800'6270     0x4  startup_stm32l4a6xx.o [1]
  .text              ro code   0x800'6274     0x4  startup_stm32l4a6xx.o [1]
  .text              ro code   0x800'6278     0x4  startup_stm32l4a6xx.o [1]
  .text              ro code   0x800'627c     0x4  startup_stm32l4a6xx.o [1]
  .text              ro code   0x800'6280     0x4  startup_stm32l4a6xx.o [1]
  .text              ro code   0x800'6284     0x4  startup_stm32l4a6xx.o [1]
  .text              ro code   0x800'6288     0x4  startup_stm32l4a6xx.o [1]
  .text              ro code   0x800'628c     0x4  startup_stm32l4a6xx.o [1]
  .text              ro code   0x800'6290     0x4  startup_stm32l4a6xx.o [1]
  .text              ro code   0x800'6294     0x4  startup_stm32l4a6xx.o [1]
  .text              ro code   0x800'6298     0x4  startup_stm32l4a6xx.o [1]
  .text              ro code   0x800'629c     0x4  startup_stm32l4a6xx.o [1]
  .text              ro code   0x800'62a0     0x4  startup_stm32l4a6xx.o [1]
  .text              ro code   0x800'62a4     0x4  startup_stm32l4a6xx.o [1]
  .text              ro code   0x800'62a8     0x4  startup_stm32l4a6xx.o [1]
  .text              ro code   0x800'62ac     0x4  startup_stm32l4a6xx.o [1]
  .text              ro code   0x800'62b0     0x4  startup_stm32l4a6xx.o [1]
  .text              ro code   0x800'62b4     0x4  startup_stm32l4a6xx.o [1]
  .text              ro code   0x800'62b8     0x4  startup_stm32l4a6xx.o [1]
  .text              ro code   0x800'62bc     0x4  startup_stm32l4a6xx.o [1]
  .text              ro code   0x800'62c0     0x4  startup_stm32l4a6xx.o [1]
  .text              ro code   0x800'62c4     0x4  startup_stm32l4a6xx.o [1]
  .text              ro code   0x800'62c8     0x4  startup_stm32l4a6xx.o [1]
  .text              ro code   0x800'62cc     0x4  startup_stm32l4a6xx.o [1]
  .text              ro code   0x800'62d0     0x4  startup_stm32l4a6xx.o [1]
  .text              ro code   0x800'62d4     0x4  startup_stm32l4a6xx.o [1]
  .text              ro code   0x800'62d8     0x4  startup_stm32l4a6xx.o [1]
  .text              ro code   0x800'62dc     0x4  startup_stm32l4a6xx.o [1]
  .text              ro code   0x800'62e0     0x4  startup_stm32l4a6xx.o [1]
  .text              ro code   0x800'62e4     0x4  startup_stm32l4a6xx.o [1]
  .text              ro code   0x800'62e8     0x4  startup_stm32l4a6xx.o [1]
  .text              ro code   0x800'62ec     0x4  startup_stm32l4a6xx.o [1]
  .text              ro code   0x800'62f0     0x4  startup_stm32l4a6xx.o [1]
  .text              ro code   0x800'62f4     0x4  startup_stm32l4a6xx.o [1]
  .text              ro code   0x800'62f8     0x4  startup_stm32l4a6xx.o [1]
  .text              ro code   0x800'62fc     0x4  startup_stm32l4a6xx.o [1]
  .text              ro code   0x800'6300     0x4  startup_stm32l4a6xx.o [1]
  .text              ro code   0x800'6304     0x4  startup_stm32l4a6xx.o [1]
  .text              ro code   0x800'6308     0x4  startup_stm32l4a6xx.o [1]
  .text              ro code   0x800'630c     0x4  startup_stm32l4a6xx.o [1]
  .text              ro code   0x800'6310     0x4  startup_stm32l4a6xx.o [1]
  .text              ro code   0x800'6314     0x4  startup_stm32l4a6xx.o [1]
  .text              ro code   0x800'6318     0x4  startup_stm32l4a6xx.o [1]
  .text              ro code   0x800'631c     0x4  startup_stm32l4a6xx.o [1]
  .text              ro code   0x800'6320     0x4  startup_stm32l4a6xx.o [1]
  .text              ro code   0x800'6324     0x4  startup_stm32l4a6xx.o [1]
  .text              ro code   0x800'6328     0x4  startup_stm32l4a6xx.o [1]
  .text              ro code   0x800'632c     0x4  startup_stm32l4a6xx.o [1]
  .text              ro code   0x800'6330     0x4  startup_stm32l4a6xx.o [1]
  .text              ro code   0x800'6334     0x4  startup_stm32l4a6xx.o [1]
  .text              ro code   0x800'6338     0x4  startup_stm32l4a6xx.o [1]
  .text              ro code   0x800'633c     0x4  startup_stm32l4a6xx.o [1]
  .text              ro code   0x800'6340     0x4  startup_stm32l4a6xx.o [1]
  .text              ro code   0x800'6344     0x4  startup_stm32l4a6xx.o [1]
  .text              ro code   0x800'6348     0x4  startup_stm32l4a6xx.o [1]
  .text              ro code   0x800'634c     0x4  startup_stm32l4a6xx.o [1]
  .text              ro code   0x800'6350     0x4  startup_stm32l4a6xx.o [1]
  .text              ro code   0x800'6354     0x4  startup_stm32l4a6xx.o [1]
  .text              ro code   0x800'6358     0x4  startup_stm32l4a6xx.o [1]
  .text              ro code   0x800'635c     0x4  startup_stm32l4a6xx.o [1]
  .text              ro code   0x800'6360     0x4  startup_stm32l4a6xx.o [1]
  .text              ro code   0x800'6364     0x4  startup_stm32l4a6xx.o [1]
  .text              ro code   0x800'6368     0x4  startup_stm32l4a6xx.o [1]
  .text              ro code   0x800'636c     0x4  startup_stm32l4a6xx.o [1]
  .text              ro code   0x800'6370     0x4  startup_stm32l4a6xx.o [1]
  .text              ro code   0x800'6374     0x4  startup_stm32l4a6xx.o [1]
  .text              ro code   0x800'6378     0x4  startup_stm32l4a6xx.o [1]
  .text              ro code   0x800'637c     0x4  startup_stm32l4a6xx.o [1]
  .text              ro code   0x800'6380     0x4  startup_stm32l4a6xx.o [1]
  .text              ro code   0x800'6384     0x4  startup_stm32l4a6xx.o [1]
  .text              ro code   0x800'6388     0x4  startup_stm32l4a6xx.o [1]
  .text              ro code   0x800'638c     0x4  startup_stm32l4a6xx.o [1]
  .rodata            const     0x800'6390     0x0  zero_init3.o [4]
  .rodata            const     0x800'6390     0x0  lz77_init_single.o [4]
  Initializer bytes  const     0x800'6390    0x54  <for P2-1>
                             - 0x800'63e4  0x6238

"P2", part 1 of 3:                           0xb0
  P2-1                        0x2000'0000    0xb0  <Init block>
    .data            inited   0x2000'0000    0x20  main.o [1]
    .data            inited   0x2000'0020     0x4  port.o [1]
    .data            inited   0x2000'0024     0x4  stm32l4xx_hal.o [1]
    .data            inited   0x2000'0028     0x4  stm32l4xx_hal.o [1]
    .data            inited   0x2000'002c     0x4  system_stm32l4xx.o [1]
    .data            inited   0x2000'0030    0x38  xlocale_c.o [2]
    .data            inited   0x2000'0068    0x48  xlocale_c.o [2]
                            - 0x2000'00b0    0xb0

"P2", part 2 of 3:                         0x1078
  .bss               zero     0x2000'00b0   0xbb8  heap_4.o [1]
  .bss               zero     0x2000'0c68   0x200  freertos.o [1]
  .bss               zero     0x2000'0e68    0x8c  tasks.o [1]
  .bss               zero     0x2000'0ef4    0x80  main.o [1]
  .bss               zero     0x2000'0f74    0x54  freertos.o [1]
  .bss               zero     0x2000'0fc8    0x48  main.o [1]
  .bss               zero     0x2000'1010    0x40  main.o [1]
  .bss               zero     0x2000'1050    0x14  tasks.o [1]
  .bss               zero     0x2000'1064    0x14  tasks.o [1]
  .bss               zero     0x2000'1078    0x14  tasks.o [1]
  .bss               zero     0x2000'108c    0x14  tasks.o [1]
  .bss               zero     0x2000'10a0    0x14  tasks.o [1]
  .bss               zero     0x2000'10b4     0x8  heap_4.o [1]
  .bss               zero     0x2000'10bc     0x4  heap_4.o [1]
  .bss               zero     0x2000'10c0     0x4  heap_4.o [1]
  .bss               zero     0x2000'10c4     0x4  heap_4.o [1]
  .bss               zero     0x2000'10c8     0x4  heap_4.o [1]
  .bss               zero     0x2000'10cc     0x4  main.o [1]
  .bss               zero     0x2000'10d0     0x4  main.o [1]
  .bss               zero     0x2000'10d4     0x4  main.o [1]
  .bss               zero     0x2000'10d8     0x4  main.o [1]
  .bss               zero     0x2000'10dc     0x4  port.o [1]
  .bss               zero     0x2000'10e0     0x4  stm32l4xx_hal.o [1]
  .bss               zero     0x2000'10e4     0x4  tasks.o [1]
  .bss               zero     0x2000'10e8     0x4  tasks.o [1]
  .bss               zero     0x2000'10ec     0x4  tasks.o [1]
  .bss               zero     0x2000'10f0     0x4  tasks.o [1]
  .bss               zero     0x2000'10f4     0x4  tasks.o [1]
  .bss               zero     0x2000'10f8     0x4  tasks.o [1]
  .bss               zero     0x2000'10fc     0x4  tasks.o [1]
  .bss               zero     0x2000'1100     0x4  tasks.o [1]
  .bss               zero     0x2000'1104     0x4  tasks.o [1]
  .bss               zero     0x2000'1108     0x4  tasks.o [1]
  .bss               zero     0x2000'110c     0x4  tasks.o [1]
  .bss               zero     0x2000'1110     0x4  tasks.o [1]
  .bss               zero     0x2000'1114     0x4  tasks.o [1]
  .bss               zero     0x2000'1118     0x4  tasks.o [1]
  .bss               zero     0x2000'111c     0x4  tasks.o [1]
  .bss               zero     0x2000'1120     0x4  xfail_s.o [2]
  .bss               zero     0x2000'1124     0x1  main.o [1]
  .bss               zero     0x2000'1125     0x1  main.o [1]
  .bss               zero     0x2000'1126     0x1  main.o [1]
  .bss               zero     0x2000'1127     0x1  port.o [1]
                            - 0x2000'1128  0x1078

"P2", part 3 of 3:                          0x400
  CSTACK                      0x2000'1128   0x400  <Block>
    CSTACK           uninit   0x2000'1128   0x400  <Block tail>
                            - 0x2000'1528   0x400

Unused ranges:

         From           To      Size
         ----           --      ----
   0x800'63e4   0x80f'ffff  0xf'9c1c
  0x2000'1528  0x2004'ffff  0x4'ead8


*******************************************************************************
*** INIT TABLE
***

          Address      Size
          -------      ----
Zero (__iar_zero_init3)
    1 destination range, total size 0x1078:
          0x2000'00b0  0x1078

Copy/lz77 (__iar_lz77_init_single3)
    1 source range, total size 0x54 (47% of destination):
           0x800'6390    0x54
    1 destination range, total size 0xb0:
          0x2000'0000    0xb0



*******************************************************************************
*** MODULE SUMMARY
***

    Module                   ro code  ro data  rw data
    ------                   -------  -------  -------
command line/config:
    --------------------------------------------------
    Total:

F:\Work Done\LoopBack V0.7\EWARM\UARTOnly\Obj: [1]
    freertos.o                    24               596
    heap_4.o                     628        4    3 024
    list.o                       154
    main.o                       770       23      315
    port.o                       564        6        9
    portasm.o                    176
    queue.o                    1 228
    startup_stm32l4a6xx.o        792
    stm32l4xx_hal.o              144        4       12
    stm32l4xx_hal_cortex.o       348
    stm32l4xx_hal_dma.o          588
    stm32l4xx_hal_gpio.o         540
    stm32l4xx_hal_msp.o          284
    stm32l4xx_hal_pwr_ex.o       164
    stm32l4xx_hal_rcc.o        2 432
    stm32l4xx_hal_rcc_ex.o     1 840
    stm32l4xx_hal_tim.o        1 162
    stm32l4xx_hal_tim_ex.o       118
    stm32l4xx_hal_uart.o       2 880
    stm32l4xx_hal_uart_ex.o        2
    stm32l4xx_it.o                60
    system_stm32l4xx.o            96       73        4
    tasks.o                    2 536        8      300
    --------------------------------------------------
    Total:                    17 530      118    4 260

dl7M_tlf.a: [2]
    abort.o                        6
    exit.o                         4
    low_level_init.o               4
    snprintf.o                    68
    xencoding_8859_1.o            30
    xfail_s.o                     64                 4
    xlocale_c.o                  120       68      128
    xmbcurmax.o                   10
    xprintffull.o              3 910
    xsnprout.o                    26
    --------------------------------------------------
    Total:                     4 242       68      132

m7M_tls.a: [3]
    DblAdd.o                     362
    DblCmpGe.o                    46
    DblCmpLe.o                    46
    DblDiv.o                     582
    DblMul.o                     418
    DblSub.o                     226
    DblToS32.o                    58
    DblToU32.o                    40
    S32ToDbl.o                    34
    U32ToDbl.o                    26
    fpinit_M.o                    34
    frexp.o                      112
    ldexp.o                      314
    --------------------------------------------------
    Total:                     2 298

rt7M_tl.a: [4]
    ABImemclr4.o                   6
    ABImemcpy.o                  166
    ABImemset48.o                 50
    I64DivMod.o                  560
    I64DivZer.o                    2
    cexit.o                       10
    cmain.o                       30
    cstartup_M.o                  12
    data_init.o                   40
    lz77_init_single.o           122
    memchr.o                      88
    strchr.o                      22
    strlen.o                      54
    zero_init3.o                  58
    --------------------------------------------------
    Total:                     1 220

shb_l.a: [5]
    exit.o                        20
    --------------------------------------------------
    Total:                        20

    Gaps                          38        6
    Linker created                         32    1 024
------------------------------------------------------
    Grand Total:              25 348      224    5 416


*******************************************************************************
*** ENTRY LIST
***

Entry                       Address   Size  Type      Object
-----                       -------   ----  ----      ------
.iar.init_table$$Base    0x800'618c          --   Gb  - Linker created -
.iar.init_table$$Limit   0x800'61ac          --   Gb  - Linker created -
?main                    0x800'61ad         Code  Gb  cmain.o [4]
AHBPrescTable            0x800'61e0   0x10  Data  Gb  system_stm32l4xx.o [1]
APBPrescTable            0x800'6214    0x8  Data  Gb  system_stm32l4xx.o [1]
BusFault_Handler         0x800'60db    0x2  Code  Gb  stm32l4xx_it.o [1]
CSTACK$$Base            0x2000'1128          --   Gb  - Linker created -
CSTACK$$Limit           0x2000'1528          --   Gb  - Linker created -
CacheMore                0x800'1171   0x24  Code  Lc  xlocale_c.o [2]
DMA2_Channel7_IRQHandler
                         0x800'60ef    0xa  Code  Gb  stm32l4xx_it.o [1]
DebugMon_Handler         0x800'60df    0x2  Code  Gb  stm32l4xx_it.o [1]
Error_Handler            0x800'3a5d    0x2  Code  Gb  main.o [1]
HAL_DMA_Abort_IT         0x800'2c79   0x5e  Code  Gb  stm32l4xx_hal_dma.o [1]
HAL_DMA_IRQHandler       0x800'2cd7   0xf2  Code  Gb  stm32l4xx_hal_dma.o [1]
HAL_DMA_Init             0x800'2b7d   0xe0  Code  Gb  stm32l4xx_hal_dma.o [1]
HAL_GPIO_Init            0x800'3c69  0x1e6  Code  Gb  stm32l4xx_hal_gpio.o [1]
HAL_GetTick              0x800'374d    0xc  Code  Wk  stm32l4xx_hal.o [1]
HAL_Init                 0x800'3ee5   0x24  Code  Gb  stm32l4xx_hal.o [1]
HAL_InitTick             0x800'3e85   0x60  Code  Wk  stm32l4xx_hal.o [1]
HAL_MspInit              0x800'2a61   0x38  Code  Gb  stm32l4xx_hal_msp.o [1]
HAL_NVIC_EnableIRQ       0x800'3b81    0xe  Code  Gb  stm32l4xx_hal_cortex.o [1]
HAL_NVIC_SetPriority     0x800'3b57   0x2a  Code  Gb  stm32l4xx_hal_cortex.o [1]
HAL_NVIC_SetPriorityGrouping
                         0x800'3b4b    0xc  Code  Gb  stm32l4xx_hal_cortex.o [1]
HAL_PWREx_ControlVoltageScaling
                         0x800'3bd1   0x76  Code  Gb  stm32l4xx_hal_pwr_ex.o [1]
HAL_PWREx_EnableVddIO2   0x800'3c47    0xe  Code  Gb  stm32l4xx_hal_pwr_ex.o [1]
HAL_PWREx_GetVoltageRange
                         0x800'3bc5    0xc  Code  Gb  stm32l4xx_hal_pwr_ex.o [1]
HAL_RCCEx_PeriphCLKConfig
                         0x800'4dbd  0x426  Code  Gb  stm32l4xx_hal_rcc_ex.o [1]
HAL_RCC_ClockConfig      0x800'3419  0x14c  Code  Gb  stm32l4xx_hal_rcc.o [1]
HAL_RCC_GetHCLKFreq      0x800'3639    0x6  Code  Gb  stm32l4xx_hal_rcc.o [1]
HAL_RCC_GetPCLK1Freq     0x800'363f   0x1a  Code  Gb  stm32l4xx_hal_rcc.o [1]
HAL_RCC_GetPCLK2Freq     0x800'3659   0x1a  Code  Gb  stm32l4xx_hal_rcc.o [1]
HAL_RCC_GetSysClockFreq
                         0x800'3565   0xd4  Code  Gb  stm32l4xx_hal_rcc.o [1]
HAL_RCC_OscConfig        0x800'2dcd  0x64c  Code  Gb  stm32l4xx_hal_rcc.o [1]
HAL_SYSTICK_Config       0x800'3b8f    0xc  Code  Gb  stm32l4xx_hal_cortex.o [1]
HAL_TIMEx_Break2Callback
                         0x800'5fbd    0x2  Code  Wk  stm32l4xx_hal_tim_ex.o [1]
HAL_TIMEx_BreakCallback
                         0x800'5fbb    0x2  Code  Wk  stm32l4xx_hal_tim_ex.o [1]
HAL_TIMEx_CommutCallback
                         0x800'5fc1    0x2  Code  Wk  stm32l4xx_hal_tim_ex.o [1]
HAL_TIMEx_MasterConfigSynchronization
                         0x800'5971   0x66  Code  Gb  stm32l4xx_hal_tim_ex.o [1]
HAL_TIM_Base_Init        0x800'54ed   0x38  Code  Gb  stm32l4xx_hal_tim.o [1]
HAL_TIM_Base_MspInit     0x800'2b37   0x22  Code  Gb  stm32l4xx_hal_msp.o [1]
HAL_TIM_Base_Start_IT    0x800'5525   0x32  Code  Gb  stm32l4xx_hal_tim.o [1]
HAL_TIM_Base_Stop_IT     0x800'5557   0x36  Code  Gb  stm32l4xx_hal_tim.o [1]
HAL_TIM_ConfigClockSource
                         0x800'5725   0xee  Code  Gb  stm32l4xx_hal_tim.o [1]
HAL_TIM_IRQHandler       0x800'5591  0x194  Code  Gb  stm32l4xx_hal_tim.o [1]
HAL_TIM_PeriodElapsedCallback
                         0x800'39ef   0x28  Code  Gb  main.o [1]
HAL_UARTEx_WakeupCallback
                         0x800'2dcb    0x2  Code  Wk  stm32l4xx_hal_uart_ex.o [1]
HAL_UART_IRQHandler      0x800'2109  0x18c  Code  Gb  stm32l4xx_hal_uart.o [1]
HAL_UART_Init            0x800'1f25   0x7a  Code  Gb  stm32l4xx_hal_uart.o [1]
HAL_UART_MspInit         0x800'2a99   0x9e  Code  Gb  stm32l4xx_hal_msp.o [1]
HAL_UART_Receive_IT      0x800'2015   0xe2  Code  Gb  stm32l4xx_hal_uart.o [1]
HAL_UART_RxCpltCallback
                         0x800'39cf   0x20  Code  Gb  main.o [1]
HAL_UART_Transmit_IT     0x800'1f9f   0x76  Code  Gb  stm32l4xx_hal_uart.o [1]
HardFault_Handler        0x800'60d7    0x2  Code  Gb  stm32l4xx_it.o [1]
LPUART1_IRQHandler       0x800'60f9    0xa  Code  Gb  stm32l4xx_it.o [1]
LoadInt                  0x800'036f   0x7a  Code  Lc  xprintffull.o [2]
MSIRangeTable            0x800'6110   0x30  Data  Gb  system_stm32l4xx.o [1]
MX_DMA_Init              0x800'392f   0x28  Code  Lc  main.o [1]
MX_GPIO_Init             0x800'3957   0x2e  Code  Lc  main.o [1]
MX_LPUART1_UART_Init     0x800'3879   0x38  Code  Lc  main.o [1]
MX_NVIC_Init             0x800'3845   0x34  Code  Lc  main.o [1]
MX_TIM3_Init             0x800'38b1   0x7e  Code  Lc  main.o [1]
MemManage_Handler        0x800'60d9    0x2  Code  Gb  stm32l4xx_it.o [1]
NMI_Handler              0x800'60d5    0x2  Code  Gb  stm32l4xx_it.o [1]
NVIC_EncodePriority      0x800'3adb   0x40  Code  Lc  stm32l4xx_hal_cortex.o [1]
PendSV_Handler           0x800'5fc5         Code  Gb  portasm.o [1]
RCCEx_PLLSAI1_Config     0x800'51fd  0x184  Code  Lc  stm32l4xx_hal_rcc_ex.o [1]
RCCEx_PLLSAI2_Config     0x800'5381  0x14e  Code  Lc  stm32l4xx_hal_rcc_ex.o [1]
RCC_IRQHandler           0x800'60e3    0x2  Code  Gb  stm32l4xx_it.o [1]
RCC_SetFlashLatencyFromMSIRange
                         0x800'3685   0x8a  Code  Lc  stm32l4xx_hal_rcc.o [1]
Region$$Table$$Base      0x800'618c          --   Gb  - Linker created -
Region$$Table$$Limit     0x800'61ac          --   Gb  - Linker created -
RxData                  0x2000'1124    0x1  Data  Gb  main.o [1]
Rx_Data                 0x2000'1125    0x1  Data  Gb  main.o [1]
SVC_Handler              0x800'601d         Code  Gb  portasm.o [1]
SysTick_Config           0x800'3b1b   0x30  Code  Lc  stm32l4xx_hal_cortex.o [1]
SysTick_Handler          0x800'60e1    0x2  Code  Gb  stm32l4xx_it.o [1]
SystemClock_Config       0x800'37b9   0x8c  Code  Gb  main.o [1]
SystemCoreClock         0x2000'002c    0x4  Data  Gb  system_stm32l4xx.o [1]
SystemInit               0x800'6075   0x42  Code  Gb  system_stm32l4xx.o [1]
TIM3_IRQHandler          0x800'60e5    0xa  Code  Gb  stm32l4xx_it.o [1]
TIM_Base_SetConfig       0x800'5813   0xc6  Code  Gb  stm32l4xx_hal_tim.o [1]
TIM_ETR_SetConfig        0x800'5957   0x18  Code  Gb  stm32l4xx_hal_tim.o [1]
TIM_ITRx_SetConfig       0x800'5947   0x10  Code  Lc  stm32l4xx_hal_tim.o [1]
TIM_TI1_ConfigInputStage
                         0x800'58fd   0x24  Code  Lc  stm32l4xx_hal_tim.o [1]
TIM_TI2_ConfigInputStage
                         0x800'5921   0x26  Code  Lc  stm32l4xx_hal_tim.o [1]
Timer_Buffer            0x2000'0000   0x20  Data  Gb  main.o [1]
Timer_Counter           0x2000'10cc    0x4  Data  Gb  main.o [1]
UART_AdvFeatureConfig    0x800'26f5   0xda  Code  Gb  stm32l4xx_hal_uart.o [1]
UART_CheckIdleState      0x800'27cf   0x68  Code  Gb  stm32l4xx_hal_uart.o [1]
UART_DMAAbortOnError     0x800'28c5   0x1a  Code  Lc  stm32l4xx_hal_uart.o [1]
UART_EndRxTransfer       0x800'28a1   0x22  Code  Lc  stm32l4xx_hal_uart.o [1]
UART_EndTransmit_IT      0x800'296b   0x20  Code  Lc  stm32l4xx_hal_uart.o [1]
UART_RxISR_16BIT         0x800'29f5   0x6c  Code  Lc  stm32l4xx_hal_uart.o [1]
UART_RxISR_8BIT          0x800'298b   0x6a  Code  Lc  stm32l4xx_hal_uart.o [1]
UART_SetConfig           0x800'2295  0x430  Code  Gb  stm32l4xx_hal_uart.o [1]
UART_TxISR_16BIT         0x800'2923   0x48  Code  Lc  stm32l4xx_hal_uart.o [1]
UART_TxISR_8BIT          0x800'28e1   0x42  Code  Lc  stm32l4xx_hal_uart.o [1]
UART_WaitOnFlagUntilTimeout
                         0x800'2837   0x6a  Code  Gb  stm32l4xx_hal_uart.o [1]
UsageFault_Handler       0x800'60dd    0x2  Code  Gb  stm32l4xx_it.o [1]
_Encoding_8859_1_Mbrlen
                         0x800'12bd    0x2  Code  Gb  xencoding_8859_1.o [2]
_Encoding_8859_1_Wctomb
                         0x800'12ab   0x12  Code  Gb  xencoding_8859_1.o [2]
_GenldFull               0x800'0dcd  0x274  Code  Lc  xprintffull.o [2]
_LdtobFull               0x800'09c9  0x3d6  Code  Lc  xprintffull.o [2]
_LitobFull               0x800'0879  0x10a  Code  Lc  xprintffull.o [2]
_Locale_lconv           0x2000'0030   0x38  Data  Lc  xlocale_c.o [2]
_PrintfFull              0x800'01ad  0x1aa  Code  Gb  xprintffull.o [2]
_PutcharsFull            0x800'1041   0x2e  Code  Lc  xprintffull.o [2]
_PutfldFull              0x800'03e9  0x2d4  Code  Lc  xprintffull.o [2]
_PutstrFull              0x800'07b3   0xc6  Code  Lc  xprintffull.o [2]
_PuttxtFull              0x800'06bd   0xf6  Code  Lc  xprintffull.o [2]
_SNProut                 0x800'132b   0x1a  Code  Gb  xsnprout.o [2]
__NVIC_EnableIRQ         0x800'3a8f   0x20  Code  Lc  stm32l4xx_hal_cortex.o [1]
__NVIC_GetPriorityGrouping
                         0x800'3a83    0xc  Code  Lc  stm32l4xx_hal_cortex.o [1]
__NVIC_SetPriority       0x800'3aaf   0x2c  Code  Lc  stm32l4xx_hal_cortex.o [1]
__NVIC_SetPriorityGrouping
                         0x800'3a61   0x22  Code  Lc  stm32l4xx_hal_cortex.o [1]
__aeabi_cdcmple          0x800'1831         Code  Gb  DblCmpLe.o [3]
__aeabi_cdrcmple         0x800'1861         Code  Gb  DblCmpGe.o [3]
__aeabi_d2iz             0x800'19cd         Code  Gb  DblToS32.o [3]
__aeabi_d2uiz            0x800'1d59         Code  Gb  DblToU32.o [3]
__aeabi_ddiv             0x800'1b11         Code  Gb  DblDiv.o [3]
__aeabi_dmul             0x800'161d         Code  Gb  DblMul.o [3]
__aeabi_dsub             0x800'1a2d         Code  Gb  DblSub.o [3]
__aeabi_i2d              0x800'1a09         Code  Gb  S32ToDbl.o [3]
__aeabi_ldiv0            0x800'1da1         Code  Gb  I64DivZer.o [4]
__aeabi_memclr4          0x800'3bbd         Code  Gb  ABImemclr4.o [4]
__aeabi_memcpy           0x800'1345         Code  Gb  ABImemcpy.o [4]
__aeabi_memcpy4          0x800'1365         Code  Gb  ABImemcpy.o [4]
__aeabi_memcpy8          0x800'1365         Code  Gb  ABImemcpy.o [4]
__aeabi_ui2d             0x800'1d81         Code  Gb  U32ToDbl.o [3]
__aeabi_uldivmod         0x800'13ed         Code  Gb  I64DivMod.o [4]
__cmain                  0x800'61ad         Code  Gb  cmain.o [4]
__exit                   0x800'1f11   0x14  Code  Gb  exit.o [5]
__iar_Fail_s             0x800'1235   0x1c  Code  Gb  xfail_s.o [2]
__iar_Mbcurmax           0x800'1321    0xa  Code  Gb  xmbcurmax.o [2]
__iar_Memchr             0x800'12c9         Code  Gb  memchr.o [4]
__iar_Memset4_word       0x800'5a25         Code  Gb  ABImemset48.o [4]
__iar_Memset8_word       0x800'5a25         Code  Gb  ABImemset48.o [4]
__iar_Strchr             0x800'11e5         Code  Gb  strchr.o [4]
__iar_dadd               0x800'1a3d         Code  Gb  DblSub.o [3]
__iar_data_init3         0x800'6141   0x28  Code  Gb  data_init.o [4]
__iar_dsub               0x800'1da5         Code  Gb  DblAdd.o [3]
__iar_dsubStart          0x800'1db7         Code  Gb  DblAdd.o [3]
__iar_frexp              0x800'17cd         Code  Gb  frexp.o [3]
__iar_frexpl             0x800'17cd         Code  Gb  frexp.o [3]
__iar_globLocale        0x2000'0068   0x48  Data  Lc  xlocale_c.o [2]
__iar_global_Locale      0x800'116d    0x4  Code  Gb  xlocale_c.o [2]
__iar_init_vfp           0x800'6169         Code  Gb  fpinit_M.o [3]
__iar_ldexp64            0x800'1891         Code  Gb  ldexp.o [3]
__iar_lz77_init_single3
                         0x800'10f3   0x7a  Code  Gb  lz77_init_single.o [4]
__iar_program_start      0x800'6201         Code  Gb  cstartup_M.o [4]
__iar_scalbln64          0x800'1891         Code  Gb  ldexp.o [3]
__iar_scalbn64           0x800'1891         Code  Gb  ldexp.o [3]
__iar_softfp___iar_frexp64
                         0x800'17c1         Code  Gb  frexp.o [3]
__iar_softfp_frexp       0x800'17c1         Code  Gb  frexp.o [3]
__iar_softfp_frexpl      0x800'17c1         Code  Gb  frexp.o [3]
__iar_zero_init3         0x800'11fb   0x3a  Code  Gb  zero_init3.o [4]
__low_level_init         0x800'61cb    0x4  Code  Gb  low_level_init.o [2]
__vector_table           0x800'0000         Data  Gb  startup_stm32l4a6xx.o [1]
_call_main               0x800'61b9         Code  Gb  cmain.o [4]
_exit                    0x800'61d5         Code  Gb  cexit.o [4]
_gLocale_mblen           0x800'11d1    0x4  Code  Gb  xlocale_c.o [2]
_gLocale_mblenInt        0x800'1195   0x2c  Code  Gb  xlocale_c.o [2]
_gLocale_wctomb          0x800'11d5    0x4  Code  Gb  xlocale_c.o [2]
_gLocale_wctombInt       0x800'11cd    0x4  Code  Gb  xlocale_c.o [2]
_main                    0x800'61c7         Code  Gb  cmain.o [4]
abort                    0x800'1d9b    0x6  Code  Gb  abort.o [2]
exit                     0x800'61cf    0x4  Code  Gb  exit.o [2]
hdma_lpuart_rx          0x2000'0fc8   0x48  Data  Gb  main.o [1]
hlpuart1                0x2000'0ef4   0x80  Data  Gb  main.o [1]
htim3                   0x2000'1010   0x40  Data  Gb  main.o [1]
index                   0x2000'1126    0x1  Data  Gb  main.o [1]
ldexp                    0x800'1891         Code  Gb  ldexp.o [3]
ldexpl                   0x800'1891         Code  Gb  ldexp.o [3]
localeconv               0x800'11d9    0x4  Code  Gb  xlocale_c.o [2]
main                     0x800'375d   0x5c  Code  Gb  main.o [1]
memchr                   0x800'12c9         Code  Gb  memchr.o [4]
pcInterruptPriorityRegisters
                         0x800'6230    0x4  Data  Lc  port.o [1]
prvAddCurrentTaskToDelayedList
                         0x800'4cfd   0x82  Code  Lc  tasks.o [1]
prvAddNewTaskToReadyList
                         0x800'45b1   0x9a  Code  Lc  tasks.o [1]
prvCheckTasksWaitingTermination
                         0x800'4b3d   0x3e  Code  Lc  tasks.o [1]
prvCopyDataFromQueue     0x800'4315   0x36  Code  Lc  queue.o [1]
prvCopyDataToQueue       0x800'4279   0x9c  Code  Lc  queue.o [1]
prvDeleteTCB             0x800'4b81   0x44  Code  Lc  tasks.o [1]
prvHeapInit              0x800'5ebd   0x62  Code  Lc  heap_4.o [1]
prvIdleTask              0x800'4ac1   0x24  Code  Lc  tasks.o [1]
prvInitialiseNewQueue    0x800'3ff9   0x32  Code  Lc  queue.o [1]
prvInitialiseNewTask     0x800'44eb   0xc6  Code  Lc  tasks.o [1]
prvInitialiseTaskLists   0x800'4ae5   0x52  Code  Lc  tasks.o [1]
prvInsertBlockIntoFreeList
                         0x800'5f1f   0x5e  Code  Lc  heap_4.o [1]
prvIsQueueEmpty          0x800'43b9   0x1c  Code  Lc  queue.o [1]
prvResetNextTaskUnblockTime
                         0x800'4bc5   0x2a  Code  Lc  tasks.o [1]
prvTaskExitError         0x800'5a81   0x2a  Code  Lc  port.o [1]
prvUnlockQueue           0x800'434b   0x6e  Code  Lc  queue.o [1]
pvPortMalloc             0x800'5d29  0x120  Code  Gb  heap_4.o [1]
pxCurrentTCB            0x2000'10e4    0x4  Data  Gb  tasks.o [1]
pxDelayedTaskList       0x2000'10e8    0x4  Data  Lc  tasks.o [1]
pxEnd                   0x2000'10bc    0x4  Data  Lc  heap_4.o [1]
pxOverflowDelayedTaskList
                        0x2000'10ec    0x4  Data  Lc  tasks.o [1]
pxPortInitialiseStack    0x800'5a59   0x28  Code  Gb  port.o [1]
pxReadyTasksLists       0x2000'0e68   0x8c  Data  Lc  tasks.o [1]
scalbln                  0x800'1891         Code  Gb  ldexp.o [3]
scalblnl                 0x800'1891         Code  Gb  ldexp.o [3]
scalbn                   0x800'1891         Code  Gb  ldexp.o [3]
scalbnl                  0x800'1891         Code  Gb  ldexp.o [3]
scale                    0x800'0983   0x46  Code  Lc  xprintffull.o [2]
sec_hand                0x2000'1120    0x4  Data  Lc  xfail_s.o [2]
snprintf                 0x800'59e1   0x44  Code  Gb  snprintf.o [2]
strchr                   0x800'11e5         Code  Gb  strchr.o [4]
strlen                   0x800'1275         Code  Gb  strlen.o [4]
ucHeap                  0x2000'00b0  0xbb8  Data  Lc  heap_4.o [1]
ucMaxSysCallPriority    0x2000'1127    0x1  Data  Lc  port.o [1]
ulMaxPRIGROUPValue      0x2000'10dc    0x4  Data  Lc  port.o [1]
uwPrescalerValue        0x2000'10d0    0x4  Data  Gb  main.o [1]
uwTick                  0x2000'10e0    0x4  Data  Gb  stm32l4xx_hal.o [1]
uwTickFreq              0x2000'0028    0x4  Data  Gb  stm32l4xx_hal.o [1]
uwTickPrio              0x2000'0024    0x4  Data  Gb  stm32l4xx_hal.o [1]
uxCriticalNesting       0x2000'0020    0x4  Data  Lc  port.o [1]
uxCurrentNumberOfTasks  0x2000'10f4    0x4  Data  Lc  tasks.o [1]
uxDeletedTasksWaitingCleanUp
                        0x2000'10f0    0x4  Data  Lc  tasks.o [1]
uxListRemove             0x800'5cff   0x28  Code  Gb  list.o [1]
uxPendedTicks           0x2000'1104    0x4  Data  Lc  tasks.o [1]
uxSchedulerSuspended    0x2000'111c    0x4  Data  Lc  tasks.o [1]
uxTaskNumber            0x2000'1110    0x4  Data  Lc  tasks.o [1]
uxTopReadyPriority      0x2000'10fc    0x4  Data  Lc  tasks.o [1]
vApplicationGetIdleTaskMemory
                         0x800'5f9d   0x18  Code  Gb  freertos.o [1]
vListInitialise          0x800'5c8d   0x1e  Code  Gb  list.o [1]
vListInitialiseItem      0x800'5cab    0x6  Code  Gb  list.o [1]
vListInsert              0x800'5cc9   0x36  Code  Gb  list.o [1]
vListInsertEnd           0x800'5cb1   0x18  Code  Gb  list.o [1]
vPortEnableVFP           0x800'6059         Code  Gb  portasm.o [1]
vPortEnterCritical       0x800'5b79   0x34  Code  Gb  port.o [1]
vPortExitCritical        0x800'5bad   0x2c  Code  Gb  port.o [1]
vPortFree                0x800'5e49   0x74  Code  Gb  heap_4.o [1]
vPortStartFirstTask      0x800'6039         Code  Gb  portasm.o [1]
vPortValidateInterruptPriority
                         0x800'5bd9   0x4e  Code  Gb  port.o [1]
vTask1                   0x800'3985   0x4a  Code  Lc  main.o [1]
vTaskInternalSetTimeOutState
                         0x800'49f9   0x12  Code  Gb  tasks.o [1]
vTaskMissedYield         0x800'4ab5    0xa  Code  Gb  tasks.o [1]
vTaskPlaceOnEventList    0x800'4949   0x34  Code  Gb  tasks.o [1]
vTaskStartScheduler      0x800'464b   0x90  Code  Gb  tasks.o [1]
vTaskSuspendAll          0x800'46db    0xc  Code  Gb  tasks.o [1]
vTaskSwitchContext       0x800'48db   0x6e  Code  Gb  tasks.o [1]
xBlockAllocatedBit      0x2000'10c8    0x4  Data  Lc  heap_4.o [1]
xDelayedTaskList1       0x2000'1050   0x14  Data  Lc  tasks.o [1]
xDelayedTaskList2       0x2000'1064   0x14  Data  Lc  tasks.o [1]
xFreeBytesRemaining     0x2000'10c0    0x4  Data  Lc  heap_4.o [1]
xHandle                 0x2000'10d4    0x4  Data  Gb  main.o [1]
xHeapStructSize          0x800'622c    0x4  Data  Lc  heap_4.o [1]
xIdleStack              0x2000'0c68  0x200  Data  Lc  freertos.o [1]
xIdleTaskHandle         0x2000'1118    0x4  Data  Lc  tasks.o [1]
xIdleTaskTCBBuffer      0x2000'0f74   0x54  Data  Lc  freertos.o [1]
xMinimumEverFreeBytesRemaining
                        0x2000'10c4    0x4  Data  Lc  heap_4.o [1]
xNextTaskUnblockTime    0x2000'1114    0x4  Data  Lc  tasks.o [1]
xNumOfOverflows         0x2000'110c    0x4  Data  Lc  tasks.o [1]
xPendingReadyList       0x2000'1078   0x14  Data  Lc  tasks.o [1]
xPortStartScheduler      0x800'5aab   0xce  Code  Gb  port.o [1]
xQueue                  0x2000'10d8    0x4  Data  Gb  main.o [1]
xQueueGenericCreate      0x800'3f9d   0x5c  Code  Gb  queue.o [1]
xQueueGenericReset       0x800'3f09   0x94  Code  Gb  queue.o [1]
xQueueGenericSendFromISR
                         0x800'402b   0xe0  Code  Gb  queue.o [1]
xQueueReceive            0x800'410b  0x16a  Code  Gb  queue.o [1]
xSchedulerRunning       0x2000'1100    0x4  Data  Lc  tasks.o [1]
xStart                  0x2000'10b4    0x8  Data  Lc  heap_4.o [1]
xSuspendedTaskList      0x2000'10a0   0x14  Data  Lc  tasks.o [1]
xTaskCheckForTimeOut     0x800'4a21   0x8e  Code  Gb  tasks.o [1]
xTaskCreate              0x800'4471   0x7a  Code  Gb  tasks.o [1]
xTaskCreateStatic        0x800'43d5   0x9c  Code  Gb  tasks.o [1]
xTaskGetSchedulerState   0x800'4bef   0x20  Code  Gb  tasks.o [1]
xTaskIncrementTick       0x800'47cf  0x10c  Code  Gb  tasks.o [1]
xTaskPriorityDisinherit
                         0x800'4c15   0xb2  Code  Gb  tasks.o [1]
xTaskRemoveFromEventList
                         0x800'497d   0x7c  Code  Gb  tasks.o [1]
xTaskResumeAll           0x800'46e7   0xe8  Code  Gb  tasks.o [1]
xTasksWaitingTermination
                        0x2000'108c   0x14  Data  Lc  tasks.o [1]
xTickCount              0x2000'10f8    0x4  Data  Lc  tasks.o [1]
xYieldPending           0x2000'1108    0x4  Data  Lc  tasks.o [1]


[1] = F:\Work Done\LoopBack V0.7\EWARM\UARTOnly\Obj
[2] = dl7M_tlf.a
[3] = m7M_tls.a
[4] = rt7M_tl.a
[5] = shb_l.a

  25 348 bytes of readonly  code memory
     224 bytes of readonly  data memory
   5 416 bytes of readwrite data memory

Errors: none
Warnings: none
