###############################################################################
#
# IAR ELF Linker V8.32.1.169/W32 for ARM                  12/Nov/2019  15:10:34
# Copyright 2007-2018 IAR Systems AB.
#
#    Output file  =  
#        C:\Users\hamza.omrani\Desktop\LoopBack V0.3 -
#        2_octets\EWARM\SimpleLoopBack\Exe\SimpleLoopBack.out
#    Map file     =  
#        C:\Users\hamza.omrani\Desktop\LoopBack V0.3 -
#        2_octets\EWARM\SimpleLoopBack\List\SimpleLoopBack.map
#    Command line =  
#        -f C:\Users\HAMZA~1.OMR\AppData\Local\Temp\EW7E1.tmp
#        ("C:\Users\hamza.omrani\Desktop\LoopBack V0.3 -
#        2_octets\EWARM\SimpleLoopBack\Obj\cmsis_os.o"
#        "C:\Users\hamza.omrani\Desktop\LoopBack V0.3 -
#        2_octets\EWARM\SimpleLoopBack\Obj\croutine.o"
#        "C:\Users\hamza.omrani\Desktop\LoopBack V0.3 -
#        2_octets\EWARM\SimpleLoopBack\Obj\event_groups.o"
#        "C:\Users\hamza.omrani\Desktop\LoopBack V0.3 -
#        2_octets\EWARM\SimpleLoopBack\Obj\freertos.o"
#        "C:\Users\hamza.omrani\Desktop\LoopBack V0.3 -
#        2_octets\EWARM\SimpleLoopBack\Obj\heap_4.o"
#        "C:\Users\hamza.omrani\Desktop\LoopBack V0.3 -
#        2_octets\EWARM\SimpleLoopBack\Obj\list.o"
#        "C:\Users\hamza.omrani\Desktop\LoopBack V0.3 -
#        2_octets\EWARM\SimpleLoopBack\Obj\main.o"
#        "C:\Users\hamza.omrani\Desktop\LoopBack V0.3 -
#        2_octets\EWARM\SimpleLoopBack\Obj\port.o"
#        "C:\Users\hamza.omrani\Desktop\LoopBack V0.3 -
#        2_octets\EWARM\SimpleLoopBack\Obj\portasm.o"
#        "C:\Users\hamza.omrani\Desktop\LoopBack V0.3 -
#        2_octets\EWARM\SimpleLoopBack\Obj\queue.o"
#        "C:\Users\hamza.omrani\Desktop\LoopBack V0.3 -
#        2_octets\EWARM\SimpleLoopBack\Obj\startup_stm32l4a6xx.o"
#        "C:\Users\hamza.omrani\Desktop\LoopBack V0.3 -
#        2_octets\EWARM\SimpleLoopBack\Obj\stm32l4xx_hal.o"
#        "C:\Users\hamza.omrani\Desktop\LoopBack V0.3 -
#        2_octets\EWARM\SimpleLoopBack\Obj\stm32l4xx_hal_cortex.o"
#        "C:\Users\hamza.omrani\Desktop\LoopBack V0.3 -
#        2_octets\EWARM\SimpleLoopBack\Obj\stm32l4xx_hal_dma.o"
#        "C:\Users\hamza.omrani\Desktop\LoopBack V0.3 -
#        2_octets\EWARM\SimpleLoopBack\Obj\stm32l4xx_hal_dma_ex.o"
#        "C:\Users\hamza.omrani\Desktop\LoopBack V0.3 -
#        2_octets\EWARM\SimpleLoopBack\Obj\stm32l4xx_hal_exti.o"
#        "C:\Users\hamza.omrani\Desktop\LoopBack V0.3 -
#        2_octets\EWARM\SimpleLoopBack\Obj\stm32l4xx_hal_flash.o"
#        "C:\Users\hamza.omrani\Desktop\LoopBack V0.3 -
#        2_octets\EWARM\SimpleLoopBack\Obj\stm32l4xx_hal_flash_ex.o"
#        "C:\Users\hamza.omrani\Desktop\LoopBack V0.3 -
#        2_octets\EWARM\SimpleLoopBack\Obj\stm32l4xx_hal_flash_ramfunc.o"
#        "C:\Users\hamza.omrani\Desktop\LoopBack V0.3 -
#        2_octets\EWARM\SimpleLoopBack\Obj\stm32l4xx_hal_gpio.o"
#        "C:\Users\hamza.omrani\Desktop\LoopBack V0.3 -
#        2_octets\EWARM\SimpleLoopBack\Obj\stm32l4xx_hal_i2c.o"
#        "C:\Users\hamza.omrani\Desktop\LoopBack V0.3 -
#        2_octets\EWARM\SimpleLoopBack\Obj\stm32l4xx_hal_i2c_ex.o"
#        "C:\Users\hamza.omrani\Desktop\LoopBack V0.3 -
#        2_octets\EWARM\SimpleLoopBack\Obj\stm32l4xx_hal_msp.o"
#        "C:\Users\hamza.omrani\Desktop\LoopBack V0.3 -
#        2_octets\EWARM\SimpleLoopBack\Obj\stm32l4xx_hal_pwr.o"
#        "C:\Users\hamza.omrani\Desktop\LoopBack V0.3 -
#        2_octets\EWARM\SimpleLoopBack\Obj\stm32l4xx_hal_pwr_ex.o"
#        "C:\Users\hamza.omrani\Desktop\LoopBack V0.3 -
#        2_octets\EWARM\SimpleLoopBack\Obj\stm32l4xx_hal_rcc.o"
#        "C:\Users\hamza.omrani\Desktop\LoopBack V0.3 -
#        2_octets\EWARM\SimpleLoopBack\Obj\stm32l4xx_hal_rcc_ex.o"
#        "C:\Users\hamza.omrani\Desktop\LoopBack V0.3 -
#        2_octets\EWARM\SimpleLoopBack\Obj\stm32l4xx_hal_tim.o"
#        "C:\Users\hamza.omrani\Desktop\LoopBack V0.3 -
#        2_octets\EWARM\SimpleLoopBack\Obj\stm32l4xx_hal_tim_ex.o"
#        "C:\Users\hamza.omrani\Desktop\LoopBack V0.3 -
#        2_octets\EWARM\SimpleLoopBack\Obj\stm32l4xx_hal_timebase_tim.o"
#        "C:\Users\hamza.omrani\Desktop\LoopBack V0.3 -
#        2_octets\EWARM\SimpleLoopBack\Obj\stm32l4xx_hal_uart.o"
#        "C:\Users\hamza.omrani\Desktop\LoopBack V0.3 -
#        2_octets\EWARM\SimpleLoopBack\Obj\stm32l4xx_hal_uart_ex.o"
#        "C:\Users\hamza.omrani\Desktop\LoopBack V0.3 -
#        2_octets\EWARM\SimpleLoopBack\Obj\stm32l4xx_it.o"
#        "C:\Users\hamza.omrani\Desktop\LoopBack V0.3 -
#        2_octets\EWARM\SimpleLoopBack\Obj\stream_buffer.o"
#        "C:\Users\hamza.omrani\Desktop\LoopBack V0.3 -
#        2_octets\EWARM\SimpleLoopBack\Obj\system_stm32l4xx.o"
#        "C:\Users\hamza.omrani\Desktop\LoopBack V0.3 -
#        2_octets\EWARM\SimpleLoopBack\Obj\tasks.o"
#        "C:\Users\hamza.omrani\Desktop\LoopBack V0.3 -
#        2_octets\EWARM\SimpleLoopBack\Obj\timers.o" --redirect
#        _Printf=_PrintfFull --redirect _Scanf=_ScanfFull --no_out_extension -o
#        "C:\Users\hamza.omrani\Desktop\LoopBack V0.3 -
#        2_octets\EWARM\SimpleLoopBack\Exe\SimpleLoopBack.out" --map
#        "C:\Users\hamza.omrani\Desktop\LoopBack V0.3 -
#        2_octets\EWARM\SimpleLoopBack\List\SimpleLoopBack.map" --config
#        "C:\Users\hamza.omrani\Desktop\LoopBack V0.3 -
#        2_octets\EWARM/stm32l4a6xx_flash.icf" --semihosting --entry
#        __iar_program_start --vfe --text_out locale)
#
###############################################################################

*******************************************************************************
*** RUNTIME MODEL ATTRIBUTES
***

CppFlavor       = *
__SystemLibrary = DLib
__dlib_version  = 6


*******************************************************************************
*** HEAP SELECTION
***

The basic heap was selected because no calls to memory allocation
functions were found in the application outside of system library
functions, and there are calls to deallocation functions in the
application.


*******************************************************************************
*** PLACEMENT SUMMARY
***

"A0":  place at 0x800'0000 { ro section .intvec };
"P1":  place in [from 0x800'0000 to 0x80f'ffff] { ro };
define block CSTACK with size = 1K, alignment = 8 { };
define block HEAP with size = 512, alignment = 8 { };
"P2":  place in [from 0x2000'0000 to 0x2004'ffff] {
          rw, block CSTACK, block HEAP };
initialize by copy { rw };

  Section            Kind         Address    Size  Object
  -------            ----         -------    ----  ------
"A0":                                       0x1ac
  .intvec            ro code   0x800'0000   0x1ac  startup_stm32l4a6xx.o [1]
                             - 0x800'01ac   0x1ac

"P1":                                      0x5c5c
  .text              ro code   0x800'01ac   0xf46  xprintffull.o [2]
  .text              ro code   0x800'10f2    0x7a  lz77_init_single.o [4]
  .text              ro code   0x800'116c    0x78  xlocale_c.o [2]
  .text              ro code   0x800'11e4    0x16  strchr.o [4]
  .text              ro code   0x800'11fa    0x3a  zero_init3.o [4]
  .text              ro code   0x800'1234    0x40  xfail_s.o [2]
  .text              ro code   0x800'1274    0x36  strlen.o [4]
  .text              ro code   0x800'12aa    0x1e  xencoding_8859_1.o [2]
  .text              ro code   0x800'12c8    0x58  memchr.o [4]
  .text              ro code   0x800'1320     0xa  xmbcurmax.o [2]
  .text              ro code   0x800'132a    0x1a  xsnprout.o [2]
  .text              ro code   0x800'1344    0x18  ABImemcpy_small.o [4]
  .text              ro code   0x800'135c   0x106  I64DivMod_small.o [4]
  .text              ro code   0x800'1464   0x1a2  DblMul.o [3]
  .text              ro code   0x800'1608    0x70  frexp.o [3]
  .text              ro code   0x800'1678    0x2e  DblCmpLe.o [3]
  .text              ro code   0x800'16a8    0x2e  DblCmpGe.o [3]
  .text              ro code   0x800'16d8   0x13a  ldexp.o [3]
  .text              ro code   0x800'1814    0x3a  DblToS32.o [3]
  .text              ro code   0x800'1850    0x22  S32ToDbl.o [3]
  .text              ro code   0x800'1874    0xe2  DblSub.o [3]
  .text              ro code   0x800'1958   0x246  DblDiv.o [3]
  .text              ro code   0x800'1ba0    0x28  DblToU32.o [3]
  .text              ro code   0x800'1bc8    0x1a  U32ToDbl.o [3]
  .text              ro code   0x800'1be2     0x6  abort.o [2]
  .text              ro code   0x800'1be8     0x2  I64DivZer.o [4]
  .text              ro code   0x800'1bec   0x16a  DblAdd.o [3]
  .text              ro code   0x800'1d58    0x14  exit.o [5]
  .text              ro code   0x800'1d6c   0x838  stm32l4xx_hal_uart.o [1]
  .text              ro code   0x800'25a4   0x170  stm32l4xx_hal_msp.o [1]
  .text              ro code   0x800'2714   0x266  stm32l4xx_hal_dma.o [1]
  .text              ro code   0x800'297a     0x2  stm32l4xx_hal_uart.o [1]
  .text              ro code   0x800'297c     0x2  stm32l4xx_hal_uart_ex.o [1]
  .text              ro code   0x800'297e     0x2  stm32l4xx_hal_uart.o [1]
  .text              ro code   0x800'2980   0x774  stm32l4xx_hal_rcc.o [1]
  .text              ro code   0x800'30f4     0xc  stm32l4xx_hal.o [1]
  .text              ro code   0x800'3100   0x328  main.o [1]
  .text              ro code   0x800'3428    0x98  stm32l4xx_hal_cortex.o [1]
  .text              ro code   0x800'34c0     0x6  ABImemclr4.o [4]
  .text              ro code   0x800'34c8    0x98  stm32l4xx_hal_pwr_ex.o [1]
  .text              ro code   0x800'3560   0x1e4  stm32l4xx_hal_gpio.o [1]
  .text              ro code   0x800'3744    0x78  stm32l4xx_hal_timebase_tim.o [1]
  .text              ro code   0x800'37bc    0x1e  stm32l4xx_hal.o [1]
  .text              ro code   0x800'37dc   0x3ec  stm32l4xx_hal_tim.o [1]
  .text              ro code   0x800'3bc8    0x5c  stm32l4xx_hal_tim_ex.o [1]
  .text              ro code   0x800'3c24   0x17c  cmsis_os.o [1]
  .text              ro code   0x800'3da0   0x5e0  queue.o [1]
  .text              ro code   0x800'4380   0x550  stm32l4xx_hal_rcc_ex.o [1]
  .text              ro code   0x800'48d0    0x10  stm32l4xx_hal.o [1]
  .text              ro code   0x800'48e0    0x44  snprintf.o [2]
  .text              ro code   0x800'4924    0x32  ABImemset48.o [4]
  .text              ro code   0x800'4956     0x2  stm32l4xx_hal_tim.o [1]
  .text              ro code   0x800'4958     0x2  stm32l4xx_hal_tim.o [1]
  .text              ro code   0x800'495a     0x2  stm32l4xx_hal_tim_ex.o [1]
  .text              ro code   0x800'495c     0x2  stm32l4xx_hal_tim_ex.o [1]
  .text              ro code   0x800'495e     0x2  stm32l4xx_hal_tim.o [1]
  .text              ro code   0x800'4960     0x2  stm32l4xx_hal_tim_ex.o [1]
  .text              ro code   0x800'4962     0x2  stm32l4xx_hal_tim.o [1]
  .text              ro code   0x800'4964   0x790  tasks.o [1]
  .text              ro code   0x800'50f4   0x3e0  timers.o [1]
  .text              ro code   0x800'54d4   0x1f4  port.o [1]
  .text              ro code   0x800'56c8    0x92  list.o [1]
  .text              ro code   0x800'575c   0x1b0  heap_4.o [1]
  .text              ro code   0x800'590c    0x2c  freertos.o [1]
  CODE               ro code   0x800'5938    0xb0  portasm.o [1]
  .rodata            const     0x800'59e8    0xd0  main.o [1]
  .text              ro code   0x800'5ab8    0x5c  system_stm32l4xx.o [1]
  .text              ro code   0x800'5b14    0x40  stm32l4xx_it.o [1]
  .rodata            const     0x800'5b54    0x30  system_stm32l4xx.o [1]
  .text              ro code   0x800'5b84    0x28  data_init.o [4]
  .text              ro code   0x800'5bac    0x22  fpinit_M.o [3]
  .iar.init_table    const     0x800'5bd0    0x20  - Linker created -
  .text              ro code   0x800'5bf0    0x1e  cmain.o [4]
  .text              ro code   0x800'5c0e     0x4  low_level_init.o [2]
  .text              ro code   0x800'5c12     0x4  exit.o [2]
  .text              ro code   0x800'5c18     0xa  cexit.o [4]
  .text              ro code   0x800'5c24    0x10  startup_stm32l4a6xx.o [1]
  .rodata            const     0x800'5c34     0xc  main.o [1]
  .text              ro code   0x800'5c40     0xc  cstartup_M.o [4]
  .rodata            const     0x800'5c4c     0x8  system_stm32l4xx.o [1]
  .rodata            const     0x800'5c54     0x6  xlocale_c.o [2]
  .text              ro code   0x800'5c5a     0x4  startup_stm32l4a6xx.o [1]
  .text              ro code   0x800'5c5e     0x4  startup_stm32l4a6xx.o [1]
  .text              ro code   0x800'5c62     0x4  startup_stm32l4a6xx.o [1]
  .text              ro code   0x800'5c66     0x4  startup_stm32l4a6xx.o [1]
  .text              ro code   0x800'5c6a     0x4  startup_stm32l4a6xx.o [1]
  .text              ro code   0x800'5c6e     0x4  startup_stm32l4a6xx.o [1]
  .text              ro code   0x800'5c72     0x4  startup_stm32l4a6xx.o [1]
  .text              ro code   0x800'5c76     0x4  startup_stm32l4a6xx.o [1]
  .text              ro code   0x800'5c7a     0x4  startup_stm32l4a6xx.o [1]
  .text              ro code   0x800'5c7e     0x4  startup_stm32l4a6xx.o [1]
  .text              ro code   0x800'5c82     0x4  startup_stm32l4a6xx.o [1]
  .text              ro code   0x800'5c86     0x4  startup_stm32l4a6xx.o [1]
  .text              ro code   0x800'5c8a     0x4  startup_stm32l4a6xx.o [1]
  .text              ro code   0x800'5c8e     0x4  startup_stm32l4a6xx.o [1]
  .text              ro code   0x800'5c92     0x4  startup_stm32l4a6xx.o [1]
  .text              ro code   0x800'5c96     0x4  startup_stm32l4a6xx.o [1]
  .text              ro code   0x800'5c9a     0x4  startup_stm32l4a6xx.o [1]
  .text              ro code   0x800'5c9e     0x4  startup_stm32l4a6xx.o [1]
  .text              ro code   0x800'5ca2     0x4  startup_stm32l4a6xx.o [1]
  .text              ro code   0x800'5ca6     0x4  startup_stm32l4a6xx.o [1]
  .text              ro code   0x800'5caa     0x4  startup_stm32l4a6xx.o [1]
  .text              ro code   0x800'5cae     0x4  startup_stm32l4a6xx.o [1]
  .text              ro code   0x800'5cb2     0x4  startup_stm32l4a6xx.o [1]
  .text              ro code   0x800'5cb6     0x4  startup_stm32l4a6xx.o [1]
  .text              ro code   0x800'5cba     0x4  startup_stm32l4a6xx.o [1]
  .text              ro code   0x800'5cbe     0x4  startup_stm32l4a6xx.o [1]
  .text              ro code   0x800'5cc2     0x4  startup_stm32l4a6xx.o [1]
  .text              ro code   0x800'5cc6     0x4  startup_stm32l4a6xx.o [1]
  .text              ro code   0x800'5cca     0x4  startup_stm32l4a6xx.o [1]
  .text              ro code   0x800'5cce     0x4  startup_stm32l4a6xx.o [1]
  .text              ro code   0x800'5cd2     0x4  startup_stm32l4a6xx.o [1]
  .text              ro code   0x800'5cd6     0x4  startup_stm32l4a6xx.o [1]
  .text              ro code   0x800'5cda     0x4  startup_stm32l4a6xx.o [1]
  .text              ro code   0x800'5cde     0x4  startup_stm32l4a6xx.o [1]
  .text              ro code   0x800'5ce2     0x4  startup_stm32l4a6xx.o [1]
  .text              ro code   0x800'5ce6     0x4  startup_stm32l4a6xx.o [1]
  .text              ro code   0x800'5cea     0x4  startup_stm32l4a6xx.o [1]
  .text              ro code   0x800'5cee     0x4  startup_stm32l4a6xx.o [1]
  .text              ro code   0x800'5cf2     0x4  startup_stm32l4a6xx.o [1]
  .text              ro code   0x800'5cf6     0x4  startup_stm32l4a6xx.o [1]
  .text              ro code   0x800'5cfa     0x4  startup_stm32l4a6xx.o [1]
  .text              ro code   0x800'5cfe     0x4  startup_stm32l4a6xx.o [1]
  .text              ro code   0x800'5d02     0x4  startup_stm32l4a6xx.o [1]
  .text              ro code   0x800'5d06     0x4  startup_stm32l4a6xx.o [1]
  .text              ro code   0x800'5d0a     0x4  startup_stm32l4a6xx.o [1]
  .text              ro code   0x800'5d0e     0x4  startup_stm32l4a6xx.o [1]
  .text              ro code   0x800'5d12     0x4  startup_stm32l4a6xx.o [1]
  .text              ro code   0x800'5d16     0x4  startup_stm32l4a6xx.o [1]
  .text              ro code   0x800'5d1a     0x4  startup_stm32l4a6xx.o [1]
  .text              ro code   0x800'5d1e     0x4  startup_stm32l4a6xx.o [1]
  .text              ro code   0x800'5d22     0x4  startup_stm32l4a6xx.o [1]
  .text              ro code   0x800'5d26     0x4  startup_stm32l4a6xx.o [1]
  .text              ro code   0x800'5d2a     0x4  startup_stm32l4a6xx.o [1]
  .text              ro code   0x800'5d2e     0x4  startup_stm32l4a6xx.o [1]
  .text              ro code   0x800'5d32     0x4  startup_stm32l4a6xx.o [1]
  .text              ro code   0x800'5d36     0x4  startup_stm32l4a6xx.o [1]
  .text              ro code   0x800'5d3a     0x4  startup_stm32l4a6xx.o [1]
  .text              ro code   0x800'5d3e     0x4  startup_stm32l4a6xx.o [1]
  .text              ro code   0x800'5d42     0x4  startup_stm32l4a6xx.o [1]
  .text              ro code   0x800'5d46     0x4  startup_stm32l4a6xx.o [1]
  .text              ro code   0x800'5d4a     0x4  startup_stm32l4a6xx.o [1]
  .text              ro code   0x800'5d4e     0x4  startup_stm32l4a6xx.o [1]
  .text              ro code   0x800'5d52     0x4  startup_stm32l4a6xx.o [1]
  .text              ro code   0x800'5d56     0x4  startup_stm32l4a6xx.o [1]
  .text              ro code   0x800'5d5a     0x4  startup_stm32l4a6xx.o [1]
  .text              ro code   0x800'5d5e     0x4  startup_stm32l4a6xx.o [1]
  .text              ro code   0x800'5d62     0x4  startup_stm32l4a6xx.o [1]
  .text              ro code   0x800'5d66     0x4  startup_stm32l4a6xx.o [1]
  .text              ro code   0x800'5d6a     0x4  startup_stm32l4a6xx.o [1]
  .text              ro code   0x800'5d6e     0x4  startup_stm32l4a6xx.o [1]
  .text              ro code   0x800'5d72     0x4  startup_stm32l4a6xx.o [1]
  .text              ro code   0x800'5d76     0x4  startup_stm32l4a6xx.o [1]
  .text              ro code   0x800'5d7a     0x4  startup_stm32l4a6xx.o [1]
  .text              ro code   0x800'5d7e     0x4  startup_stm32l4a6xx.o [1]
  .text              ro code   0x800'5d82     0x4  startup_stm32l4a6xx.o [1]
  .text              ro code   0x800'5d86     0x4  startup_stm32l4a6xx.o [1]
  .text              ro code   0x800'5d8a     0x4  startup_stm32l4a6xx.o [1]
  .text              ro code   0x800'5d8e     0x4  startup_stm32l4a6xx.o [1]
  .text              ro code   0x800'5d92     0x4  startup_stm32l4a6xx.o [1]
  .text              ro code   0x800'5d96     0x4  startup_stm32l4a6xx.o [1]
  .text              ro code   0x800'5d9a     0x4  startup_stm32l4a6xx.o [1]
  .text              ro code   0x800'5d9e     0x4  startup_stm32l4a6xx.o [1]
  .text              ro code   0x800'5da2     0x4  startup_stm32l4a6xx.o [1]
  .text              ro code   0x800'5da6     0x4  startup_stm32l4a6xx.o [1]
  .text              ro code   0x800'5daa     0x4  startup_stm32l4a6xx.o [1]
  .text              ro code   0x800'5dae     0x4  startup_stm32l4a6xx.o [1]
  .rodata            const     0x800'5db2     0x0  zero_init3.o [4]
  .rodata            const     0x800'5db2     0x0  lz77_init_single.o [4]
  Initializer bytes  const     0x800'5db2    0x56  <for P2-1>
                             - 0x800'5e08  0x5c5c

"P2", part 1 of 3:                          0x118
  P2-1                        0x2000'0000   0x118  <Init block>
    .data            inited   0x2000'0000    0x7c  main.o [1]
    .data            inited   0x2000'007c     0xc  port.o [1]
    .data            inited   0x2000'0088     0xc  stm32l4xx_hal.o [1]
    .data            inited   0x2000'0094     0x4  system_stm32l4xx.o [1]
    .data            inited   0x2000'0098    0x38  xlocale_c.o [2]
    .data            inited   0x2000'00d0    0x48  xlocale_c.o [2]
                            - 0x2000'0118   0x118

"P2", part 2 of 3:                         0x16b0
  .bss               zero     0x2000'0118   0xbd0  heap_4.o [1]
  .bss               zero     0x2000'0ce8   0x454  freertos.o [1]
  .bss               zero     0x2000'113c   0x254  freertos.o [1]
  .bss               zero     0x2000'1390   0x124  timers.o [1]
  .bss               zero     0x2000'14b4    0x9c  tasks.o [1]
  .bss               zero     0x2000'1550    0x8c  tasks.o [1]
  .bss               zero     0x2000'15dc    0x80  main.o [1]
  .bss               zero     0x2000'165c    0x58  main.o [1]
  .bss               zero     0x2000'16b4    0x48  main.o [1]
  .bss               zero     0x2000'16fc    0x48  main.o [1]
  .bss               zero     0x2000'1744    0x40  queue.o [1]
  .bss               zero     0x2000'1784    0x40  stm32l4xx_hal_timebase_tim.o [1]
  .bss               zero     0x2000'17c4     0x4  xfail_s.o [2]
                            - 0x2000'17c8  0x16b0

"P2", part 3 of 3:                          0x400
  CSTACK                      0x2000'17c8   0x400  <Block>
    CSTACK           uninit   0x2000'17c8   0x400  <Block tail>
                            - 0x2000'1bc8   0x400

Unused ranges:

         From           To      Size
         ----           --      ----
   0x800'5e08   0x80f'ffff  0xf'a1f8
  0x2000'1bc8  0x2004'ffff  0x4'e438


*******************************************************************************
*** INIT TABLE
***

          Address      Size
          -------      ----
Zero (__iar_zero_init3)
    1 destination range, total size 0x16b0:
          0x2000'0118  0x16b0

Copy/lz77 (__iar_lz77_init_single3)
    1 source range, total size 0x56 (30% of destination):
           0x800'5db2    0x56
    1 destination range, total size 0x118:
          0x2000'0000   0x118



*******************************************************************************
*** MODULE SUMMARY
***

    Module                        ro code  ro data  rw data
    ------                        -------  -------  -------
command line/config:
    -------------------------------------------------------
    Total:

C:\Users\hamza.omrani\Desktop\LoopBack V0.3 - 2_octets\EWARM\SimpleLoopBack\Obj: [1]
    cmsis_os.o                        380
    freertos.o                         44             1 704
    heap_4.o                          432             3 024
    list.o                            146
    main.o                            808      258      484
    port.o                            500        3       12
    portasm.o                         176
    queue.o                         1 504                64
    startup_stm32l4a6xx.o             788
    stm32l4xx_hal.o                    58        4       12
    stm32l4xx_hal_cortex.o            152
    stm32l4xx_hal_dma.o               614
    stm32l4xx_hal_gpio.o              484
    stm32l4xx_hal_msp.o               368
    stm32l4xx_hal_pwr_ex.o            152
    stm32l4xx_hal_rcc.o             1 908
    stm32l4xx_hal_rcc_ex.o          1 360
    stm32l4xx_hal_tim.o             1 012
    stm32l4xx_hal_tim_ex.o             98
    stm32l4xx_hal_timebase_tim.o      120                64
    stm32l4xx_hal_uart.o            2 108
    stm32l4xx_hal_uart_ex.o             2
    stm32l4xx_it.o                     64
    system_stm32l4xx.o                 92       57        4
    tasks.o                         1 936               296
    timers.o                          992               292
    -------------------------------------------------------
    Total:                         16 298      322    5 956

dl7M_tlf.a: [2]
    abort.o                             6
    exit.o                              4
    low_level_init.o                    4
    snprintf.o                         68
    xencoding_8859_1.o                 30
    xfail_s.o                          64                 4
    xlocale_c.o                       120       46      128
    xmbcurmax.o                        10
    xprintffull.o                   3 910
    xsnprout.o                         26
    -------------------------------------------------------
    Total:                          4 242       46      132

m7M_tls.a: [3]
    DblAdd.o                          362
    DblCmpGe.o                         46
    DblCmpLe.o                         46
    DblDiv.o                          582
    DblMul.o                          418
    DblSub.o                          226
    DblToS32.o                         58
    DblToU32.o                         40
    S32ToDbl.o                         34
    U32ToDbl.o                         26
    fpinit_M.o                         34
    frexp.o                           112
    ldexp.o                           314
    -------------------------------------------------------
    Total:                          2 298

rt7M_tl.a: [4]
    ABImemclr4.o                        6
    ABImemcpy_small.o                  24
    ABImemset48.o                      50
    I64DivMod_small.o                 262
    I64DivZer.o                         2
    cexit.o                            10
    cmain.o                            30
    cstartup_M.o                       12
    data_init.o                        40
    lz77_init_single.o                122
    memchr.o                           88
    strchr.o                           22
    strlen.o                           54
    zero_init3.o                       58
    -------------------------------------------------------
    Total:                            780

shb_l.a: [5]
    exit.o                             20
    -------------------------------------------------------
    Total:                             20

    Gaps                               32        2
    Linker created                              32    1 024
-----------------------------------------------------------
    Grand Total:                   23 670      402    7 112


*******************************************************************************
*** ENTRY LIST
***

Entry                       Address   Size  Type      Object
-----                       -------   ----  ----      ------
.iar.init_table$$Base    0x800'5bd0          --   Gb  - Linker created -
.iar.init_table$$Limit   0x800'5bf0          --   Gb  - Linker created -
?main                    0x800'5bf1         Code  Gb  cmain.o [4]
AHBPrescTable            0x800'5b04   0x10  Data  Gb  system_stm32l4xx.o [1]
APBPrescTable            0x800'5c4c    0x8  Data  Gb  system_stm32l4xx.o [1]
Bin_SemHandle           0x2000'16ac    0x4  Data  Gb  main.o [1]
BusFault_Handler         0x800'5b1b    0x2  Code  Gb  stm32l4xx_it.o [1]
CSTACK$$Base            0x2000'17c8          --   Gb  - Linker created -
CSTACK$$Limit           0x2000'1bc8          --   Gb  - Linker created -
CacheMore                0x800'1171   0x24  Code  Lc  xlocale_c.o [2]
Callback01               0x800'3385    0x2  Code  Gb  main.o [1]
DMA1_Channel3_IRQHandler
                         0x800'5b21    0x6  Code  Gb  stm32l4xx_it.o [1]
DMA2_Channel7_IRQHandler
                         0x800'5b33    0x6  Code  Gb  stm32l4xx_it.o [1]
DMA_SetConfig            0x800'2953   0x28  Code  Lc  stm32l4xx_hal_dma.o [1]
Data_Processing          0x800'331d   0x68  Code  Gb  main.o [1]
DebugMon_Handler         0x800'5b1f    0x2  Code  Gb  stm32l4xx_it.o [1]
Error_Handler            0x800'33e9    0x2  Code  Gb  main.o [1]
HAL_DMA_Abort_IT         0x800'2843   0x4a  Code  Gb  stm32l4xx_hal_dma.o [1]
HAL_DMA_IRQHandler       0x800'288d   0xaa  Code  Gb  stm32l4xx_hal_dma.o [1]
HAL_DMA_Init             0x800'2715   0xa6  Code  Gb  stm32l4xx_hal_dma.o [1]
HAL_DMA_Start_IT         0x800'27d9   0x6a  Code  Gb  stm32l4xx_hal_dma.o [1]
HAL_GPIO_Init            0x800'3561  0x1b2  Code  Gb  stm32l4xx_hal_gpio.o [1]
HAL_GetTick              0x800'30f5    0xc  Code  Wk  stm32l4xx_hal.o [1]
HAL_IncTick              0x800'48d1   0x10  Code  Wk  stm32l4xx_hal.o [1]
HAL_Init                 0x800'37bd   0x1e  Code  Gb  stm32l4xx_hal.o [1]
HAL_InitTick             0x800'3745   0x66  Code  Gb  stm32l4xx_hal_timebase_tim.o [1]
HAL_MspInit              0x800'25a5   0x36  Code  Gb  stm32l4xx_hal_msp.o [1]
HAL_NVIC_EnableIRQ       0x800'3497   0x16  Code  Gb  stm32l4xx_hal_cortex.o [1]
HAL_NVIC_SetPriority     0x800'345d   0x3a  Code  Gb  stm32l4xx_hal_cortex.o [1]
HAL_NVIC_SetPriorityGrouping
                         0x800'3443   0x1a  Code  Gb  stm32l4xx_hal_cortex.o [1]
HAL_PWREx_ControlVoltageScaling
                         0x800'34d5   0x5e  Code  Gb  stm32l4xx_hal_pwr_ex.o [1]
HAL_PWREx_EnableVddIO2   0x800'3533    0xe  Code  Gb  stm32l4xx_hal_pwr_ex.o [1]
HAL_PWREx_GetVoltageRange
                         0x800'34c9    0xc  Code  Gb  stm32l4xx_hal_pwr_ex.o [1]
HAL_RCCEx_PeriphCLKConfig
                         0x800'4381  0x340  Code  Gb  stm32l4xx_hal_rcc_ex.o [1]
HAL_RCC_ClockConfig      0x800'2e3b  0x100  Code  Gb  stm32l4xx_hal_rcc.o [1]
HAL_RCC_GetClockConfig   0x800'3009   0x36  Code  Gb  stm32l4xx_hal_rcc.o [1]
HAL_RCC_GetPCLK1Freq     0x800'2fe1   0x10  Code  Gb  stm32l4xx_hal_rcc.o [1]
HAL_RCC_GetPCLK2Freq     0x800'2ff1    0xe  Code  Gb  stm32l4xx_hal_rcc.o [1]
HAL_RCC_GetSysClockFreq
                         0x800'2f4f   0x92  Code  Gb  stm32l4xx_hal_rcc.o [1]
HAL_RCC_OscConfig        0x800'2981  0x496  Code  Gb  stm32l4xx_hal_rcc.o [1]
HAL_TIMEx_Break2Callback
                         0x800'495d    0x2  Code  Wk  stm32l4xx_hal_tim_ex.o [1]
HAL_TIMEx_BreakCallback
                         0x800'495b    0x2  Code  Wk  stm32l4xx_hal_tim_ex.o [1]
HAL_TIMEx_CommutCallback
                         0x800'4961    0x2  Code  Wk  stm32l4xx_hal_tim_ex.o [1]
HAL_TIMEx_MasterConfigSynchronization
                         0x800'3bc9   0x52  Code  Gb  stm32l4xx_hal_tim_ex.o [1]
HAL_TIM_Base_Init        0x800'37dd   0x1a  Code  Gb  stm32l4xx_hal_tim.o [1]
HAL_TIM_Base_MspInit     0x800'267b   0x6c  Code  Gb  stm32l4xx_hal_msp.o [1]
HAL_TIM_Base_Start_IT    0x800'37f7   0x28  Code  Gb  stm32l4xx_hal_tim.o [1]
HAL_TIM_Base_Stop_IT     0x800'381f   0x2a  Code  Gb  stm32l4xx_hal_tim.o [1]
HAL_TIM_ConfigClockSource
                         0x800'39d3   0x90  Code  Gb  stm32l4xx_hal_tim.o [1]
HAL_TIM_IRQHandler       0x800'3871  0x15c  Code  Gb  stm32l4xx_hal_tim.o [1]
HAL_TIM_PeriodElapsedCallback
                         0x800'3387   0x36  Code  Gb  main.o [1]
HAL_UARTEx_WakeupCallback
                         0x800'297d    0x2  Code  Wk  stm32l4xx_hal_uart_ex.o [1]
HAL_UART_IRQHandler      0x800'1ee9  0x142  Code  Gb  stm32l4xx_hal_uart.o [1]
HAL_UART_Init            0x800'1d6d   0x30  Code  Gb  stm32l4xx_hal_uart.o [1]
HAL_UART_MspInit         0x800'25db   0xa0  Code  Gb  stm32l4xx_hal_msp.o [1]
HAL_UART_Receive_DMA     0x800'1e53   0x96  Code  Gb  stm32l4xx_hal_uart.o [1]
HAL_UART_RxCpltCallback
                         0x800'32e9    0xc  Code  Gb  main.o [1]
HAL_UART_RxHalfCpltCallback
                         0x800'32f5    0xa  Code  Gb  main.o [1]
HAL_UART_Transmit_IT     0x800'1ded   0x60  Code  Gb  stm32l4xx_hal_uart.o [1]
HardFault_Handler        0x800'5b17    0x2  Code  Gb  stm32l4xx_it.o [1]
LPUART1_IRQHandler       0x800'5b39    0x6  Code  Gb  stm32l4xx_it.o [1]
LoadInt                  0x800'036f   0x7a  Code  Lc  xprintffull.o [2]
MSIRangeTable            0x800'5b54   0x30  Data  Gb  system_stm32l4xx.o [1]
MemManage_Handler        0x800'5b19    0x2  Code  Gb  stm32l4xx_it.o [1]
NMI_Handler              0x800'5b15    0x2  Code  Gb  stm32l4xx_it.o [1]
PendSV_Handler           0x800'5939         Code  Gb  portasm.o [1]
RCCEx_PLLSAI1_Config     0x800'46e9   0xc8  Code  Lc  stm32l4xx_hal_rcc_ex.o [1]
RCCEx_PLLSAI2_Config     0x800'47b1   0xac  Code  Lc  stm32l4xx_hal_rcc_ex.o [1]
RCC_SetFlashLatencyFromMSIRange
                         0x800'303f   0x74  Code  Lc  stm32l4xx_hal_rcc.o [1]
Region$$Table$$Base      0x800'5bd0          --   Gb  - Linker created -
Region$$Table$$Limit     0x800'5bf0          --   Gb  - Linker created -
Rx_Queue_Data           0x2000'0000    0x1  Data  Gb  main.o [1]
SVC_Handler              0x800'5991         Code  Gb  portasm.o [1]
SysTick_Handler          0x800'5611   0x26  Code  Gb  port.o [1]
SystemClock_Config       0x800'327f   0x6a  Code  Gb  main.o [1]
SystemCoreClock         0x2000'0094    0x4  Data  Gb  system_stm32l4xx.o [1]
SystemInit               0x800'5ab9   0x3c  Code  Gb  system_stm32l4xx.o [1]
TIM3_IRQHandler          0x800'5b27    0x6  Code  Gb  stm32l4xx_it.o [1]
TIM6_DAC_IRQHandler      0x800'5b2d    0x6  Code  Gb  stm32l4xx_it.o [1]
TIM_Base_SetConfig       0x800'3a8d   0xac  Code  Gb  stm32l4xx_hal_tim.o [1]
TIM_ETR_SetConfig        0x800'3baf   0x14  Code  Gb  stm32l4xx_hal_tim.o [1]
TIM_ITRx_SetConfig       0x800'3b9f   0x10  Code  Lc  stm32l4xx_hal_tim.o [1]
TIM_TI1_ConfigInputStage
                         0x800'3b5d   0x1e  Code  Lc  stm32l4xx_hal_tim.o [1]
TIM_TI2_ConfigInputStage
                         0x800'3b7b   0x24  Code  Lc  stm32l4xx_hal_tim.o [1]
TimerBuffer             0x2000'005c   0x20  Data  Gb  main.o [1]
UART_AdvFeatureConfig    0x800'22f5   0xc6  Code  Gb  stm32l4xx_hal_uart.o [1]
UART_CheckIdleState      0x800'23bb   0x5a  Code  Gb  stm32l4xx_hal_uart.o [1]
UART_DMAAbortOnError     0x800'2541   0x10  Code  Lc  stm32l4xx_hal_uart.o [1]
UART_DMAError            0x800'24ed   0x54  Code  Lc  stm32l4xx_hal_uart.o [1]
UART_DMAReceiveCplt      0x800'24ad   0x38  Code  Lc  stm32l4xx_hal_uart.o [1]
UART_DMARxHalfCplt       0x800'24e5    0x6  Code  Lc  stm32l4xx_hal_uart.o [1]
UART_EndRxTransfer       0x800'247b   0x1e  Code  Lc  stm32l4xx_hal_uart.o [1]
UART_SetConfig           0x800'2039  0x276  Code  Gb  stm32l4xx_hal_uart.o [1]
UART_TxISR_16BIT         0x800'2579   0x2c  Code  Lc  stm32l4xx_hal_uart.o [1]
UART_TxISR_8BIT          0x800'2551   0x28  Code  Lc  stm32l4xx_hal_uart.o [1]
UART_WaitOnFlagUntilTimeout
                         0x800'2415   0x5a  Code  Gb  stm32l4xx_hal_uart.o [1]
UsageFault_Handler       0x800'5b1d    0x2  Code  Gb  stm32l4xx_it.o [1]
_Encoding_8859_1_Mbrlen
                         0x800'12bd    0x2  Code  Gb  xencoding_8859_1.o [2]
_Encoding_8859_1_Wctomb
                         0x800'12ab   0x12  Code  Gb  xencoding_8859_1.o [2]
_GenldFull               0x800'0dcd  0x274  Code  Lc  xprintffull.o [2]
_LdtobFull               0x800'09c9  0x3d6  Code  Lc  xprintffull.o [2]
_LitobFull               0x800'0879  0x10a  Code  Lc  xprintffull.o [2]
_Locale_lconv           0x2000'0098   0x38  Data  Lc  xlocale_c.o [2]
_PrintfFull              0x800'01ad  0x1aa  Code  Gb  xprintffull.o [2]
_PutcharsFull            0x800'1041   0x2e  Code  Lc  xprintffull.o [2]
_PutfldFull              0x800'03e9  0x2d4  Code  Lc  xprintffull.o [2]
_PutstrFull              0x800'07b3   0xc6  Code  Lc  xprintffull.o [2]
_PuttxtFull              0x800'06bd   0xf6  Code  Lc  xprintffull.o [2]
_SNProut                 0x800'132b   0x1a  Code  Gb  xsnprout.o [2]
__NVIC_SetPriority       0x800'3429   0x1a  Code  Lc  stm32l4xx_hal_cortex.o [1]
__aeabi_cdcmple          0x800'1679         Code  Gb  DblCmpLe.o [3]
__aeabi_cdrcmple         0x800'16a9         Code  Gb  DblCmpGe.o [3]
__aeabi_d2iz             0x800'1815         Code  Gb  DblToS32.o [3]
__aeabi_d2uiz            0x800'1ba1         Code  Gb  DblToU32.o [3]
__aeabi_ddiv             0x800'1959         Code  Gb  DblDiv.o [3]
__aeabi_dmul             0x800'1465         Code  Gb  DblMul.o [3]
__aeabi_dsub             0x800'1875         Code  Gb  DblSub.o [3]
__aeabi_i2d              0x800'1851         Code  Gb  S32ToDbl.o [3]
__aeabi_ldiv0            0x800'1be9         Code  Gb  I64DivZer.o [4]
__aeabi_memclr4          0x800'34c1         Code  Gb  ABImemclr4.o [4]
__aeabi_ui2d             0x800'1bc9         Code  Gb  U32ToDbl.o [3]
__cmain                  0x800'5bf1         Code  Gb  cmain.o [4]
__exit                   0x800'1d59   0x14  Code  Gb  exit.o [5]
__iar_Fail_s             0x800'1235   0x1c  Code  Gb  xfail_s.o [2]
__iar_Mbcurmax           0x800'1321    0xa  Code  Gb  xmbcurmax.o [2]
__iar_Memchr             0x800'12c9         Code  Gb  memchr.o [4]
__iar_Memset4_word       0x800'4925         Code  Gb  ABImemset48.o [4]
__iar_Memset8_word       0x800'4925         Code  Gb  ABImemset48.o [4]
__iar_Strchr             0x800'11e5         Code  Gb  strchr.o [4]
__iar_dadd               0x800'1885         Code  Gb  DblSub.o [3]
__iar_data_init3         0x800'5b85   0x28  Code  Gb  data_init.o [4]
__iar_dsub               0x800'1bed         Code  Gb  DblAdd.o [3]
__iar_dsubStart          0x800'1bff         Code  Gb  DblAdd.o [3]
__iar_frexp              0x800'1615         Code  Gb  frexp.o [3]
__iar_frexpl             0x800'1615         Code  Gb  frexp.o [3]
__iar_globLocale        0x2000'00d0   0x48  Data  Lc  xlocale_c.o [2]
__iar_global_Locale      0x800'116d    0x4  Code  Gb  xlocale_c.o [2]
__iar_init_vfp           0x800'5bad         Code  Gb  fpinit_M.o [3]
__iar_ldexp64            0x800'16d9         Code  Gb  ldexp.o [3]
__iar_lz77_init_single3
                         0x800'10f3   0x7a  Code  Gb  lz77_init_single.o [4]
__iar_program_start      0x800'5c41         Code  Gb  cstartup_M.o [4]
__iar_scalbln64          0x800'16d9         Code  Gb  ldexp.o [3]
__iar_scalbn64           0x800'16d9         Code  Gb  ldexp.o [3]
__iar_small_Memcpy       0x800'1349         Code  Gb  ABImemcpy_small.o [4]
__iar_small_memcpy       0x800'1345         Code  Gb  ABImemcpy_small.o [4]
__iar_small_memcpy4      0x800'1345         Code  Gb  ABImemcpy_small.o [4]
__iar_small_memcpy8      0x800'1345         Code  Gb  ABImemcpy_small.o [4]
__iar_small_uldivmod     0x800'135d         Code  Gb  I64DivMod_small.o [4]
__iar_softfp___iar_frexp64
                         0x800'1609         Code  Gb  frexp.o [3]
__iar_softfp_frexp       0x800'1609         Code  Gb  frexp.o [3]
__iar_softfp_frexpl      0x800'1609         Code  Gb  frexp.o [3]
__iar_zero_init3         0x800'11fb   0x3a  Code  Gb  zero_init3.o [4]
__low_level_init         0x800'5c0f    0x4  Code  Gb  low_level_init.o [2]
__vector_table           0x800'0000         Data  Gb  startup_stm32l4a6xx.o [1]
_call_main               0x800'5bfd         Code  Gb  cmain.o [4]
_exit                    0x800'5c19         Code  Gb  cexit.o [4]
_gLocale_mblen           0x800'11d1    0x4  Code  Gb  xlocale_c.o [2]
_gLocale_mblenInt        0x800'1195   0x2c  Code  Gb  xlocale_c.o [2]
_gLocale_wctomb          0x800'11d5    0x4  Code  Gb  xlocale_c.o [2]
_gLocale_wctombInt       0x800'11cd    0x4  Code  Gb  xlocale_c.o [2]
_main                    0x800'5c0b         Code  Gb  cmain.o [4]
abort                    0x800'1be3    0x6  Code  Gb  abort.o [2]
defaultTaskHandle       0x2000'16a4    0x4  Data  Gb  main.o [1]
exit                     0x800'5c13    0x4  Code  Gb  exit.o [2]
hdma_lpuart_rx          0x2000'16b4   0x48  Data  Gb  main.o [1]
hdma_memtomem_dma1_channel1
                        0x2000'165c   0x48  Data  Gb  main.o [1]
hdma_tim3_ch4_up        0x2000'16fc   0x48  Data  Gb  main.o [1]
hlpuart1                0x2000'15dc   0x80  Data  Gb  main.o [1]
htim3                   0x2000'0004   0x40  Data  Gb  main.o [1]
htim6                   0x2000'1784   0x40  Data  Gb  stm32l4xx_hal_timebase_tim.o [1]
ldexp                    0x800'16d9         Code  Gb  ldexp.o [3]
ldexpl                   0x800'16d9         Code  Gb  ldexp.o [3]
localeconv               0x800'11d9    0x4  Code  Gb  xlocale_c.o [2]
main                     0x800'3101  0x17e  Code  Gb  main.o [1]
makeFreeRtosPriority     0x800'3c25    0xc  Code  Lc  cmsis_os.o [1]
memchr                   0x800'12c9         Code  Gb  memchr.o [4]
myQueue01Handle         0x2000'16a8    0x4  Data  Gb  main.o [1]
myRxData                0x2000'0054    0x8  Data  Gb  main.o [1]
myTimer01Handle         0x2000'0044    0x4  Data  Gb  main.o [1]
osDelay                  0x800'3c99    0xe  Code  Gb  cmsis_os.o [1]
osKernelStart            0x800'3c31    0xa  Code  Gb  cmsis_os.o [1]
osMessageCreate          0x800'3d71   0x2a  Code  Gb  cmsis_os.o [1]
osSemaphoreCreate        0x800'3d1b   0x3e  Code  Gb  cmsis_os.o [1]
osThreadCreate           0x800'3c3b   0x5e  Code  Gb  cmsis_os.o [1]
osTimerCreate            0x800'3ca7   0x36  Code  Gb  cmsis_os.o [1]
osTimerStart             0x800'3cdd   0x3e  Code  Gb  cmsis_os.o [1]
prvAddCurrentTaskToDelayedList
                         0x800'5077   0x5e  Code  Lc  tasks.o [1]
prvAddNewTaskToReadyList
                         0x800'4a95   0xa8  Code  Lc  tasks.o [1]
prvCheckForValidListAndQueue
                         0x800'546d   0x4e  Code  Lc  timers.o [1]
prvCheckForValidListAndQueue{1}{2}{3}{4}::ucStaticTimerQueueStorage
                        0x2000'1414   0xa0  Data  Lc  timers.o [1]
prvCheckForValidListAndQueue{1}{2}{3}{4}::xStaticTimerQueue
                        0x2000'13cc   0x48  Data  Lc  timers.o [1]
prvCopyDataFromQueue     0x800'426d   0x28  Code  Lc  queue.o [1]
prvCopyDataToQueue       0x800'4205   0x68  Code  Lc  queue.o [1]
prvDeleteTCB             0x800'4f47   0x2e  Code  Lc  tasks.o [1]
prvIdleTask              0x800'4f05   0x42  Code  Lc  tasks.o [1]
prvInitialiseNewQueue    0x800'3eb5   0x16  Code  Lc  queue.o [1]
prvInitialiseNewTask     0x800'4a1d   0x78  Code  Lc  tasks.o [1]
prvInitialiseNewTimer    0x800'51b5   0x3a  Code  Lc  timers.o [1]
prvInsertBlockIntoFreeList
                         0x800'58c1   0x46  Code  Lc  heap_4.o [1]
prvInsertTimerInActiveList
                         0x800'5367   0x34  Code  Lc  timers.o [1]
prvIsQueueEmpty          0x800'42f9   0x16  Code  Lc  queue.o [1]
prvProcessReceivedCommands
                         0x800'539d   0xbe  Code  Lc  timers.o [1]
prvProcessTimerOrBlockTask
                         0x800'525b   0x94  Code  Lc  timers.o [1]
prvResetNextTaskUnblockTime
                         0x800'4f75   0x1a  Code  Lc  tasks.o [1]
prvSampleTimeNow         0x800'52ef   0x78  Code  Lc  timers.o [1]
prvSampleTimeNow::xLastTime
                        0x2000'13a0    0x4  Data  Lc  timers.o [1]
prvTaskExitError         0x800'54fd   0x1c  Code  Lc  port.o [1]
prvTimerTask             0x800'523d   0x1e  Code  Lc  timers.o [1]
prvUnlockQueue           0x800'4295   0x64  Code  Lc  queue.o [1]
pvPortMalloc             0x800'575d  0x102  Code  Gb  heap_4.o [1]
pxCurrentTCB            0x2000'14dc    0x4  Data  Gb  tasks.o [1]
pxCurrentTimerList      0x2000'1390    0x4  Data  Lc  timers.o [1]
pxDelayedTaskList       0x2000'14e0    0x4  Data  Lc  tasks.o [1]
pxEnd                   0x2000'0120    0x4  Data  Lc  heap_4.o [1]
pxOverflowDelayedTaskList
                        0x2000'14e4    0x4  Data  Lc  tasks.o [1]
pxOverflowTimerList     0x2000'1394    0x4  Data  Lc  timers.o [1]
pxPortInitialiseStack    0x800'54d5   0x26  Code  Gb  port.o [1]
pxReadyTasksLists       0x2000'1550   0x8c  Data  Lc  tasks.o [1]
scalbln                  0x800'16d9         Code  Gb  ldexp.o [3]
scalblnl                 0x800'16d9         Code  Gb  ldexp.o [3]
scalbn                   0x800'16d9         Code  Gb  ldexp.o [3]
scalbnl                  0x800'16d9         Code  Gb  ldexp.o [3]
scale                    0x800'0983   0x46  Code  Lc  xprintffull.o [2]
sec_hand                0x2000'17c4    0x4  Data  Lc  xfail_s.o [2]
size                    0x2000'004c    0x4  Data  Gb  main.o [1]
snprintf                 0x800'48e1   0x44  Code  Gb  snprintf.o [2]
strchr                   0x800'11e5         Code  Gb  strchr.o [4]
strlen                   0x800'1275         Code  Gb  strlen.o [4]
timer_conter            0x2000'0050    0x4  Data  Gb  main.o [1]
ucHeap                  0x2000'0130  0xbb8  Data  Lc  heap_4.o [1]
ucMaxSysCallPriority    0x2000'007c    0x1  Data  Lc  port.o [1]
ulMaxPRIGROUPValue      0x2000'0084    0x4  Data  Lc  port.o [1]
uwPrescalerValue        0x2000'16b0    0x4  Data  Gb  main.o [1]
uwTick                  0x2000'0088    0x4  Data  Gb  stm32l4xx_hal.o [1]
uwTickFreq              0x2000'0090    0x4  Data  Gb  stm32l4xx_hal.o [1]
uwTickPrio              0x2000'008c    0x4  Data  Gb  stm32l4xx_hal.o [1]
uxCriticalNesting       0x2000'0080    0x4  Data  Lc  port.o [1]
uxCurrentNumberOfTasks  0x2000'1500    0x4  Data  Lc  tasks.o [1]
uxDeletedTasksWaitingCleanUp
                        0x2000'14e8    0x4  Data  Lc  tasks.o [1]
uxListRemove             0x800'5735   0x26  Code  Gb  list.o [1]
uxPendedTicks           0x2000'1510    0x4  Data  Lc  tasks.o [1]
uxQueueSpacesAvailable   0x800'41ed   0x18  Code  Gb  queue.o [1]
uxSchedulerSuspended    0x2000'1524    0x4  Data  Lc  tasks.o [1]
uxTaskNumber            0x2000'151c    0x4  Data  Lc  tasks.o [1]
uxTopReadyPriority      0x2000'1508    0x4  Data  Lc  tasks.o [1]
vApplicationGetIdleTaskMemory
                         0x800'590d   0x10  Code  Gb  freertos.o [1]
vApplicationGetTimerTaskMemory
                         0x800'591d   0x12  Code  Gb  freertos.o [1]
vListInitialise          0x800'56c9   0x1a  Code  Gb  list.o [1]
vListInitialiseItem      0x800'56e3    0x6  Code  Gb  list.o [1]
vListInsert              0x800'5703   0x32  Code  Gb  list.o [1]
vListInsertEnd           0x800'56e9   0x1a  Code  Gb  list.o [1]
vPortEnableVFP           0x800'59cd         Code  Gb  portasm.o [1]
vPortEnterCritical       0x800'55bd   0x32  Code  Gb  port.o [1]
vPortExitCritical        0x800'55ef   0x22  Code  Gb  port.o [1]
vPortFree                0x800'586d   0x46  Code  Gb  heap_4.o [1]
vPortStartFirstTask      0x800'59ad         Code  Gb  portasm.o [1]
vPortValidateInterruptPriority
                         0x800'5639   0x34  Code  Gb  port.o [1]
vQueueAddToRegistry      0x800'430f   0x20  Code  Gb  queue.o [1]
vQueueWaitForMessageRestricted
                         0x800'4339   0x48  Code  Gb  queue.o [1]
vTaskDelay               0x800'4b3d   0x2e  Code  Gb  tasks.o [1]
vTaskInternalSetTimeOutState
                         0x800'4e85    0xe  Code  Gb  tasks.o [1]
vTaskMissedYield         0x800'4ef9    0xa  Code  Gb  tasks.o [1]
vTaskPlaceOnEventList    0x800'4db3   0x20  Code  Gb  tasks.o [1]
vTaskPlaceOnEventListRestricted
                         0x800'4df3   0x2a  Code  Gb  tasks.o [1]
vTaskStartScheduler      0x800'4b7b   0x6e  Code  Gb  tasks.o [1]
vTaskSuspendAll          0x800'4be9    0xc  Code  Gb  tasks.o [1]
vTaskSwitchContext       0x800'4d61   0x52  Code  Gb  tasks.o [1]
xActiveTimerList1       0x2000'13a4   0x14  Data  Lc  timers.o [1]
xActiveTimerList2       0x2000'13b8   0x14  Data  Lc  timers.o [1]
xBlockAllocatedBit      0x2000'012c    0x4  Data  Lc  heap_4.o [1]
xDelayedTaskList1       0x2000'1528   0x14  Data  Lc  tasks.o [1]
xDelayedTaskList2       0x2000'153c   0x14  Data  Lc  tasks.o [1]
xFreeBytesRemaining     0x2000'0124    0x4  Data  Lc  heap_4.o [1]
xIdleStack              0x2000'1190  0x200  Data  Lc  freertos.o [1]
xIdleTaskTCBBuffer      0x2000'113c   0x54  Data  Lc  freertos.o [1]
xMinimumEverFreeBytesRemaining
                        0x2000'0128    0x4  Data  Lc  heap_4.o [1]
xNextTaskUnblockTime    0x2000'1520    0x4  Data  Lc  tasks.o [1]
xNumOfOverflows         0x2000'1518    0x4  Data  Lc  tasks.o [1]
xPendingReadyList       0x2000'14b4   0x14  Data  Lc  tasks.o [1]
xPortStartScheduler      0x800'5519   0xa4  Code  Gb  port.o [1]
xQueue                  0x2000'0048    0x4  Data  Gb  main.o [1]
xQueueGenericCreate      0x800'3e77   0x3e  Code  Gb  queue.o [1]
xQueueGenericCreateStatic
                         0x800'3e19   0x5e  Code  Gb  queue.o [1]
xQueueGenericReset       0x800'3da1   0x78  Code  Gb  queue.o [1]
xQueueGenericSend        0x800'3ecb  0x128  Code  Gb  queue.o [1]
xQueueGenericSendFromISR
                         0x800'3ffb   0x8a  Code  Gb  queue.o [1]
xQueueReceive            0x800'4099   0xfc  Code  Gb  queue.o [1]
xQueueRegistry          0x2000'1744   0x40  Data  Gb  queue.o [1]
xSchedulerRunning       0x2000'150c    0x4  Data  Lc  tasks.o [1]
xStart                  0x2000'0118    0x8  Data  Lc  heap_4.o [1]
xSuspendedTaskList      0x2000'14ec   0x14  Data  Lc  tasks.o [1]
xTaskCheckForTimeOut     0x800'4e93   0x66  Code  Gb  tasks.o [1]
xTaskCreate              0x800'49c1   0x5c  Code  Gb  tasks.o [1]
xTaskCreateStatic        0x800'4965   0x5c  Code  Gb  tasks.o [1]
xTaskGetSchedulerState   0x800'4f8f   0x18  Code  Gb  tasks.o [1]
xTaskGetTickCount        0x800'4c9d    0x8  Code  Gb  tasks.o [1]
xTaskIncrementTick       0x800'4ca5   0xbc  Code  Gb  tasks.o [1]
xTaskPriorityDisinherit
                         0x800'4fad   0x78  Code  Gb  tasks.o [1]
xTaskRemoveFromEventList
                         0x800'4e29   0x52  Code  Gb  tasks.o [1]
xTaskResumeAll           0x800'4bf5   0x98  Code  Gb  tasks.o [1]
xTasksWaitingTermination
                        0x2000'14c8   0x14  Data  Lc  tasks.o [1]
xTickCount              0x2000'1504    0x4  Data  Lc  tasks.o [1]
xTimerCreate             0x800'5141   0x34  Code  Gb  timers.o [1]
xTimerCreateStatic       0x800'5175   0x32  Code  Gb  timers.o [1]
xTimerCreateTimerTask    0x800'50f5   0x4c  Code  Gb  timers.o [1]
xTimerGenericCommand     0x800'51ef   0x4e  Code  Gb  timers.o [1]
xTimerQueue             0x2000'1398    0x4  Data  Lc  timers.o [1]
xTimerStack             0x2000'0d3c  0x400  Data  Lc  freertos.o [1]
xTimerTaskHandle        0x2000'139c    0x4  Data  Lc  timers.o [1]
xTimerTaskTCBBuffer     0x2000'0ce8   0x54  Data  Lc  freertos.o [1]
xYieldPending           0x2000'1514    0x4  Data  Lc  tasks.o [1]


[1] = C:\Users\hamza.omrani\Desktop\LoopBack V0.3 - 2_octets\EWARM\SimpleLoopBack\Obj
[2] = dl7M_tlf.a
[3] = m7M_tls.a
[4] = rt7M_tl.a
[5] = shb_l.a

  23 670 bytes of readonly  code memory
     402 bytes of readonly  data memory
   7 112 bytes of readwrite data memory

Errors: none
Warnings: none
