###############################################################################
#
# IAR ELF Linker V8.32.1.169/W32 for ARM                  20/Nov/2019  12:42:18
# Copyright 2007-2018 IAR Systems AB.
#
#    Output file  =  
#        C:\Users\hamza.omrani\Desktop\I2C TwoBoards\Master Ncucleo
#        Board\EWARM\Master Ncucleo Board\Exe\Master Ncucleo Board.out
#    Map file     =  
#        C:\Users\hamza.omrani\Desktop\I2C TwoBoards\Master Ncucleo
#        Board\EWARM\Master Ncucleo Board\List\Master Ncucleo Board.map
#    Command line =  
#        -f C:\Users\HAMZA~1.OMR\AppData\Local\Temp\EWE400.tmp
#        ("C:\Users\hamza.omrani\Desktop\I2C TwoBoards\Master Ncucleo
#        Board\EWARM\Master Ncucleo Board\Obj\main.o"
#        "C:\Users\hamza.omrani\Desktop\I2C TwoBoards\Master Ncucleo
#        Board\EWARM\Master Ncucleo Board\Obj\startup_stm32l4a6xx.o"
#        "C:\Users\hamza.omrani\Desktop\I2C TwoBoards\Master Ncucleo
#        Board\EWARM\Master Ncucleo Board\Obj\stm32l4xx_hal.o"
#        "C:\Users\hamza.omrani\Desktop\I2C TwoBoards\Master Ncucleo
#        Board\EWARM\Master Ncucleo Board\Obj\stm32l4xx_hal_cortex.o"
#        "C:\Users\hamza.omrani\Desktop\I2C TwoBoards\Master Ncucleo
#        Board\EWARM\Master Ncucleo Board\Obj\stm32l4xx_hal_dma.o"
#        "C:\Users\hamza.omrani\Desktop\I2C TwoBoards\Master Ncucleo
#        Board\EWARM\Master Ncucleo Board\Obj\stm32l4xx_hal_dma_ex.o"
#        "C:\Users\hamza.omrani\Desktop\I2C TwoBoards\Master Ncucleo
#        Board\EWARM\Master Ncucleo Board\Obj\stm32l4xx_hal_exti.o"
#        "C:\Users\hamza.omrani\Desktop\I2C TwoBoards\Master Ncucleo
#        Board\EWARM\Master Ncucleo Board\Obj\stm32l4xx_hal_flash.o"
#        "C:\Users\hamza.omrani\Desktop\I2C TwoBoards\Master Ncucleo
#        Board\EWARM\Master Ncucleo Board\Obj\stm32l4xx_hal_flash_ex.o"
#        "C:\Users\hamza.omrani\Desktop\I2C TwoBoards\Master Ncucleo
#        Board\EWARM\Master Ncucleo Board\Obj\stm32l4xx_hal_flash_ramfunc.o"
#        "C:\Users\hamza.omrani\Desktop\I2C TwoBoards\Master Ncucleo
#        Board\EWARM\Master Ncucleo Board\Obj\stm32l4xx_hal_gpio.o"
#        "C:\Users\hamza.omrani\Desktop\I2C TwoBoards\Master Ncucleo
#        Board\EWARM\Master Ncucleo Board\Obj\stm32l4xx_hal_i2c.o"
#        "C:\Users\hamza.omrani\Desktop\I2C TwoBoards\Master Ncucleo
#        Board\EWARM\Master Ncucleo Board\Obj\stm32l4xx_hal_i2c_ex.o"
#        "C:\Users\hamza.omrani\Desktop\I2C TwoBoards\Master Ncucleo
#        Board\EWARM\Master Ncucleo Board\Obj\stm32l4xx_hal_msp.o"
#        "C:\Users\hamza.omrani\Desktop\I2C TwoBoards\Master Ncucleo
#        Board\EWARM\Master Ncucleo Board\Obj\stm32l4xx_hal_pwr.o"
#        "C:\Users\hamza.omrani\Desktop\I2C TwoBoards\Master Ncucleo
#        Board\EWARM\Master Ncucleo Board\Obj\stm32l4xx_hal_pwr_ex.o"
#        "C:\Users\hamza.omrani\Desktop\I2C TwoBoards\Master Ncucleo
#        Board\EWARM\Master Ncucleo Board\Obj\stm32l4xx_hal_rcc.o"
#        "C:\Users\hamza.omrani\Desktop\I2C TwoBoards\Master Ncucleo
#        Board\EWARM\Master Ncucleo Board\Obj\stm32l4xx_hal_rcc_ex.o"
#        "C:\Users\hamza.omrani\Desktop\I2C TwoBoards\Master Ncucleo
#        Board\EWARM\Master Ncucleo Board\Obj\stm32l4xx_hal_tim.o"
#        "C:\Users\hamza.omrani\Desktop\I2C TwoBoards\Master Ncucleo
#        Board\EWARM\Master Ncucleo Board\Obj\stm32l4xx_hal_tim_ex.o"
#        "C:\Users\hamza.omrani\Desktop\I2C TwoBoards\Master Ncucleo
#        Board\EWARM\Master Ncucleo Board\Obj\stm32l4xx_it.o"
#        "C:\Users\hamza.omrani\Desktop\I2C TwoBoards\Master Ncucleo
#        Board\EWARM\Master Ncucleo Board\Obj\stm32l4xx_nucleo_144.o"
#        "C:\Users\hamza.omrani\Desktop\I2C TwoBoards\Master Ncucleo
#        Board\EWARM\Master Ncucleo Board\Obj\system_stm32l4xx.o" --redirect
#        _Printf=_PrintfFull --redirect _Scanf=_ScanfFull --no_out_extension -o
#        "C:\Users\hamza.omrani\Desktop\I2C TwoBoards\Master Ncucleo
#        Board\EWARM\Master Ncucleo Board\Exe\Master Ncucleo Board.out" --map
#        "C:\Users\hamza.omrani\Desktop\I2C TwoBoards\Master Ncucleo
#        Board\EWARM\Master Ncucleo Board\List\Master Ncucleo Board.map"
#        --config "C:\Users\hamza.omrani\Desktop\I2C TwoBoards\Master Ncucleo
#        Board\EWARM/stm32l4a6xx_flash.icf" --semihosting --entry
#        __iar_program_start --vfe --text_out locale)
#
###############################################################################

*******************************************************************************
*** RUNTIME MODEL ATTRIBUTES
***

CppFlavor       = *
__Heap_Handler  = Basic
__SystemLibrary = DLib
__dlib_version  = 6


*******************************************************************************
*** HEAP SELECTION
***

The basic heap was selected because no calls to memory allocation
functions were found in the application outside of system library
functions, and there are calls to deallocation functions in the
application.


*******************************************************************************
*** PLACEMENT SUMMARY
***

"A0":  place at 0x800'0000 { ro section .intvec };
"P1":  place in [from 0x800'0000 to 0x80f'ffff] { ro };
define block CSTACK with size = 1K, alignment = 8 { };
define block HEAP with size = 512, alignment = 8 { };
"P2":  place in [from 0x2000'0000 to 0x2004'ffff] {
          rw, block CSTACK, block HEAP };
initialize by copy { rw };

  Section            Kind         Address    Size  Object
  -------            ----         -------    ----  ------
"A0":                                       0x1ac
  .intvec            ro code   0x800'0000   0x1ac  startup_stm32l4a6xx.o [1]
                             - 0x800'01ac   0x1ac

"P1":                                      0x49a3
  .text              ro code   0x800'01ac   0xf46  xprintffull.o [2]
  .text              ro code   0x800'10f2    0x7a  lz77_init_single.o [4]
  .text              ro code   0x800'116c    0x78  xlocale_c.o [2]
  .text              ro code   0x800'11e4    0x16  strchr.o [4]
  .text              ro code   0x800'11fa    0x3a  zero_init3.o [4]
  .text              ro code   0x800'1234    0x40  xfail_s.o [2]
  .text              ro code   0x800'1274    0x36  strlen.o [4]
  .text              ro code   0x800'12aa    0x1e  xencoding_8859_1.o [2]
  .text              ro code   0x800'12c8    0x58  memchr.o [4]
  .text              ro code   0x800'1320     0xa  xmbcurmax.o [2]
  .text              ro code   0x800'132c    0x18  ABImemcpy_small.o [4]
  .text              ro code   0x800'1344   0x230  I64DivMod.o [4]
  .text              ro code   0x800'1574   0x1a2  DblMul.o [3]
  .text              ro code   0x800'1718    0x70  frexp.o [3]
  .text              ro code   0x800'1788    0x2e  DblCmpLe.o [3]
  .text              ro code   0x800'17b8    0x2e  DblCmpGe.o [3]
  .text              ro code   0x800'17e8   0x13a  ldexp.o [3]
  .text              ro code   0x800'1924    0x3a  DblToS32.o [3]
  .text              ro code   0x800'1960    0x22  S32ToDbl.o [3]
  .text              ro code   0x800'1984    0xe2  DblSub.o [3]
  .text              ro code   0x800'1a68   0x246  DblDiv.o [3]
  .text              ro code   0x800'1cb0    0x28  DblToU32.o [3]
  .text              ro code   0x800'1cd8    0x1a  U32ToDbl.o [3]
  .text              ro code   0x800'1cf2     0x6  abort.o [2]
  .text              ro code   0x800'1cf8     0x2  I64DivZer.o [4]
  .text              ro code   0x800'1cfc   0x16a  DblAdd.o [3]
  .text              ro code   0x800'1e68    0x14  exit.o [5]
  .text              ro code   0x800'1e7c    0x80  iarttio.o [5]
  .text              ro code   0x800'1efc    0x3c  XShttio.o [2]
  .text              ro code   0x800'1f38   0xb1e  stm32l4xx_hal_i2c.o [1]
  .text              ro code   0x800'2a58   0x174  stm32l4xx_hal_msp.o [1]
  .text              ro code   0x800'2bcc     0x2  stm32l4xx_hal_i2c.o [1]
  .text              ro code   0x800'2bce     0x2  stm32l4xx_hal_i2c.o [1]
  .text              ro code   0x800'2bd0     0x2  stm32l4xx_hal_i2c.o [1]
  .text              ro code   0x800'2bd2     0x2  stm32l4xx_hal_i2c.o [1]
  .text              ro code   0x800'2bd4     0x2  stm32l4xx_hal_i2c.o [1]
  .text              ro code   0x800'2bd6     0x2  stm32l4xx_hal_i2c.o [1]
  .text              ro code   0x800'2bd8   0x238  main.o [1]
  .text              ro code   0x800'2e10     0x2  stm32l4xx_hal_i2c.o [1]
  .text              ro code   0x800'2e14    0x4a  stm32l4xx_hal_dma.o [1]
  .text              ro code   0x800'2e5e     0x2  stm32l4xx_hal_i2c.o [1]
  .text              ro code   0x800'2e60     0x6  ABImemclr4.o [4]
  .text              ro code   0x800'2e68    0xc4  stm32l4xx_hal_cortex.o [1]
  .text              ro code   0x800'2f2c   0x1e4  stm32l4xx_hal_gpio.o [1]
  .text              ro code   0x800'3110    0x1e  stm32l4xx_hal.o [1]
  .text              ro code   0x800'3130    0x7e  stm32l4xx_hal_i2c_ex.o [1]
  .text              ro code   0x800'31b0    0x28  stm32l4xx_hal.o [1]
  .text              ro code   0x800'31d8   0x70c  stm32l4xx_hal_rcc.o [1]
  .text              ro code   0x800'38e4   0x550  stm32l4xx_hal_rcc_ex.o [1]
  .text              ro code   0x800'3e34    0x88  stm32l4xx_hal_pwr_ex.o [1]
  .text              ro code   0x800'3ebc    0x28  printf.o [2]
  .text              ro code   0x800'3ee4    0x32  ABImemset48.o [4]
  .text              ro code   0x800'3f18    0x44  stm32l4xx_hal.o [1]
  .text              ro code   0x800'3f5c     0xc  stm32l4xx_hal.o [1]
  .text              ro code   0x800'3f68   0x140  heap0.o [2]
  .text              ro code   0x800'40a8    0x2c  xgetmemchunk.o [2]
  .text              ro code   0x800'40d4    0xd8  xfspos.o [2]
  .text              ro code   0x800'41ac    0xac  fflush.o [2]
  .text              ro code   0x800'4258     0xc  xfgpos.o [2]
  .text              ro code   0x800'4264    0x4a  lseek.o [5]
  .text              ro code   0x800'42ae    0x10  write.o [5]
  .text              ro code   0x800'42c0    0xcc  XShHandles.o [2]
  .text              ro code   0x800'438c    0x1e  dwrite.o [5]
  .text              ro code   0x800'43aa    0x20  iarwstd.o [5]
  .text              ro code   0x800'43ca    0x22  iarwrite.o [5]
  .rodata            const     0x800'43ec    0xd0  main.o [1]
  .text              ro code   0x800'44bc    0xb4  xfwprep.o [2]
  .text              ro code   0x800'4570    0x24  fseek.o [2]
  .text              ro code   0x800'4594    0x8c  xfofind.o [2]
  .text              ro code   0x800'4620     0x4  heaptramp0.o [2]
  .text              ro code   0x800'4624    0x7e  fclose.o [2]
  .text              ro code   0x800'46a2    0x18  close.o [5]
  .text              ro code   0x800'46ba    0x14  remove.o [5]
  .text              ro code   0x800'46d0    0x5c  system_stm32l4xx.o [1]
  .text              ro code   0x800'472c    0x54  fputc.o [2]
  .text              ro code   0x800'4780    0x44  stm32l4xx_it.o [1]
  .text              ro code   0x800'47c4    0x10  stm32l4xx_hal.o [1]
  .text              ro code   0x800'47d4    0x3c  xcloseall.o [2]
  .rodata            const     0x800'4810    0x30  system_stm32l4xx.o [1]
  .rodata            const     0x800'4840    0x28  main.o [1]
  .text              ro code   0x800'4868    0x28  data_init.o [4]
  .text              ro code   0x800'4890    0x22  fpinit_M.o [3]
  .iar.init_table    const     0x800'48b4    0x20  - Linker created -
  .text              ro code   0x800'48d4    0x1e  cmain.o [4]
  .text              ro code   0x800'48f2     0x4  low_level_init.o [2]
  .text              ro code   0x800'48f6     0x4  exit.o [2]
  .text              ro code   0x800'48fc     0xe  cexit.o [4]
  .text              ro code   0x800'490a    0x16  xprout.o [2]
  .text              ro code   0x800'4920     0xc  putchar.o [2]
  .text              ro code   0x800'492c    0x10  startup_stm32l4a6xx.o [1]
  .text              ro code   0x800'493c     0xc  cstartup_M.o [4]
  .rodata            const     0x800'4948     0x6  xlocale_c.o [2]
  .text              ro code   0x800'494e     0x4  startup_stm32l4a6xx.o [1]
  .text              ro code   0x800'4952     0x4  startup_stm32l4a6xx.o [1]
  .text              ro code   0x800'4956     0x4  startup_stm32l4a6xx.o [1]
  .text              ro code   0x800'495a     0x4  startup_stm32l4a6xx.o [1]
  .text              ro code   0x800'495e     0x4  startup_stm32l4a6xx.o [1]
  .text              ro code   0x800'4962     0x4  startup_stm32l4a6xx.o [1]
  .text              ro code   0x800'4966     0x4  startup_stm32l4a6xx.o [1]
  .text              ro code   0x800'496a     0x4  startup_stm32l4a6xx.o [1]
  .text              ro code   0x800'496e     0x4  startup_stm32l4a6xx.o [1]
  .text              ro code   0x800'4972     0x4  startup_stm32l4a6xx.o [1]
  .text              ro code   0x800'4976     0x4  startup_stm32l4a6xx.o [1]
  .text              ro code   0x800'497a     0x4  startup_stm32l4a6xx.o [1]
  .text              ro code   0x800'497e     0x4  startup_stm32l4a6xx.o [1]
  .text              ro code   0x800'4982     0x4  startup_stm32l4a6xx.o [1]
  .text              ro code   0x800'4986     0x4  startup_stm32l4a6xx.o [1]
  .text              ro code   0x800'498a     0x4  startup_stm32l4a6xx.o [1]
  .text              ro code   0x800'498e     0x4  startup_stm32l4a6xx.o [1]
  .text              ro code   0x800'4992     0x4  startup_stm32l4a6xx.o [1]
  .text              ro code   0x800'4996     0x4  startup_stm32l4a6xx.o [1]
  .text              ro code   0x800'499a     0x4  startup_stm32l4a6xx.o [1]
  .text              ro code   0x800'499e     0x4  startup_stm32l4a6xx.o [1]
  .text              ro code   0x800'49a2     0x4  startup_stm32l4a6xx.o [1]
  .text              ro code   0x800'49a6     0x4  startup_stm32l4a6xx.o [1]
  .text              ro code   0x800'49aa     0x4  startup_stm32l4a6xx.o [1]
  .text              ro code   0x800'49ae     0x4  startup_stm32l4a6xx.o [1]
  .text              ro code   0x800'49b2     0x4  startup_stm32l4a6xx.o [1]
  .text              ro code   0x800'49b6     0x4  startup_stm32l4a6xx.o [1]
  .text              ro code   0x800'49ba     0x4  startup_stm32l4a6xx.o [1]
  .text              ro code   0x800'49be     0x4  startup_stm32l4a6xx.o [1]
  .text              ro code   0x800'49c2     0x4  startup_stm32l4a6xx.o [1]
  .text              ro code   0x800'49c6     0x4  startup_stm32l4a6xx.o [1]
  .text              ro code   0x800'49ca     0x4  startup_stm32l4a6xx.o [1]
  .text              ro code   0x800'49ce     0x4  startup_stm32l4a6xx.o [1]
  .text              ro code   0x800'49d2     0x4  startup_stm32l4a6xx.o [1]
  .text              ro code   0x800'49d6     0x4  startup_stm32l4a6xx.o [1]
  .text              ro code   0x800'49da     0x4  startup_stm32l4a6xx.o [1]
  .text              ro code   0x800'49de     0x4  startup_stm32l4a6xx.o [1]
  .text              ro code   0x800'49e2     0x4  startup_stm32l4a6xx.o [1]
  .text              ro code   0x800'49e6     0x4  startup_stm32l4a6xx.o [1]
  .text              ro code   0x800'49ea     0x4  startup_stm32l4a6xx.o [1]
  .text              ro code   0x800'49ee     0x4  startup_stm32l4a6xx.o [1]
  .text              ro code   0x800'49f2     0x4  startup_stm32l4a6xx.o [1]
  .text              ro code   0x800'49f6     0x4  startup_stm32l4a6xx.o [1]
  .text              ro code   0x800'49fa     0x4  startup_stm32l4a6xx.o [1]
  .text              ro code   0x800'49fe     0x4  startup_stm32l4a6xx.o [1]
  .text              ro code   0x800'4a02     0x4  startup_stm32l4a6xx.o [1]
  .text              ro code   0x800'4a06     0x4  startup_stm32l4a6xx.o [1]
  .text              ro code   0x800'4a0a     0x4  startup_stm32l4a6xx.o [1]
  .text              ro code   0x800'4a0e     0x4  startup_stm32l4a6xx.o [1]
  .text              ro code   0x800'4a12     0x4  startup_stm32l4a6xx.o [1]
  .text              ro code   0x800'4a16     0x4  startup_stm32l4a6xx.o [1]
  .text              ro code   0x800'4a1a     0x4  startup_stm32l4a6xx.o [1]
  .text              ro code   0x800'4a1e     0x4  startup_stm32l4a6xx.o [1]
  .text              ro code   0x800'4a22     0x4  startup_stm32l4a6xx.o [1]
  .text              ro code   0x800'4a26     0x4  startup_stm32l4a6xx.o [1]
  .text              ro code   0x800'4a2a     0x4  startup_stm32l4a6xx.o [1]
  .text              ro code   0x800'4a2e     0x4  startup_stm32l4a6xx.o [1]
  .text              ro code   0x800'4a32     0x4  startup_stm32l4a6xx.o [1]
  .text              ro code   0x800'4a36     0x4  startup_stm32l4a6xx.o [1]
  .text              ro code   0x800'4a3a     0x4  startup_stm32l4a6xx.o [1]
  .text              ro code   0x800'4a3e     0x4  startup_stm32l4a6xx.o [1]
  .text              ro code   0x800'4a42     0x4  startup_stm32l4a6xx.o [1]
  .text              ro code   0x800'4a46     0x4  startup_stm32l4a6xx.o [1]
  .text              ro code   0x800'4a4a     0x4  startup_stm32l4a6xx.o [1]
  .text              ro code   0x800'4a4e     0x4  startup_stm32l4a6xx.o [1]
  .text              ro code   0x800'4a52     0x4  startup_stm32l4a6xx.o [1]
  .text              ro code   0x800'4a56     0x4  startup_stm32l4a6xx.o [1]
  .text              ro code   0x800'4a5a     0x4  startup_stm32l4a6xx.o [1]
  .text              ro code   0x800'4a5e     0x4  startup_stm32l4a6xx.o [1]
  .text              ro code   0x800'4a62     0x4  startup_stm32l4a6xx.o [1]
  .text              ro code   0x800'4a66     0x4  startup_stm32l4a6xx.o [1]
  .text              ro code   0x800'4a6a     0x4  startup_stm32l4a6xx.o [1]
  .text              ro code   0x800'4a6e     0x4  startup_stm32l4a6xx.o [1]
  .text              ro code   0x800'4a72     0x4  startup_stm32l4a6xx.o [1]
  .text              ro code   0x800'4a76     0x4  startup_stm32l4a6xx.o [1]
  .text              ro code   0x800'4a7a     0x4  startup_stm32l4a6xx.o [1]
  .text              ro code   0x800'4a7e     0x4  startup_stm32l4a6xx.o [1]
  .text              ro code   0x800'4a82     0x4  startup_stm32l4a6xx.o [1]
  .text              ro code   0x800'4a86     0x4  startup_stm32l4a6xx.o [1]
  .text              ro code   0x800'4a8a     0x4  startup_stm32l4a6xx.o [1]
  .text              ro code   0x800'4a8e     0x4  startup_stm32l4a6xx.o [1]
  .text              ro code   0x800'4a92     0x4  startup_stm32l4a6xx.o [1]
  .text              ro code   0x800'4a96     0x4  startup_stm32l4a6xx.o [1]
  .text              ro code   0x800'4a9a     0x4  startup_stm32l4a6xx.o [1]
  .text              ro code   0x800'4a9e     0x4  startup_stm32l4a6xx.o [1]
  .text              ro code   0x800'4aa4     0x0  cstart_closeall.o [4]
  .rodata            const     0x800'4aa4     0x0  zero_init3.o [4]
  .rodata            const     0x800'4aa4     0x0  lz77_init_single.o [4]
  Initializer bytes  const     0x800'4aa4    0xab  <for P2-1>
                             - 0x800'4b4f  0x49a3

"P2", part 1 of 3:                          0x290
  P2-1                        0x2000'0000   0x290  <Init block>
    .data            inited   0x2000'0000   0x100  main.o [1]
    .data            inited   0x2000'0100     0xc  stm32l4xx_hal.o [1]
    .data            inited   0x2000'010c     0x4  system_stm32l4xx.o [1]
    .data            inited   0x2000'0110    0x38  xlocale_c.o [2]
    .data            inited   0x2000'0148    0x48  xlocale_c.o [2]
    .data            inited   0x2000'0190    0x48  xfiles.o [2]
    .data            inited   0x2000'01d8    0x48  xfiles.o [2]
    .data            inited   0x2000'0220    0x48  xfiles.o [2]
    .data            inited   0x2000'0268    0x20  xfiles.o [2]
    .data            inited   0x2000'0288     0x8  XShttio.o [2]
                            - 0x2000'0290   0x290

"P2", part 2 of 3:                          0x134
  .bss               zero     0x2000'0290    0x80  XShHandles.o [2]
  .bss               zero     0x2000'0310    0x50  xfiles.o [2]
  .bss               zero     0x2000'0360    0x50  xfiles.o [2]
  .bss               zero     0x2000'03b0     0x8  heap0.o [2]
  .bss               zero     0x2000'03b8     0x4  xfail_s.o [2]
  .bss               zero     0x2000'03bc     0x4  xgetmemchunk.o [2]
  .bss               zero     0x2000'03c0     0x1  XShttio.o [2]
                            - 0x2000'03c1   0x131

"P2", part 3 of 3:                          0x600
  CSTACK                      0x2000'03c8   0x400  <Block>
    CSTACK           uninit   0x2000'03c8   0x400  <Block tail>
  HEAP                        0x2000'07c8   0x200  <Block>
    HEAP             uninit   0x2000'07c8   0x200  <Block tail>
                            - 0x2000'09c8   0x600

Unused ranges:

         From           To      Size
         ----           --      ----
   0x800'4b4f   0x80f'ffff  0xf'b4b1
  0x2000'03c4  0x2000'03c7       0x4
  0x2000'09c8  0x2004'ffff  0x4'f638


*******************************************************************************
*** INIT TABLE
***

          Address      Size
          -------      ----
Zero (__iar_zero_init3)
    1 destination range, total size 0x131:
          0x2000'0290  0x131

Copy/lz77 (__iar_lz77_init_single3)
    1 source range, total size 0xab (26% of destination):
           0x800'4aa4   0xab
    1 destination range, total size 0x290:
          0x2000'0000  0x290



*******************************************************************************
*** MODULE SUMMARY
***

    Module                  ro code  ro data  rw data
    ------                  -------  -------  -------
command line/config:
    -------------------------------------------------
    Total:

C:\Users\hamza.omrani\Desktop\I2C TwoBoards\Master Ncucleo Board\EWARM\Master Ncucleo Board\Obj: [1]
    main.o                      568      314      256
    startup_stm32l4a6xx.o       784
    stm32l4xx_hal.o             166        3       12
    stm32l4xx_hal_cortex.o      196
    stm32l4xx_hal_dma.o          74
    stm32l4xx_hal_gpio.o        484
    stm32l4xx_hal_i2c.o       2 862
    stm32l4xx_hal_i2c_ex.o      126
    stm32l4xx_hal_msp.o         372
    stm32l4xx_hal_pwr_ex.o      136
    stm32l4xx_hal_rcc.o       1 804
    stm32l4xx_hal_rcc_ex.o    1 360
    stm32l4xx_it.o               68
    system_stm32l4xx.o           92       49        4
    -------------------------------------------------
    Total:                    9 092      366      272

dl7M_tlf.a: [2]
    XShHandles.o                204               128
    XShttio.o                    60        3        9
    abort.o                       6
    exit.o                        4
    fclose.o                    126
    fflush.o                    172
    fputc.o                      84
    fseek.o                      36
    heap0.o                     320                 8
    heaptramp0.o                  4
    low_level_init.o              4
    printf.o                     40
    putchar.o                    12
    xcloseall.o                  60
    xencoding_8859_1.o           30
    xfail_s.o                    64                 4
    xfgpos.o                     12
    xfiles.o                              64      408
    xfofind.o                   140
    xfspos.o                    216
    xfwprep.o                   180
    xgetmemchunk.o               44                 4
    xlocale_c.o                 120       40      128
    xmbcurmax.o                  10
    xprintffull.o             3 910
    xprout.o                     22
    -------------------------------------------------
    Total:                    5 880      107      689

m7M_tls.a: [3]
    DblAdd.o                    362
    DblCmpGe.o                   46
    DblCmpLe.o                   46
    DblDiv.o                    582
    DblMul.o                    418
    DblSub.o                    226
    DblToS32.o                   58
    DblToU32.o                   40
    S32ToDbl.o                   34
    U32ToDbl.o                   26
    fpinit_M.o                   34
    frexp.o                     112
    ldexp.o                     314
    -------------------------------------------------
    Total:                    2 298

rt7M_tl.a: [4]
    ABImemclr4.o                  6
    ABImemcpy_small.o            24
    ABImemset48.o                50
    I64DivMod.o                 560
    I64DivZer.o                   2
    cexit.o                      14
    cmain.o                      30
    cstart_closeall.o
    cstartup_M.o                 12
    data_init.o                  40
    lz77_init_single.o          122
    memchr.o                     88
    strchr.o                     22
    strlen.o                     54
    zero_init3.o                 58
    -------------------------------------------------
    Total:                    1 082

shb_l.a: [5]
    close.o                      24
    dwrite.o                     30
    exit.o                       20
    iarttio.o                   128
    iarwrite.o                   34
    iarwstd.o                    32
    lseek.o                      74
    remove.o                     20
    write.o                      16
    -------------------------------------------------
    Total:                      378

    Gaps                         42        2
    Linker created                        32    1 536
-----------------------------------------------------
    Grand Total:             18 772      507    2 497


*******************************************************************************
*** ENTRY LIST
***

Entry                       Address   Size  Type      Object
-----                       -------   ----  ----      ------
.iar.init_table$$Base    0x800'48b4          --   Gb  - Linker created -
.iar.init_table$$Limit   0x800'48d4          --   Gb  - Linker created -
?main                    0x800'48d5         Code  Gb  cmain.o [4]
AHBPrescTable            0x800'471c   0x10  Data  Gb  system_stm32l4xx.o [1]
Aldata                  0x2000'03b0    0x8  Data  Lc  heap0.o [2]
BusFault_Handler         0x800'4787    0x2  Code  Gb  stm32l4xx_it.o [1]
CSTACK$$Base            0x2000'03c8          --   Gb  - Linker created -
CSTACK$$Limit           0x2000'07c8          --   Gb  - Linker created -
CacheMore                0x800'1171   0x24  Code  Lc  xlocale_c.o [2]
DebugMon_Handler         0x800'478d    0x2  Code  Gb  stm32l4xx_it.o [1]
Error_Handler            0x800'2dc9    0xc  Code  Lc  main.o [1]
HAL_DMA_Abort_IT         0x800'2e15   0x4a  Code  Gb  stm32l4xx_hal_dma.o [1]
HAL_Delay                0x800'31b1   0x28  Code  Wk  stm32l4xx_hal.o [1]
HAL_GPIO_Init            0x800'2f2d  0x1b2  Code  Gb  stm32l4xx_hal_gpio.o [1]
HAL_GetTick              0x800'3f5d    0xc  Code  Wk  stm32l4xx_hal.o [1]
HAL_I2CEx_ConfigAnalogFilter
                         0x800'3131   0x2a  Code  Gb  stm32l4xx_hal_i2c_ex.o [1]
HAL_I2CEx_ConfigDigitalFilter
                         0x800'315b   0x26  Code  Gb  stm32l4xx_hal_i2c_ex.o [1]
HAL_I2C_ER_IRQHandler    0x800'20b1   0x5a  Code  Gb  stm32l4xx_hal_i2c.o [1]
HAL_I2C_EV_IRQHandler    0x800'20a1   0x10  Code  Gb  stm32l4xx_hal_i2c.o [1]
HAL_I2C_ErrorCallback    0x800'2db1   0x18  Code  Gb  main.o [1]
HAL_I2C_GetError         0x800'2111    0x4  Code  Gb  stm32l4xx_hal_i2c.o [1]
HAL_I2C_GetState         0x800'210b    0x6  Code  Gb  stm32l4xx_hal_i2c.o [1]
HAL_I2C_Init             0x800'1f39   0xa0  Code  Gb  stm32l4xx_hal_i2c.o [1]
HAL_I2C_MasterTxCpltCallback
                         0x800'2d8b    0x6  Code  Gb  main.o [1]
HAL_I2C_Master_Transmit_IT
                         0x800'1fe9   0x34  Code  Gb  stm32l4xx_hal_i2c.o [1]
HAL_I2C_MspInit          0x800'2a85  0x100  Code  Gb  stm32l4xx_hal_msp.o [1]
HAL_IncTick              0x800'47c5   0x10  Code  Wk  stm32l4xx_hal.o [1]
HAL_Init                 0x800'3111   0x1e  Code  Gb  stm32l4xx_hal.o [1]
HAL_InitTick             0x800'3f19   0x44  Code  Wk  stm32l4xx_hal.o [1]
HAL_MspInit              0x800'2a59   0x2c  Code  Gb  stm32l4xx_hal_msp.o [1]
HAL_NVIC_EnableIRQ       0x800'2ed7   0x16  Code  Gb  stm32l4xx_hal_cortex.o [1]
HAL_NVIC_SetPriority     0x800'2e9d   0x3a  Code  Gb  stm32l4xx_hal_cortex.o [1]
HAL_NVIC_SetPriorityGrouping
                         0x800'2e83   0x1a  Code  Gb  stm32l4xx_hal_cortex.o [1]
HAL_PWREx_ControlVoltageScaling
                         0x800'3e41   0x5e  Code  Gb  stm32l4xx_hal_pwr_ex.o [1]
HAL_PWREx_GetVoltageRange
                         0x800'3e35    0xc  Code  Gb  stm32l4xx_hal_pwr_ex.o [1]
HAL_RCCEx_PeriphCLKConfig
                         0x800'38e5  0x340  Code  Gb  stm32l4xx_hal_rcc_ex.o [1]
HAL_RCC_ClockConfig      0x800'3693  0x100  Code  Gb  stm32l4xx_hal_rcc.o [1]
HAL_RCC_GetSysClockFreq
                         0x800'37a7   0x92  Code  Gb  stm32l4xx_hal_rcc.o [1]
HAL_RCC_OscConfig        0x800'31d9  0x496  Code  Gb  stm32l4xx_hal_rcc.o [1]
HAL_SYSTICK_Config       0x800'2eed   0x28  Code  Gb  stm32l4xx_hal_cortex.o [1]
HEAP$$Base              0x2000'07c8          --   Gb  - Linker created -
HEAP$$Limit             0x2000'09c8          --   Gb  - Linker created -
HardFault_Handler        0x800'4783    0x2  Code  Gb  stm32l4xx_it.o [1]
I2C2_ER_IRQHandler       0x800'479b    0x6  Code  Gb  stm32l4xx_it.o [1]
I2C2_EV_IRQHandler       0x800'4795    0x6  Code  Gb  stm32l4xx_it.o [1]
I2C3_ER_IRQHandler       0x800'47a7    0x6  Code  Gb  stm32l4xx_it.o [1]
I2C3_EV_IRQHandler       0x800'47a1    0x6  Code  Gb  stm32l4xx_it.o [1]
I2C4_ER_IRQHandler       0x800'47b3    0x6  Code  Gb  stm32l4xx_it.o [1]
I2C4_EV_IRQHandler       0x800'47ad    0x6  Code  Gb  stm32l4xx_it.o [1]
I2C_DMAAbort             0x800'2935   0x22  Code  Lc  stm32l4xx_hal_i2c.o [1]
I2C_Disable_IRQ          0x800'29f9   0x5e  Code  Lc  stm32l4xx_hal_i2c.o [1]
I2C_Enable_IRQ           0x800'297b   0x64  Code  Lc  stm32l4xx_hal_i2c.o [1]
I2C_Flush_TXDR           0x800'2919   0x1c  Code  Lc  stm32l4xx_hal_i2c.o [1]
I2C_ITAddrCplt           0x800'250d   0x8e  Code  Lc  stm32l4xx_hal_i2c.o [1]
I2C_ITError              0x800'284f   0xca  Code  Lc  stm32l4xx_hal_i2c.o [1]
I2C_ITListenCplt         0x800'27eb   0x56  Code  Lc  stm32l4xx_hal_i2c.o [1]
I2C_ITMasterCplt         0x800'2639   0x92  Code  Lc  stm32l4xx_hal_i2c.o [1]
I2C_ITMasterSeqCplt      0x800'25a3   0x3c  Code  Lc  stm32l4xx_hal_i2c.o [1]
I2C_ITSlaveCplt          0x800'26fd   0xe0  Code  Lc  stm32l4xx_hal_i2c.o [1]
I2C_ITSlaveSeqCplt       0x800'25e9   0x50  Code  Lc  stm32l4xx_hal_i2c.o [1]
I2C_Master_ISR_DMA       0x800'2341  0x100  Code  Lc  stm32l4xx_hal_i2c.o [1]
I2C_Master_ISR_IT        0x800'2119  0x102  Code  Lc  stm32l4xx_hal_i2c.o [1]
I2C_Slave_ISR_DMA        0x800'2441   0xcc  Code  Lc  stm32l4xx_hal_i2c.o [1]
I2C_Slave_ISR_IT         0x800'2225  0x104  Code  Lc  stm32l4xx_hal_i2c.o [1]
I2C_TransferConfig       0x800'2957   0x22  Code  Lc  stm32l4xx_hal_i2c.o [1]
LoadInt                  0x800'036f   0x7a  Code  Lc  xprintffull.o [2]
MSIRangeTable            0x800'4810   0x30  Data  Gb  system_stm32l4xx.o [1]
MemManage_Handler        0x800'4785    0x2  Code  Gb  stm32l4xx_it.o [1]
NMI_Handler              0x800'4781    0x2  Code  Gb  stm32l4xx_it.o [1]
PendSV_Handler           0x800'478f    0x2  Code  Gb  stm32l4xx_it.o [1]
RCCEx_PLLSAI1_Config     0x800'3c4d   0xc8  Code  Lc  stm32l4xx_hal_rcc_ex.o [1]
RCCEx_PLLSAI2_Config     0x800'3d15   0xac  Code  Lc  stm32l4xx_hal_rcc_ex.o [1]
RCC_SetFlashLatencyFromMSIRange
                         0x800'3839   0x74  Code  Lc  stm32l4xx_hal_rcc.o [1]
Region$$Table$$Base      0x800'48b4          --   Gb  - Linker created -
Region$$Table$$Limit     0x800'48d4          --   Gb  - Linker created -
SVC_Handler              0x800'478b    0x2  Code  Gb  stm32l4xx_it.o [1]
SysTick_Handler          0x800'4791    0x4  Code  Gb  stm32l4xx_it.o [1]
SystemClock_Config       0x800'2d05   0x86  Code  Gb  main.o [1]
SystemCoreClock         0x2000'010c    0x4  Data  Gb  system_stm32l4xx.o [1]
SystemInit               0x800'46d1   0x3c  Code  Gb  system_stm32l4xx.o [1]
UsageFault_Handler       0x800'4789    0x2  Code  Gb  stm32l4xx_it.o [1]
_Close_all               0x800'47d5   0x3c  Code  Gb  xcloseall.o [2]
_Encoding_8859_1_Mbrlen
                         0x800'12bd    0x2  Code  Gb  xencoding_8859_1.o [2]
_Encoding_8859_1_Wctomb
                         0x800'12ab   0x12  Code  Gb  xencoding_8859_1.o [2]
_Files                  0x2000'0268   0x20  Data  Gb  xfiles.o [2]
_Fofree                  0x800'4595   0x86  Code  Gb  xfofind.o [2]
_Fspos                   0x800'40d5   0xd8  Code  Gb  xfspos.o [2]
_Fwprep                  0x800'44bd   0xb4  Code  Gb  xfwprep.o [2]
_GenldFull               0x800'0dcd  0x274  Code  Lc  xprintffull.o [2]
_LdtobFull               0x800'09c9  0x3d6  Code  Lc  xprintffull.o [2]
_LitobFull               0x800'0879  0x10a  Code  Lc  xprintffull.o [2]
_Locale_lconv           0x2000'0110   0x38  Data  Lc  xlocale_c.o [2]
_Nnl                     0x800'4259    0xc  Code  Gb  xfgpos.o [2]
_PrintfFull              0x800'01ad  0x1aa  Code  Gb  xprintffull.o [2]
_Prout                   0x800'490b   0x16  Code  Gb  xprout.o [2]
_PutcharsFull            0x800'1041   0x2e  Code  Lc  xprintffull.o [2]
_PutfldFull              0x800'03e9  0x2d4  Code  Lc  xprintffull.o [2]
_PutstrFull              0x800'07b3   0xc6  Code  Lc  xprintffull.o [2]
_PuttxtFull              0x800'06bd   0xf6  Code  Lc  xprintffull.o [2]
__NVIC_SetPriority       0x800'2e69   0x1a  Code  Lc  stm32l4xx_hal_cortex.o [1]
__aeabi_cdcmple          0x800'1789         Code  Gb  DblCmpLe.o [3]
__aeabi_cdrcmple         0x800'17b9         Code  Gb  DblCmpGe.o [3]
__aeabi_d2iz             0x800'1925         Code  Gb  DblToS32.o [3]
__aeabi_d2uiz            0x800'1cb1         Code  Gb  DblToU32.o [3]
__aeabi_ddiv             0x800'1a69         Code  Gb  DblDiv.o [3]
__aeabi_dmul             0x800'1575         Code  Gb  DblMul.o [3]
__aeabi_dsub             0x800'1985         Code  Gb  DblSub.o [3]
__aeabi_i2d              0x800'1961         Code  Gb  S32ToDbl.o [3]
__aeabi_ldiv0            0x800'1cf9         Code  Gb  I64DivZer.o [4]
__aeabi_memclr4          0x800'2e61         Code  Gb  ABImemclr4.o [4]
__aeabi_ui2d             0x800'1cd9         Code  Gb  U32ToDbl.o [3]
__aeabi_uldivmod         0x800'1345         Code  Gb  I64DivMod.o [4]
__basic_free             0x800'4015   0x16  Code  Gb  heap0.o [2]
__basic_free_intern      0x800'402b   0x7a  Code  Lc  heap0.o [2]
__basic_malloc           0x800'3f69   0x18  Code  Gb  heap0.o [2]
__basic_malloc_intern    0x800'3f81   0x94  Code  Lc  heap0.o [2]
__cexit_closeall         0x800'48ff         Code  Gb  cexit.o [4]
__close                  0x800'46a3   0x18  Code  Gb  close.o [5]
__cmain                  0x800'48d5         Code  Gb  cmain.o [4]
__cstart_closeall        0x800'4aa4         Data  Gb  cstart_closeall.o [4]
__data_GetMemChunk       0x800'40a9   0x2c  Code  Gb  xgetmemchunk.o [2]
__data_GetMemChunk::start
                        0x2000'03bc    0x4  Data  Lc  xgetmemchunk.o [2]
__dwrite                 0x800'438d   0x1e  Code  Gb  dwrite.o [5]
__exit                   0x800'1e69   0x14  Code  Gb  exit.o [5]
__iar_Fail_s             0x800'1235   0x1c  Code  Gb  xfail_s.o [2]
__iar_Mbcurmax           0x800'1321    0xa  Code  Gb  xmbcurmax.o [2]
__iar_Memchr             0x800'12c9         Code  Gb  memchr.o [4]
__iar_Memset4_word       0x800'3ee5         Code  Gb  ABImemset48.o [4]
__iar_Memset8_word       0x800'3ee5         Code  Gb  ABImemset48.o [4]
__iar_Stderr            0x2000'0220   0x48  Data  Gb  xfiles.o [2]
__iar_Stdin             0x2000'0190   0x48  Data  Gb  xfiles.o [2]
__iar_Stdout            0x2000'01d8   0x48  Data  Gb  xfiles.o [2]
__iar_Strchr             0x800'11e5         Code  Gb  strchr.o [4]
__iar_close_ttio         0x800'1e7d   0x2e  Code  Gb  iarttio.o [5]
__iar_dadd               0x800'1995         Code  Gb  DblSub.o [3]
__iar_data_init3         0x800'4869   0x28  Code  Gb  data_init.o [4]
__iar_dsub               0x800'1cfd         Code  Gb  DblAdd.o [3]
__iar_dsubStart          0x800'1d0f         Code  Gb  DblAdd.o [3]
__iar_frexp              0x800'1725         Code  Gb  frexp.o [3]
__iar_frexpl             0x800'1725         Code  Gb  frexp.o [3]
__iar_get_ttio           0x800'1ead   0x4c  Code  Gb  iarttio.o [5]
__iar_globLocale        0x2000'0148   0x48  Data  Lc  xlocale_c.o [2]
__iar_global_Locale      0x800'116d    0x4  Code  Gb  xlocale_c.o [2]
__iar_init_vfp           0x800'4891         Code  Gb  fpinit_M.o [3]
__iar_ldexp64            0x800'17e9         Code  Gb  ldexp.o [3]
__iar_lookup_ttioh       0x800'1f2b    0x4  Code  Gb  XShttio.o [2]
__iar_lz77_init_single3
                         0x800'10f3   0x7a  Code  Gb  lz77_init_single.o [4]
__iar_program_start      0x800'493d         Code  Gb  cstartup_M.o [4]
__iar_scalbln64          0x800'17e9         Code  Gb  ldexp.o [3]
__iar_scalbn64           0x800'17e9         Code  Gb  ldexp.o [3]
__iar_sh_Discard         0x800'42c1   0x42  Code  Gb  XShHandles.o [2]
__iar_sh_Move            0x800'4303   0x46  Code  Gb  XShHandles.o [2]
__iar_sh_Pos             0x800'4349   0x3e  Code  Gb  XShHandles.o [2]
__iar_sh_stdout          0x800'43ab   0x20  Code  Gb  iarwstd.o [5]
__iar_sh_write           0x800'43cb   0x22  Code  Gb  iarwrite.o [5]
__iar_small_Memcpy       0x800'1331         Code  Gb  ABImemcpy_small.o [4]
__iar_small_memcpy       0x800'132d         Code  Gb  ABImemcpy_small.o [4]
__iar_small_memcpy4      0x800'132d         Code  Gb  ABImemcpy_small.o [4]
__iar_small_memcpy8      0x800'132d         Code  Gb  ABImemcpy_small.o [4]
__iar_softfp___iar_frexp64
                         0x800'1719         Code  Gb  frexp.o [3]
__iar_softfp_frexp       0x800'1719         Code  Gb  frexp.o [3]
__iar_softfp_frexpl      0x800'1719         Code  Gb  frexp.o [3]
__iar_ttio_guard_lock    0x800'1efd   0x1e  Code  Gb  XShttio.o [2]
__iar_ttio_guard_unlock
                         0x800'1f1b   0x10  Code  Gb  XShttio.o [2]
__iar_ttio_handles      0x2000'0288    0x8  Data  Lc  XShttio.o [2]
__iar_zero_init3         0x800'11fb   0x3a  Code  Gb  zero_init3.o [4]
__low_level_init         0x800'48f3    0x4  Code  Gb  low_level_init.o [2]
__lseek                  0x800'4265   0x4a  Code  Gb  lseek.o [5]
__vector_table           0x800'0000         Data  Gb  startup_stm32l4a6xx.o [1]
__write                  0x800'42af   0x10  Code  Gb  write.o [5]
_call_main               0x800'48e1         Code  Gb  cmain.o [4]
_exit                    0x800'48fd         Code  Gb  cexit.o [4]
_gLocale_mblen           0x800'11d1    0x4  Code  Gb  xlocale_c.o [2]
_gLocale_mblenInt        0x800'1195   0x2c  Code  Gb  xlocale_c.o [2]
_gLocale_wctomb          0x800'11d5    0x4  Code  Gb  xlocale_c.o [2]
_gLocale_wctombInt       0x800'11cd    0x4  Code  Gb  xlocale_c.o [2]
_main                    0x800'48ef         Code  Gb  cmain.o [4]
aTxBuffer               0x2000'00e4   0x1c  Data  Gb  main.o [1]
abort                    0x800'1cf3    0x6  Code  Gb  abort.o [2]
ebuf                    0x2000'0310   0x50  Data  Lc  xfiles.o [2]
exit                     0x800'48f7    0x4  Code  Gb  exit.o [2]
fclose                   0x800'4625   0x7e  Code  Gb  fclose.o [2]
fflush                   0x800'4221   0x34  Code  Gb  fflush.o [2]
fflushOne                0x800'41ad   0x74  Code  Lc  fflush.o [2]
fputc                    0x800'472d   0x54  Code  Gb  fputc.o [2]
free                     0x800'4621    0x4  Code  Gb  heaptramp0.o [2]
fseek                    0x800'4571   0x24  Code  Gb  fseek.o [2]
hi2c2                   0x2000'0000   0x4c  Data  Gb  main.o [1]
hi2c3                   0x2000'004c   0x4c  Data  Gb  main.o [1]
hi2c4                   0x2000'0098   0x4c  Data  Gb  main.o [1]
ldexp                    0x800'17e9         Code  Gb  ldexp.o [3]
ldexpl                   0x800'17e9         Code  Gb  ldexp.o [3]
localeconv               0x800'11d9    0x4  Code  Gb  xlocale_c.o [2]
main                     0x800'2bd9  0x12c  Code  Gb  main.o [1]
memchr                   0x800'12c9         Code  Gb  memchr.o [4]
obuf                    0x2000'0360   0x50  Data  Lc  xfiles.o [2]
printf                   0x800'3ebd   0x28  Code  Gb  printf.o [2]
putchar                  0x800'4921    0xc  Code  Gb  putchar.o [2]
remove                   0x800'46bb   0x14  Code  Gb  remove.o [5]
sFileInfo               0x2000'0290   0x80  Data  Lc  XShHandles.o [2]
scalbln                  0x800'17e9         Code  Gb  ldexp.o [3]
scalblnl                 0x800'17e9         Code  Gb  ldexp.o [3]
scalbn                   0x800'17e9         Code  Gb  ldexp.o [3]
scalbnl                  0x800'17e9         Code  Gb  ldexp.o [3]
scale                    0x800'0983   0x46  Code  Lc  xprintffull.o [2]
sec_hand                0x2000'03b8    0x4  Data  Lc  xfail_s.o [2]
strchr                   0x800'11e5         Code  Gb  strchr.o [4]
strlen                   0x800'1275         Code  Gb  strlen.o [4]
ttio_guard              0x2000'03c0    0x1  Data  Lc  XShttio.o [2]
uwTick                  0x2000'0100    0x4  Data  Gb  stm32l4xx_hal.o [1]
uwTickFreq              0x2000'0108    0x4  Data  Gb  stm32l4xx_hal.o [1]
uwTickPrio              0x2000'0104    0x4  Data  Gb  stm32l4xx_hal.o [1]


[1] = C:\Users\hamza.omrani\Desktop\I2C TwoBoards\Master Ncucleo Board\EWARM\Master Ncucleo Board\Obj
[2] = dl7M_tlf.a
[3] = m7M_tls.a
[4] = rt7M_tl.a
[5] = shb_l.a

  18 772 bytes of readonly  code memory
     507 bytes of readonly  data memory
   2 497 bytes of readwrite data memory

Errors: none
Warnings: none
