###############################################################################
#
# IAR ELF Linker V8.32.1.169/W32 for ARM                  12/Nov/2019  13:37:00
# Copyright 2007-2018 IAR Systems AB.
#
#    Output file  =  F:\Work Done\LoopBack V0.8\EWARM\UARTOnly\Exe\UARTOnly.out
#    Map file     =  
#        F:\Work Done\LoopBack V0.8\EWARM\UARTOnly\List\UARTOnly.map
#    Command line =  
#        -f C:\Users\HAMZA~1.OMR\AppData\Local\Temp\EW5FF4.tmp ("F:\Work
#        Done\LoopBack V0.8\EWARM\UARTOnly\Obj\cmsis_os.o" "F:\Work
#        Done\LoopBack V0.8\EWARM\UARTOnly\Obj\croutine.o" "F:\Work
#        Done\LoopBack V0.8\EWARM\UARTOnly\Obj\event_groups.o" "F:\Work
#        Done\LoopBack V0.8\EWARM\UARTOnly\Obj\freertos.o" "F:\Work
#        Done\LoopBack V0.8\EWARM\UARTOnly\Obj\heap_4.o" "F:\Work Done\LoopBack
#        V0.8\EWARM\UARTOnly\Obj\list.o" "F:\Work Done\LoopBack
#        V0.8\EWARM\UARTOnly\Obj\main.o" "F:\Work Done\LoopBack
#        V0.8\EWARM\UARTOnly\Obj\port.o" "F:\Work Done\LoopBack
#        V0.8\EWARM\UARTOnly\Obj\portasm.o" "F:\Work Done\LoopBack
#        V0.8\EWARM\UARTOnly\Obj\queue.o" "F:\Work Done\LoopBack
#        V0.8\EWARM\UARTOnly\Obj\startup_stm32l4a6xx.o" "F:\Work Done\LoopBack
#        V0.8\EWARM\UARTOnly\Obj\stm32l4xx_hal.o" "F:\Work Done\LoopBack
#        V0.8\EWARM\UARTOnly\Obj\stm32l4xx_hal_cortex.o" "F:\Work Done\LoopBack
#        V0.8\EWARM\UARTOnly\Obj\stm32l4xx_hal_dma.o" "F:\Work Done\LoopBack
#        V0.8\EWARM\UARTOnly\Obj\stm32l4xx_hal_dma_ex.o" "F:\Work Done\LoopBack
#        V0.8\EWARM\UARTOnly\Obj\stm32l4xx_hal_exti.o" "F:\Work Done\LoopBack
#        V0.8\EWARM\UARTOnly\Obj\stm32l4xx_hal_flash.o" "F:\Work Done\LoopBack
#        V0.8\EWARM\UARTOnly\Obj\stm32l4xx_hal_flash_ex.o" "F:\Work
#        Done\LoopBack V0.8\EWARM\UARTOnly\Obj\stm32l4xx_hal_flash_ramfunc.o"
#        "F:\Work Done\LoopBack V0.8\EWARM\UARTOnly\Obj\stm32l4xx_hal_gpio.o"
#        "F:\Work Done\LoopBack V0.8\EWARM\UARTOnly\Obj\stm32l4xx_hal_i2c.o"
#        "F:\Work Done\LoopBack V0.8\EWARM\UARTOnly\Obj\stm32l4xx_hal_i2c_ex.o"
#        "F:\Work Done\LoopBack V0.8\EWARM\UARTOnly\Obj\stm32l4xx_hal_msp.o"
#        "F:\Work Done\LoopBack V0.8\EWARM\UARTOnly\Obj\stm32l4xx_hal_pwr.o"
#        "F:\Work Done\LoopBack V0.8\EWARM\UARTOnly\Obj\stm32l4xx_hal_pwr_ex.o"
#        "F:\Work Done\LoopBack V0.8\EWARM\UARTOnly\Obj\stm32l4xx_hal_rcc.o"
#        "F:\Work Done\LoopBack V0.8\EWARM\UARTOnly\Obj\stm32l4xx_hal_rcc_ex.o"
#        "F:\Work Done\LoopBack V0.8\EWARM\UARTOnly\Obj\stm32l4xx_hal_tim.o"
#        "F:\Work Done\LoopBack V0.8\EWARM\UARTOnly\Obj\stm32l4xx_hal_tim_ex.o"
#        "F:\Work Done\LoopBack
#        V0.8\EWARM\UARTOnly\Obj\stm32l4xx_hal_timebase_tim.o" "F:\Work
#        Done\LoopBack V0.8\EWARM\UARTOnly\Obj\stm32l4xx_hal_uart.o" "F:\Work
#        Done\LoopBack V0.8\EWARM\UARTOnly\Obj\stm32l4xx_hal_uart_ex.o"
#        "F:\Work Done\LoopBack V0.8\EWARM\UARTOnly\Obj\stm32l4xx_it.o"
#        "F:\Work Done\LoopBack V0.8\EWARM\UARTOnly\Obj\stream_buffer.o"
#        "F:\Work Done\LoopBack V0.8\EWARM\UARTOnly\Obj\system_stm32l4xx.o"
#        "F:\Work Done\LoopBack V0.8\EWARM\UARTOnly\Obj\tasks.o" "F:\Work
#        Done\LoopBack V0.8\EWARM\UARTOnly\Obj\timers.o" --redirect
#        _Printf=_PrintfFull --redirect _Scanf=_ScanfFull --no_out_extension -o
#        "F:\Work Done\LoopBack V0.8\EWARM\UARTOnly\Exe\UARTOnly.out" --map
#        "F:\Work Done\LoopBack V0.8\EWARM\UARTOnly\List\UARTOnly.map" --config
#        "F:\Work Done\LoopBack V0.8\EWARM/stm32l4a6xx_flash.icf" --semihosting
#        --entry __iar_program_start --vfe --text_out locale)
#
###############################################################################

*******************************************************************************
*** RUNTIME MODEL ATTRIBUTES
***

CppFlavor       = *
__SystemLibrary = DLib
__dlib_version  = 6


*******************************************************************************
*** HEAP SELECTION
***

The basic heap was selected because no calls to memory allocation
functions were found in the application outside of system library
functions, and there are calls to deallocation functions in the
application.


*******************************************************************************
*** PLACEMENT SUMMARY
***

"A0":  place at 0x800'0000 { ro section .intvec };
"P1":  place in [from 0x800'0000 to 0x80f'ffff] { ro };
define block CSTACK with size = 1K, alignment = 8 { };
define block HEAP with size = 512, alignment = 8 { };
"P2":  place in [from 0x2000'0000 to 0x2004'ffff] {
          rw, block CSTACK, block HEAP };
initialize by copy { rw };

  Section            Kind         Address    Size  Object
  -------            ----         -------    ----  ------
"A0":                                       0x1ac
  .intvec            ro code   0x800'0000   0x1ac  startup_stm32l4a6xx.o [1]
                             - 0x800'01ac   0x1ac

"P1":                                      0x6da1
  .text              ro code   0x800'01ac   0xf46  xprintffull.o [2]
  .text              ro code   0x800'10f2    0x7a  lz77_init_single.o [4]
  .text              ro code   0x800'116c    0x78  xlocale_c.o [2]
  .text              ro code   0x800'11e4    0x16  strchr.o [4]
  .text              ro code   0x800'11fa    0x3a  zero_init3.o [4]
  .text              ro code   0x800'1234    0x40  xfail_s.o [2]
  .text              ro code   0x800'1274    0x36  strlen.o [4]
  .text              ro code   0x800'12aa    0x1e  xencoding_8859_1.o [2]
  .text              ro code   0x800'12c8    0x58  memchr.o [4]
  .text              ro code   0x800'1320     0xa  xmbcurmax.o [2]
  .text              ro code   0x800'132a    0x1a  xsnprout.o [2]
  .text              ro code   0x800'1344    0xa6  ABImemcpy.o [4]
  .text              ro code   0x800'13ec   0x230  I64DivMod.o [4]
  .text              ro code   0x800'161c   0x1a2  DblMul.o [3]
  .text              ro code   0x800'17c0    0x70  frexp.o [3]
  .text              ro code   0x800'1830    0x2e  DblCmpLe.o [3]
  .text              ro code   0x800'1860    0x2e  DblCmpGe.o [3]
  .text              ro code   0x800'1890   0x13a  ldexp.o [3]
  .text              ro code   0x800'19cc    0x3a  DblToS32.o [3]
  .text              ro code   0x800'1a08    0x22  S32ToDbl.o [3]
  .text              ro code   0x800'1a2c    0xe2  DblSub.o [3]
  .text              ro code   0x800'1b10   0x246  DblDiv.o [3]
  .text              ro code   0x800'1d58    0x28  DblToU32.o [3]
  .text              ro code   0x800'1d80    0x1a  U32ToDbl.o [3]
  .text              ro code   0x800'1d9a     0x6  abort.o [2]
  .text              ro code   0x800'1da0     0x2  I64DivZer.o [4]
  .text              ro code   0x800'1da4   0x16a  DblAdd.o [3]
  .text              ro code   0x800'1f10    0x14  exit.o [5]
  .text              ro code   0x800'1f24   0xb3c  stm32l4xx_hal_uart.o [1]
  .text              ro code   0x800'2a60    0xec  stm32l4xx_hal_msp.o [1]
  .text              ro code   0x800'2b4c    0x5e  stm32l4xx_hal_dma.o [1]
  .text              ro code   0x800'2baa     0x2  stm32l4xx_hal_uart.o [1]
  .text              ro code   0x800'2bac     0x2  stm32l4xx_hal_uart_ex.o [1]
  .text              ro code   0x800'2bb0   0x9b4  stm32l4xx_hal_rcc.o [1]
  .text              ro code   0x800'3564     0xc  stm32l4xx_hal.o [1]
  .text              ro code   0x800'3570     0x2  stm32l4xx_hal_uart.o [1]
  .text              ro code   0x800'3574   0x312  main.o [1]
  .text              ro code   0x800'3888   0x114  stm32l4xx_hal_cortex.o [1]
  .text              ro code   0x800'399c     0x6  ABImemclr4.o [4]
  .text              ro code   0x800'39a4    0xa4  stm32l4xx_hal_pwr_ex.o [1]
  .text              ro code   0x800'3a48   0x21c  stm32l4xx_hal_gpio.o [1]
  .text              ro code   0x800'3c64    0x94  stm32l4xx_hal_timebase_tim.o [1]
  .text              ro code   0x800'3cf8    0x24  stm32l4xx_hal.o [1]
  .text              ro code   0x800'3d1c   0x178  cmsis_os.o [1]
  .text              ro code   0x800'3e94   0x7c8  queue.o [1]
  .text              ro code   0x800'465c   0x730  stm32l4xx_hal_rcc_ex.o [1]
  .text              ro code   0x800'4d8c   0x482  stm32l4xx_hal_tim.o [1]
  .text              ro code   0x800'5210    0x70  stm32l4xx_hal_tim_ex.o [1]
  .text              ro code   0x800'5280    0x18  stm32l4xx_hal.o [1]
  .text              ro code   0x800'5298    0x44  snprintf.o [2]
  .text              ro code   0x800'52dc    0x32  ABImemset48.o [4]
  .text              ro code   0x800'5310   0xaac  tasks.o [1]
  .text              ro code   0x800'5dbc   0x544  timers.o [1]
  .text              ro code   0x800'6300   0x25c  port.o [1]
  .text              ro code   0x800'655c    0x9a  list.o [1]
  .text              ro code   0x800'65f8   0x274  heap_4.o [1]
  .text              ro code   0x800'686c     0x2  stm32l4xx_hal_tim.o [1]
  .text              ro code   0x800'686e     0x2  stm32l4xx_hal_tim.o [1]
  .text              ro code   0x800'6870     0x2  stm32l4xx_hal_tim.o [1]
  .text              ro code   0x800'6872     0x2  stm32l4xx_hal_tim_ex.o [1]
  .text              ro code   0x800'6874     0x2  stm32l4xx_hal_tim_ex.o [1]
  .text              ro code   0x800'6876     0x2  stm32l4xx_hal_tim.o [1]
  .text              ro code   0x800'6878     0x2  stm32l4xx_hal_tim_ex.o [1]
  .text              ro code   0x800'687c    0x30  freertos.o [1]
  CODE               ro code   0x800'68ac    0xb0  portasm.o [1]
  .text              ro code   0x800'695c   0x192  stm32l4xx_hal_flash.o [1]
  .text              ro code   0x800'6af0    0xac  stm32l4xx_hal_flash_ex.o [1]
  .text              ro code   0x800'6b9c     0x2  stm32l4xx_hal_flash.o [1]
  .text              ro code   0x800'6ba0    0x60  system_stm32l4xx.o [1]
  .text              ro code   0x800'6c00    0x40  stm32l4xx_it.o [1]
  .rodata            const     0x800'6c40    0x30  system_stm32l4xx.o [1]
  .text              ro code   0x800'6c70    0x28  data_init.o [4]
  .text              ro code   0x800'6c98    0x22  fpinit_M.o [3]
  .iar.init_table    const     0x800'6cbc    0x20  - Linker created -
  .text              ro code   0x800'6cdc    0x1e  cmain.o [4]
  .text              ro code   0x800'6cfa     0x4  low_level_init.o [2]
  .text              ro code   0x800'6cfe     0x4  exit.o [2]
  .text              ro code   0x800'6d04     0xa  cexit.o [4]
  .rodata            const     0x800'6d10    0x1c  main.o [1]
  .rodata            const     0x800'6d2c    0x10  system_stm32l4xx.o [1]
  .text              ro code   0x800'6d3c    0x10  startup_stm32l4a6xx.o [1]
  .rodata            const     0x800'6d4c     0xc  main.o [1]
  .text              ro code   0x800'6d58     0xc  cstartup_M.o [4]
  .rodata            const     0x800'6d64     0x8  main.o [1]
  .rodata            const     0x800'6d6c     0x8  system_stm32l4xx.o [1]
  .rodata            const     0x800'6d74     0x8  tasks.o [1]
  .rodata            const     0x800'6d7c     0x8  timers.o [1]
  .rodata            const     0x800'6d84     0x8  timers.o [1]
  .rodata            const     0x800'6d8c     0x6  xlocale_c.o [2]
  .rodata            const     0x800'6d94     0x4  heap_4.o [1]
  .rodata            const     0x800'6d98     0x4  port.o [1]
  .text              ro code   0x800'6d9c     0x4  startup_stm32l4a6xx.o [1]
  .text              ro code   0x800'6da0     0x4  startup_stm32l4a6xx.o [1]
  .text              ro code   0x800'6da4     0x4  startup_stm32l4a6xx.o [1]
  .text              ro code   0x800'6da8     0x4  startup_stm32l4a6xx.o [1]
  .text              ro code   0x800'6dac     0x4  startup_stm32l4a6xx.o [1]
  .text              ro code   0x800'6db0     0x4  startup_stm32l4a6xx.o [1]
  .text              ro code   0x800'6db4     0x4  startup_stm32l4a6xx.o [1]
  .text              ro code   0x800'6db8     0x4  startup_stm32l4a6xx.o [1]
  .text              ro code   0x800'6dbc     0x4  startup_stm32l4a6xx.o [1]
  .text              ro code   0x800'6dc0     0x4  startup_stm32l4a6xx.o [1]
  .text              ro code   0x800'6dc4     0x4  startup_stm32l4a6xx.o [1]
  .text              ro code   0x800'6dc8     0x4  startup_stm32l4a6xx.o [1]
  .text              ro code   0x800'6dcc     0x4  startup_stm32l4a6xx.o [1]
  .text              ro code   0x800'6dd0     0x4  startup_stm32l4a6xx.o [1]
  .text              ro code   0x800'6dd4     0x4  startup_stm32l4a6xx.o [1]
  .text              ro code   0x800'6dd8     0x4  startup_stm32l4a6xx.o [1]
  .text              ro code   0x800'6ddc     0x4  startup_stm32l4a6xx.o [1]
  .text              ro code   0x800'6de0     0x4  startup_stm32l4a6xx.o [1]
  .text              ro code   0x800'6de4     0x4  startup_stm32l4a6xx.o [1]
  .text              ro code   0x800'6de8     0x4  startup_stm32l4a6xx.o [1]
  .text              ro code   0x800'6dec     0x4  startup_stm32l4a6xx.o [1]
  .text              ro code   0x800'6df0     0x4  startup_stm32l4a6xx.o [1]
  .text              ro code   0x800'6df4     0x4  startup_stm32l4a6xx.o [1]
  .text              ro code   0x800'6df8     0x4  startup_stm32l4a6xx.o [1]
  .text              ro code   0x800'6dfc     0x4  startup_stm32l4a6xx.o [1]
  .text              ro code   0x800'6e00     0x4  startup_stm32l4a6xx.o [1]
  .text              ro code   0x800'6e04     0x4  startup_stm32l4a6xx.o [1]
  .text              ro code   0x800'6e08     0x4  startup_stm32l4a6xx.o [1]
  .text              ro code   0x800'6e0c     0x4  startup_stm32l4a6xx.o [1]
  .text              ro code   0x800'6e10     0x4  startup_stm32l4a6xx.o [1]
  .text              ro code   0x800'6e14     0x4  startup_stm32l4a6xx.o [1]
  .text              ro code   0x800'6e18     0x4  startup_stm32l4a6xx.o [1]
  .text              ro code   0x800'6e1c     0x4  startup_stm32l4a6xx.o [1]
  .text              ro code   0x800'6e20     0x4  startup_stm32l4a6xx.o [1]
  .text              ro code   0x800'6e24     0x4  startup_stm32l4a6xx.o [1]
  .text              ro code   0x800'6e28     0x4  startup_stm32l4a6xx.o [1]
  .text              ro code   0x800'6e2c     0x4  startup_stm32l4a6xx.o [1]
  .text              ro code   0x800'6e30     0x4  startup_stm32l4a6xx.o [1]
  .text              ro code   0x800'6e34     0x4  startup_stm32l4a6xx.o [1]
  .text              ro code   0x800'6e38     0x4  startup_stm32l4a6xx.o [1]
  .text              ro code   0x800'6e3c     0x4  startup_stm32l4a6xx.o [1]
  .text              ro code   0x800'6e40     0x4  startup_stm32l4a6xx.o [1]
  .text              ro code   0x800'6e44     0x4  startup_stm32l4a6xx.o [1]
  .text              ro code   0x800'6e48     0x4  startup_stm32l4a6xx.o [1]
  .text              ro code   0x800'6e4c     0x4  startup_stm32l4a6xx.o [1]
  .text              ro code   0x800'6e50     0x4  startup_stm32l4a6xx.o [1]
  .text              ro code   0x800'6e54     0x4  startup_stm32l4a6xx.o [1]
  .text              ro code   0x800'6e58     0x4  startup_stm32l4a6xx.o [1]
  .text              ro code   0x800'6e5c     0x4  startup_stm32l4a6xx.o [1]
  .text              ro code   0x800'6e60     0x4  startup_stm32l4a6xx.o [1]
  .text              ro code   0x800'6e64     0x4  startup_stm32l4a6xx.o [1]
  .text              ro code   0x800'6e68     0x4  startup_stm32l4a6xx.o [1]
  .text              ro code   0x800'6e6c     0x4  startup_stm32l4a6xx.o [1]
  .text              ro code   0x800'6e70     0x4  startup_stm32l4a6xx.o [1]
  .text              ro code   0x800'6e74     0x4  startup_stm32l4a6xx.o [1]
  .text              ro code   0x800'6e78     0x4  startup_stm32l4a6xx.o [1]
  .text              ro code   0x800'6e7c     0x4  startup_stm32l4a6xx.o [1]
  .text              ro code   0x800'6e80     0x4  startup_stm32l4a6xx.o [1]
  .text              ro code   0x800'6e84     0x4  startup_stm32l4a6xx.o [1]
  .text              ro code   0x800'6e88     0x4  startup_stm32l4a6xx.o [1]
  .text              ro code   0x800'6e8c     0x4  startup_stm32l4a6xx.o [1]
  .text              ro code   0x800'6e90     0x4  startup_stm32l4a6xx.o [1]
  .text              ro code   0x800'6e94     0x4  startup_stm32l4a6xx.o [1]
  .text              ro code   0x800'6e98     0x4  startup_stm32l4a6xx.o [1]
  .text              ro code   0x800'6e9c     0x4  startup_stm32l4a6xx.o [1]
  .text              ro code   0x800'6ea0     0x4  startup_stm32l4a6xx.o [1]
  .text              ro code   0x800'6ea4     0x4  startup_stm32l4a6xx.o [1]
  .text              ro code   0x800'6ea8     0x4  startup_stm32l4a6xx.o [1]
  .text              ro code   0x800'6eac     0x4  startup_stm32l4a6xx.o [1]
  .text              ro code   0x800'6eb0     0x4  startup_stm32l4a6xx.o [1]
  .text              ro code   0x800'6eb4     0x4  startup_stm32l4a6xx.o [1]
  .text              ro code   0x800'6eb8     0x4  startup_stm32l4a6xx.o [1]
  .text              ro code   0x800'6ebc     0x4  startup_stm32l4a6xx.o [1]
  .text              ro code   0x800'6ec0     0x4  startup_stm32l4a6xx.o [1]
  .text              ro code   0x800'6ec4     0x4  startup_stm32l4a6xx.o [1]
  .text              ro code   0x800'6ec8     0x4  startup_stm32l4a6xx.o [1]
  .text              ro code   0x800'6ecc     0x4  startup_stm32l4a6xx.o [1]
  .text              ro code   0x800'6ed0     0x4  startup_stm32l4a6xx.o [1]
  .text              ro code   0x800'6ed4     0x4  startup_stm32l4a6xx.o [1]
  .text              ro code   0x800'6ed8     0x4  startup_stm32l4a6xx.o [1]
  .text              ro code   0x800'6edc     0x4  startup_stm32l4a6xx.o [1]
  .text              ro code   0x800'6ee0     0x4  startup_stm32l4a6xx.o [1]
  .text              ro code   0x800'6ee4     0x4  startup_stm32l4a6xx.o [1]
  .text              ro code   0x800'6ee8     0x4  startup_stm32l4a6xx.o [1]
  .text              ro code   0x800'6eec     0x4  startup_stm32l4a6xx.o [1]
  .text              ro code   0x800'6ef0     0x4  startup_stm32l4a6xx.o [1]
  .rodata            const     0x800'6ef4     0x0  zero_init3.o [4]
  .rodata            const     0x800'6ef4     0x0  lz77_init_single.o [4]
  Initializer bytes  const     0x800'6ef4    0x59  <for P2-1>
                             - 0x800'6f4d  0x6da1

"P2", part 1 of 3:                           0xd0
  P2-1                        0x2000'0000    0xd0  <Init block>
    .data            inited   0x2000'0000    0x20  main.o [1]
    .data            inited   0x2000'0020     0x4  port.o [1]
    .data            inited   0x2000'0024     0x4  stm32l4xx_hal.o [1]
    .data            inited   0x2000'0028     0x4  stm32l4xx_hal.o [1]
    .data            inited   0x2000'002c    0x20  stm32l4xx_hal_flash.o [1]
    .data            inited   0x2000'004c     0x4  system_stm32l4xx.o [1]
    .data            inited   0x2000'0050    0x38  xlocale_c.o [2]
    .data            inited   0x2000'0088    0x48  xlocale_c.o [2]
                            - 0x2000'00d0    0xd0

"P2", part 2 of 3:                         0x1604
  .bss               zero     0x2000'00d0   0xbb8  heap_4.o [1]
  .bss               zero     0x2000'0c88   0x400  freertos.o [1]
  .bss               zero     0x2000'1088   0x200  freertos.o [1]
  .bss               zero     0x2000'1288    0x8c  tasks.o [1]
  .bss               zero     0x2000'1314    0x80  main.o [1]
  .bss               zero     0x2000'1394    0x78  timers.o [1]
  .bss               zero     0x2000'140c    0x54  freertos.o [1]
  .bss               zero     0x2000'1460    0x54  freertos.o [1]
  .bss               zero     0x2000'14b4    0x48  timers.o [1]
  .bss               zero     0x2000'14fc    0x40  main.o [1]
  .bss               zero     0x2000'153c    0x40  queue.o [1]
  .bss               zero     0x2000'157c    0x40  stm32l4xx_hal_timebase_tim.o [1]
  .bss               zero     0x2000'15bc    0x14  tasks.o [1]
  .bss               zero     0x2000'15d0    0x14  tasks.o [1]
  .bss               zero     0x2000'15e4    0x14  tasks.o [1]
  .bss               zero     0x2000'15f8    0x14  tasks.o [1]
  .bss               zero     0x2000'160c    0x14  tasks.o [1]
  .bss               zero     0x2000'1620    0x14  timers.o [1]
  .bss               zero     0x2000'1634    0x14  timers.o [1]
  .bss               zero     0x2000'1648     0x8  heap_4.o [1]
  .bss               zero     0x2000'1650     0x4  heap_4.o [1]
  .bss               zero     0x2000'1654     0x4  heap_4.o [1]
  .bss               zero     0x2000'1658     0x4  heap_4.o [1]
  .bss               zero     0x2000'165c     0x4  heap_4.o [1]
  .bss               zero     0x2000'1660     0x4  main.o [1]
  .bss               zero     0x2000'1664     0x4  main.o [1]
  .bss               zero     0x2000'1668     0x4  main.o [1]
  .bss               zero     0x2000'166c     0x4  main.o [1]
  .bss               zero     0x2000'1670     0x4  main.o [1]
  .bss               zero     0x2000'1674     0x4  port.o [1]
  .bss               zero     0x2000'1678     0x4  stm32l4xx_hal.o [1]
  .bss               zero     0x2000'167c     0x4  tasks.o [1]
  .bss               zero     0x2000'1680     0x4  tasks.o [1]
  .bss               zero     0x2000'1684     0x4  tasks.o [1]
  .bss               zero     0x2000'1688     0x4  tasks.o [1]
  .bss               zero     0x2000'168c     0x4  tasks.o [1]
  .bss               zero     0x2000'1690     0x4  tasks.o [1]
  .bss               zero     0x2000'1694     0x4  tasks.o [1]
  .bss               zero     0x2000'1698     0x4  tasks.o [1]
  .bss               zero     0x2000'169c     0x4  tasks.o [1]
  .bss               zero     0x2000'16a0     0x4  tasks.o [1]
  .bss               zero     0x2000'16a4     0x4  tasks.o [1]
  .bss               zero     0x2000'16a8     0x4  tasks.o [1]
  .bss               zero     0x2000'16ac     0x4  tasks.o [1]
  .bss               zero     0x2000'16b0     0x4  tasks.o [1]
  .bss               zero     0x2000'16b4     0x4  tasks.o [1]
  .bss               zero     0x2000'16b8     0x4  timers.o [1]
  .bss               zero     0x2000'16bc     0x4  timers.o [1]
  .bss               zero     0x2000'16c0     0x4  timers.o [1]
  .bss               zero     0x2000'16c4     0x4  timers.o [1]
  .bss               zero     0x2000'16c8     0x4  timers.o [1]
  .bss               zero     0x2000'16cc     0x4  xfail_s.o [2]
  .bss               zero     0x2000'16d0     0x1  main.o [1]
  .bss               zero     0x2000'16d1     0x1  main.o [1]
  .bss               zero     0x2000'16d2     0x1  port.o [1]
                            - 0x2000'16d3  0x1603

"P2", part 3 of 3:                          0x400
  CSTACK                      0x2000'16d8   0x400  <Block>
    CSTACK           uninit   0x2000'16d8   0x400  <Block tail>
                            - 0x2000'1ad8   0x400

Unused ranges:

         From           To      Size
         ----           --      ----
   0x800'6f4d   0x80f'ffff  0xf'90b3
  0x2000'16d4  0x2000'16d7       0x4
  0x2000'1ad8  0x2004'ffff  0x4'e528


*******************************************************************************
*** INIT TABLE
***

          Address      Size
          -------      ----
Zero (__iar_zero_init3)
    1 destination range, total size 0x1603:
          0x2000'00d0  0x1603

Copy/lz77 (__iar_lz77_init_single3)
    1 source range, total size 0x59 (42% of destination):
           0x800'6ef4    0x59
    1 destination range, total size 0xd0:
          0x2000'0000    0xd0



*******************************************************************************
*** MODULE SUMMARY
***

    Module                        ro code  ro data  rw data
    ------                        -------  -------  -------
command line/config:
    -------------------------------------------------------
    Total:

F:\Work Done\LoopBack V0.8\EWARM\UARTOnly\Obj: [1]
    cmsis_os.o                        376
    freertos.o                         48             1 704
    heap_4.o                          628        4    3 024
    list.o                            154
    main.o                            786       61      246
    port.o                            604        6        9
    portasm.o                         176
    queue.o                         1 992                64
    startup_stm32l4a6xx.o             788
    stm32l4xx_hal.o                    72        3       12
    stm32l4xx_hal_cortex.o            276
    stm32l4xx_hal_dma.o                94
    stm32l4xx_hal_flash.o             404       14       32
    stm32l4xx_hal_flash_ex.o          172
    stm32l4xx_hal_gpio.o              540
    stm32l4xx_hal_msp.o               236
    stm32l4xx_hal_pwr_ex.o            164
    stm32l4xx_hal_rcc.o             2 484
    stm32l4xx_hal_rcc_ex.o          1 840
    stm32l4xx_hal_tim.o             1 162
    stm32l4xx_hal_tim_ex.o            118
    stm32l4xx_hal_timebase_tim.o      148                64
    stm32l4xx_hal_uart.o            2 880
    stm32l4xx_hal_uart_ex.o             2
    stm32l4xx_it.o                     64
    system_stm32l4xx.o                 96       74        4
    tasks.o                         2 732        8      300
    timers.o                        1 348       16      252
    -------------------------------------------------------
    Total:                         20 384      186    5 711

dl7M_tlf.a: [2]
    abort.o                             6
    exit.o                              4
    low_level_init.o                    4
    snprintf.o                         68
    xencoding_8859_1.o                 30
    xfail_s.o                          64                 4
    xlocale_c.o                       120       61      128
    xmbcurmax.o                        10
    xprintffull.o                   3 910
    xsnprout.o                         26
    -------------------------------------------------------
    Total:                          4 242       61      132

m7M_tls.a: [3]
    DblAdd.o                          362
    DblCmpGe.o                         46
    DblCmpLe.o                         46
    DblDiv.o                          582
    DblMul.o                          418
    DblSub.o                          226
    DblToS32.o                         58
    DblToU32.o                         40
    S32ToDbl.o                         34
    U32ToDbl.o                         26
    fpinit_M.o                         34
    frexp.o                           112
    ldexp.o                           314
    -------------------------------------------------------
    Total:                          2 298

rt7M_tl.a: [4]
    ABImemclr4.o                        6
    ABImemcpy.o                       166
    ABImemset48.o                      50
    I64DivMod.o                       560
    I64DivZer.o                         2
    cexit.o                            10
    cmain.o                            30
    cstartup_M.o                       12
    data_init.o                        40
    lz77_init_single.o                122
    memchr.o                           88
    strchr.o                           22
    strlen.o                           54
    zero_init3.o                       58
    -------------------------------------------------------
    Total:                          1 220

shb_l.a: [5]
    exit.o                             20
    -------------------------------------------------------
    Total:                             20

    Gaps                               44        6
    Linker created                              32    1 024
-----------------------------------------------------------
    Grand Total:                   28 208      285    6 867


*******************************************************************************
*** ENTRY LIST
***

Entry                       Address   Size  Type      Object
-----                       -------   ----  ----      ------
.iar.init_table$$Base    0x800'6cbc          --   Gb  - Linker created -
.iar.init_table$$Limit   0x800'6cdc          --   Gb  - Linker created -
?main                    0x800'6cdd         Code  Gb  cmain.o [4]
AHBPrescTable            0x800'6d2c   0x10  Data  Gb  system_stm32l4xx.o [1]
APBPrescTable            0x800'6d6c    0x8  Data  Gb  system_stm32l4xx.o [1]
BusFault_Handler         0x800'6c07    0x2  Code  Gb  stm32l4xx_it.o [1]
CSTACK$$Base            0x2000'16d8          --   Gb  - Linker created -
CSTACK$$Limit           0x2000'1ad8          --   Gb  - Linker created -
CacheMore                0x800'1171   0x24  Code  Lc  xlocale_c.o [2]
Callback01               0x800'3803    0x2  Code  Gb  main.o [1]
DebugMon_Handler         0x800'6c0b    0x2  Code  Gb  stm32l4xx_it.o [1]
Error_Handler            0x800'3885    0x2  Code  Gb  main.o [1]
FLASH_FlushCaches        0x800'6b2d   0x64  Code  Gb  stm32l4xx_hal_flash_ex.o [1]
FLASH_IRQHandler         0x800'6c0d    0x8  Code  Gb  stm32l4xx_it.o [1]
FLASH_PageErase          0x800'6af1   0x3c  Code  Gb  stm32l4xx_hal_flash_ex.o [1]
HAL_DMA_Abort_IT         0x800'2b4d   0x5e  Code  Gb  stm32l4xx_hal_dma.o [1]
HAL_FLASH_IRQHandler     0x800'695d  0x17a  Code  Gb  stm32l4xx_hal_flash.o [1]
HAL_GPIO_Init            0x800'3a49  0x1e6  Code  Gb  stm32l4xx_hal_gpio.o [1]
HAL_GetTick              0x800'3565    0xc  Code  Wk  stm32l4xx_hal.o [1]
HAL_IncTick              0x800'5281   0x18  Code  Wk  stm32l4xx_hal.o [1]
HAL_Init                 0x800'3cf9   0x24  Code  Gb  stm32l4xx_hal.o [1]
HAL_InitTick             0x800'3c65   0x84  Code  Gb  stm32l4xx_hal_timebase_tim.o [1]
HAL_MspInit              0x800'2a61   0x48  Code  Gb  stm32l4xx_hal_msp.o [1]
HAL_NVIC_EnableIRQ       0x800'3979    0xe  Code  Gb  stm32l4xx_hal_cortex.o [1]
HAL_NVIC_SetPriority     0x800'394f   0x2a  Code  Gb  stm32l4xx_hal_cortex.o [1]
HAL_NVIC_SetPriorityGrouping
                         0x800'3943    0xc  Code  Gb  stm32l4xx_hal_cortex.o [1]
HAL_PWREx_ControlVoltageScaling
                         0x800'39b1   0x76  Code  Gb  stm32l4xx_hal_pwr_ex.o [1]
HAL_PWREx_EnableVddIO2   0x800'3a27    0xe  Code  Gb  stm32l4xx_hal_pwr_ex.o [1]
HAL_PWREx_GetVoltageRange
                         0x800'39a5    0xc  Code  Gb  stm32l4xx_hal_pwr_ex.o [1]
HAL_RCCEx_PeriphCLKConfig
                         0x800'465d  0x426  Code  Gb  stm32l4xx_hal_rcc_ex.o [1]
HAL_RCC_ClockConfig      0x800'31fd  0x14c  Code  Gb  stm32l4xx_hal_rcc.o [1]
HAL_RCC_GetClockConfig   0x800'3457   0x34  Code  Gb  stm32l4xx_hal_rcc.o [1]
HAL_RCC_GetHCLKFreq      0x800'341d    0x6  Code  Gb  stm32l4xx_hal_rcc.o [1]
HAL_RCC_GetPCLK1Freq     0x800'3423   0x1a  Code  Gb  stm32l4xx_hal_rcc.o [1]
HAL_RCC_GetPCLK2Freq     0x800'343d   0x1a  Code  Gb  stm32l4xx_hal_rcc.o [1]
HAL_RCC_GetSysClockFreq
                         0x800'3349   0xd4  Code  Gb  stm32l4xx_hal_rcc.o [1]
HAL_RCC_OscConfig        0x800'2bb1  0x64c  Code  Gb  stm32l4xx_hal_rcc.o [1]
HAL_TIMEx_Break2Callback
                         0x800'6875    0x2  Code  Wk  stm32l4xx_hal_tim_ex.o [1]
HAL_TIMEx_BreakCallback
                         0x800'6873    0x2  Code  Wk  stm32l4xx_hal_tim_ex.o [1]
HAL_TIMEx_CommutCallback
                         0x800'6879    0x2  Code  Wk  stm32l4xx_hal_tim_ex.o [1]
HAL_TIMEx_MasterConfigSynchronization
                         0x800'5211   0x66  Code  Gb  stm32l4xx_hal_tim_ex.o [1]
HAL_TIM_Base_Init        0x800'4d8d   0x38  Code  Gb  stm32l4xx_hal_tim.o [1]
HAL_TIM_Base_MspInit     0x800'2b0d   0x22  Code  Gb  stm32l4xx_hal_msp.o [1]
HAL_TIM_Base_Start_IT    0x800'4dc5   0x32  Code  Gb  stm32l4xx_hal_tim.o [1]
HAL_TIM_Base_Stop_IT     0x800'4df7   0x36  Code  Gb  stm32l4xx_hal_tim.o [1]
HAL_TIM_ConfigClockSource
                         0x800'4fc5   0xee  Code  Gb  stm32l4xx_hal_tim.o [1]
HAL_TIM_IRQHandler       0x800'4e31  0x194  Code  Gb  stm32l4xx_hal_tim.o [1]
HAL_TIM_PeriodElapsedCallback
                         0x800'3805   0x36  Code  Gb  main.o [1]
HAL_UARTEx_WakeupCallback
                         0x800'2bad    0x2  Code  Wk  stm32l4xx_hal_uart_ex.o [1]
HAL_UART_IRQHandler      0x800'2109  0x18c  Code  Gb  stm32l4xx_hal_uart.o [1]
HAL_UART_Init            0x800'1f25   0x7a  Code  Gb  stm32l4xx_hal_uart.o [1]
HAL_UART_MspInit         0x800'2aa9   0x64  Code  Gb  stm32l4xx_hal_msp.o [1]
HAL_UART_Receive_IT      0x800'2015   0xe2  Code  Gb  stm32l4xx_hal_uart.o [1]
HAL_UART_RxCpltCallback
                         0x800'378d   0x20  Code  Gb  main.o [1]
HAL_UART_Transmit_IT     0x800'1f9f   0x76  Code  Gb  stm32l4xx_hal_uart.o [1]
HardFault_Handler        0x800'6c03    0x2  Code  Gb  stm32l4xx_it.o [1]
LPUART1_IRQHandler       0x800'6c2b    0xa  Code  Gb  stm32l4xx_it.o [1]
LoadInt                  0x800'036f   0x7a  Code  Lc  xprintffull.o [2]
MSIRangeTable            0x800'6c40   0x30  Data  Gb  system_stm32l4xx.o [1]
MX_GPIO_Init             0x800'375f   0x2e  Code  Lc  main.o [1]
MX_LPUART1_UART_Init     0x800'36a9   0x38  Code  Lc  main.o [1]
MX_NVIC_Init             0x800'3675   0x34  Code  Lc  main.o [1]
MX_TIM3_Init             0x800'36e1   0x7e  Code  Lc  main.o [1]
MemManage_Handler        0x800'6c05    0x2  Code  Gb  stm32l4xx_it.o [1]
NMI_Handler              0x800'6c01    0x2  Code  Gb  stm32l4xx_it.o [1]
NVIC_EncodePriority      0x800'3903   0x40  Code  Lc  stm32l4xx_hal_cortex.o [1]
PendSV_Handler           0x800'68ad         Code  Gb  portasm.o [1]
RCCEx_PLLSAI1_Config     0x800'4a9d  0x184  Code  Lc  stm32l4xx_hal_rcc_ex.o [1]
RCCEx_PLLSAI2_Config     0x800'4c21  0x14e  Code  Lc  stm32l4xx_hal_rcc_ex.o [1]
RCC_IRQHandler           0x800'6c15    0x2  Code  Gb  stm32l4xx_it.o [1]
RCC_SetFlashLatencyFromMSIRange
                         0x800'349d   0x8a  Code  Lc  stm32l4xx_hal_rcc.o [1]
Region$$Table$$Base      0x800'6cbc          --   Gb  - Linker created -
Region$$Table$$Limit     0x800'6cdc          --   Gb  - Linker created -
Rx_Queue_Data           0x2000'16d1    0x1  Data  Gb  main.o [1]
Rx_UART_Data            0x2000'16d0    0x1  Data  Gb  main.o [1]
SVC_Handler              0x800'6905         Code  Gb  portasm.o [1]
SysTick_Handler          0x800'6481   0x28  Code  Gb  port.o [1]
SystemClock_Config       0x800'35e9   0x8c  Code  Gb  main.o [1]
SystemCoreClock         0x2000'004c    0x4  Data  Gb  system_stm32l4xx.o [1]
SystemInit               0x800'6ba1   0x42  Code  Gb  system_stm32l4xx.o [1]
TIM3_IRQHandler          0x800'6c17    0xa  Code  Gb  stm32l4xx_it.o [1]
TIM6_DAC_IRQHandler      0x800'6c21    0xa  Code  Gb  stm32l4xx_it.o [1]
TIM_Base_SetConfig       0x800'50b3   0xc6  Code  Gb  stm32l4xx_hal_tim.o [1]
TIM_ETR_SetConfig        0x800'51f7   0x18  Code  Gb  stm32l4xx_hal_tim.o [1]
TIM_ITRx_SetConfig       0x800'51e7   0x10  Code  Lc  stm32l4xx_hal_tim.o [1]
TIM_TI1_ConfigInputStage
                         0x800'519d   0x24  Code  Lc  stm32l4xx_hal_tim.o [1]
TIM_TI2_ConfigInputStage
                         0x800'51c1   0x26  Code  Lc  stm32l4xx_hal_tim.o [1]
Timer_Buffer            0x2000'0000   0x20  Data  Gb  main.o [1]
Timer_Counter           0x2000'1670    0x4  Data  Gb  main.o [1]
UART_AdvFeatureConfig    0x800'26f5   0xda  Code  Gb  stm32l4xx_hal_uart.o [1]
UART_CheckIdleState      0x800'27cf   0x68  Code  Gb  stm32l4xx_hal_uart.o [1]
UART_DMAAbortOnError     0x800'28c5   0x1a  Code  Lc  stm32l4xx_hal_uart.o [1]
UART_EndRxTransfer       0x800'28a1   0x22  Code  Lc  stm32l4xx_hal_uart.o [1]
UART_EndTransmit_IT      0x800'296b   0x20  Code  Lc  stm32l4xx_hal_uart.o [1]
UART_RxISR_16BIT         0x800'29f5   0x6c  Code  Lc  stm32l4xx_hal_uart.o [1]
UART_RxISR_8BIT          0x800'298b   0x6a  Code  Lc  stm32l4xx_hal_uart.o [1]
UART_SetConfig           0x800'2295  0x430  Code  Gb  stm32l4xx_hal_uart.o [1]
UART_TxISR_16BIT         0x800'2923   0x48  Code  Lc  stm32l4xx_hal_uart.o [1]
UART_TxISR_8BIT          0x800'28e1   0x42  Code  Lc  stm32l4xx_hal_uart.o [1]
UART_WaitOnFlagUntilTimeout
                         0x800'2837   0x6a  Code  Gb  stm32l4xx_hal_uart.o [1]
UsageFault_Handler       0x800'6c09    0x2  Code  Gb  stm32l4xx_it.o [1]
_Encoding_8859_1_Mbrlen
                         0x800'12bd    0x2  Code  Gb  xencoding_8859_1.o [2]
_Encoding_8859_1_Wctomb
                         0x800'12ab   0x12  Code  Gb  xencoding_8859_1.o [2]
_GenldFull               0x800'0dcd  0x274  Code  Lc  xprintffull.o [2]
_LdtobFull               0x800'09c9  0x3d6  Code  Lc  xprintffull.o [2]
_LitobFull               0x800'0879  0x10a  Code  Lc  xprintffull.o [2]
_Locale_lconv           0x2000'0050   0x38  Data  Lc  xlocale_c.o [2]
_PrintfFull              0x800'01ad  0x1aa  Code  Gb  xprintffull.o [2]
_PutcharsFull            0x800'1041   0x2e  Code  Lc  xprintffull.o [2]
_PutfldFull              0x800'03e9  0x2d4  Code  Lc  xprintffull.o [2]
_PutstrFull              0x800'07b3   0xc6  Code  Lc  xprintffull.o [2]
_PuttxtFull              0x800'06bd   0xf6  Code  Lc  xprintffull.o [2]
_SNProut                 0x800'132b   0x1a  Code  Gb  xsnprout.o [2]
__NVIC_EnableIRQ         0x800'38b7   0x20  Code  Lc  stm32l4xx_hal_cortex.o [1]
__NVIC_GetPriorityGrouping
                         0x800'38ab    0xc  Code  Lc  stm32l4xx_hal_cortex.o [1]
__NVIC_SetPriority       0x800'38d7   0x2c  Code  Lc  stm32l4xx_hal_cortex.o [1]
__NVIC_SetPriorityGrouping
                         0x800'3889   0x22  Code  Lc  stm32l4xx_hal_cortex.o [1]
__aeabi_cdcmple          0x800'1831         Code  Gb  DblCmpLe.o [3]
__aeabi_cdrcmple         0x800'1861         Code  Gb  DblCmpGe.o [3]
__aeabi_d2iz             0x800'19cd         Code  Gb  DblToS32.o [3]
__aeabi_d2uiz            0x800'1d59         Code  Gb  DblToU32.o [3]
__aeabi_ddiv             0x800'1b11         Code  Gb  DblDiv.o [3]
__aeabi_dmul             0x800'161d         Code  Gb  DblMul.o [3]
__aeabi_dsub             0x800'1a2d         Code  Gb  DblSub.o [3]
__aeabi_i2d              0x800'1a09         Code  Gb  S32ToDbl.o [3]
__aeabi_ldiv0            0x800'1da1         Code  Gb  I64DivZer.o [4]
__aeabi_memclr4          0x800'399d         Code  Gb  ABImemclr4.o [4]
__aeabi_memcpy           0x800'1345         Code  Gb  ABImemcpy.o [4]
__aeabi_memcpy4          0x800'1365         Code  Gb  ABImemcpy.o [4]
__aeabi_memcpy8          0x800'1365         Code  Gb  ABImemcpy.o [4]
__aeabi_ui2d             0x800'1d81         Code  Gb  U32ToDbl.o [3]
__aeabi_uldivmod         0x800'13ed         Code  Gb  I64DivMod.o [4]
__cmain                  0x800'6cdd         Code  Gb  cmain.o [4]
__exit                   0x800'1f11   0x14  Code  Gb  exit.o [5]
__iar_Fail_s             0x800'1235   0x1c  Code  Gb  xfail_s.o [2]
__iar_Mbcurmax           0x800'1321    0xa  Code  Gb  xmbcurmax.o [2]
__iar_Memchr             0x800'12c9         Code  Gb  memchr.o [4]
__iar_Memset4_word       0x800'52dd         Code  Gb  ABImemset48.o [4]
__iar_Memset8_word       0x800'52dd         Code  Gb  ABImemset48.o [4]
__iar_Strchr             0x800'11e5         Code  Gb  strchr.o [4]
__iar_dadd               0x800'1a3d         Code  Gb  DblSub.o [3]
__iar_data_init3         0x800'6c71   0x28  Code  Gb  data_init.o [4]
__iar_dsub               0x800'1da5         Code  Gb  DblAdd.o [3]
__iar_dsubStart          0x800'1db7         Code  Gb  DblAdd.o [3]
__iar_frexp              0x800'17cd         Code  Gb  frexp.o [3]
__iar_frexpl             0x800'17cd         Code  Gb  frexp.o [3]
__iar_globLocale        0x2000'0088   0x48  Data  Lc  xlocale_c.o [2]
__iar_global_Locale      0x800'116d    0x4  Code  Gb  xlocale_c.o [2]
__iar_init_vfp           0x800'6c99         Code  Gb  fpinit_M.o [3]
__iar_ldexp64            0x800'1891         Code  Gb  ldexp.o [3]
__iar_lz77_init_single3
                         0x800'10f3   0x7a  Code  Gb  lz77_init_single.o [4]
__iar_program_start      0x800'6d59         Code  Gb  cstartup_M.o [4]
__iar_scalbln64          0x800'1891         Code  Gb  ldexp.o [3]
__iar_scalbn64           0x800'1891         Code  Gb  ldexp.o [3]
__iar_softfp___iar_frexp64
                         0x800'17c1         Code  Gb  frexp.o [3]
__iar_softfp_frexp       0x800'17c1         Code  Gb  frexp.o [3]
__iar_softfp_frexpl      0x800'17c1         Code  Gb  frexp.o [3]
__iar_zero_init3         0x800'11fb   0x3a  Code  Gb  zero_init3.o [4]
__low_level_init         0x800'6cfb    0x4  Code  Gb  low_level_init.o [2]
__vector_table           0x800'0000         Data  Gb  startup_stm32l4a6xx.o [1]
_call_main               0x800'6ce9         Code  Gb  cmain.o [4]
_exit                    0x800'6d05         Code  Gb  cexit.o [4]
_gLocale_mblen           0x800'11d1    0x4  Code  Gb  xlocale_c.o [2]
_gLocale_mblenInt        0x800'1195   0x2c  Code  Gb  xlocale_c.o [2]
_gLocale_wctomb          0x800'11d5    0x4  Code  Gb  xlocale_c.o [2]
_gLocale_wctombInt       0x800'11cd    0x4  Code  Gb  xlocale_c.o [2]
_main                    0x800'6cf7         Code  Gb  cmain.o [4]
abort                    0x800'1d9b    0x6  Code  Gb  abort.o [2]
defaultTaskHandle       0x2000'1660    0x4  Data  Gb  main.o [1]
exit                     0x800'6cff    0x4  Code  Gb  exit.o [2]
hlpuart1                0x2000'1314   0x80  Data  Gb  main.o [1]
htim3                   0x2000'14fc   0x40  Data  Gb  main.o [1]
htim6                   0x2000'157c   0x40  Data  Gb  stm32l4xx_hal_timebase_tim.o [1]
inHandlerMode            0x800'3d33   0x12  Code  Lc  cmsis_os.o [1]
ldexp                    0x800'1891         Code  Gb  ldexp.o [3]
ldexpl                   0x800'1891         Code  Gb  ldexp.o [3]
localeconv               0x800'11d9    0x4  Code  Gb  xlocale_c.o [2]
main                     0x800'3575   0x74  Code  Gb  main.o [1]
makeFreeRtosPriority     0x800'3d1d   0x16  Code  Lc  cmsis_os.o [1]
memchr                   0x800'12c9         Code  Gb  memchr.o [4]
myTimer01Handle         0x2000'1664    0x4  Data  Gb  main.o [1]
osDelay                  0x800'3daf   0x1c  Code  Gb  cmsis_os.o [1]
osKernelStart            0x800'3d45    0xa  Code  Gb  cmsis_os.o [1]
osThreadCreate           0x800'3d4f   0x60  Code  Gb  cmsis_os.o [1]
osTimerCreate            0x800'3dcb   0x4e  Code  Gb  cmsis_os.o [1]
osTimerStart             0x800'3e19   0x72  Code  Gb  cmsis_os.o [1]
pFlash                  0x2000'002c   0x20  Data  Gb  stm32l4xx_hal_flash.o [1]
pcInterruptPriorityRegisters
                         0x800'6d98    0x4  Data  Lc  port.o [1]
prvAddCurrentTaskToDelayedList
                         0x800'5cf1   0x8c  Code  Lc  tasks.o [1]
prvAddNewTaskToReadyList
                         0x800'54f3   0x9a  Code  Lc  tasks.o [1]
prvCheckForValidListAndQueue
                         0x800'6283   0x4c  Code  Lc  timers.o [1]
prvCheckForValidListAndQueue{1}{2}{3}{4}::ucStaticTimerQueueStorage
                        0x2000'1394   0x78  Data  Lc  timers.o [1]
prvCheckForValidListAndQueue{1}{2}{3}{4}::xStaticTimerQueue
                        0x2000'14b4   0x48  Data  Lc  timers.o [1]
prvCheckTasksWaitingTermination
                         0x800'5b35   0x3e  Code  Lc  tasks.o [1]
prvCopyDataFromQueue     0x800'4509   0x36  Code  Lc  queue.o [1]
prvCopyDataToQueue       0x800'446d   0x9c  Code  Lc  queue.o [1]
prvDeleteTCB             0x800'5b79   0x44  Code  Lc  tasks.o [1]
prvGetNextExpireTime     0x800'6075   0x28  Code  Lc  timers.o [1]
prvHeapInit              0x800'678d   0x62  Code  Lc  heap_4.o [1]
prvIdleTask              0x800'5abd   0x24  Code  Lc  tasks.o [1]
prvInitialiseNewQueue    0x800'4045   0x32  Code  Lc  queue.o [1]
prvInitialiseNewTask     0x800'5427   0xcc  Code  Lc  tasks.o [1]
prvInitialiseNewTimer    0x800'5ec7   0x46  Code  Lc  timers.o [1]
prvInitialiseTaskLists   0x800'5ae1   0x54  Code  Lc  tasks.o [1]
prvInsertBlockIntoFreeList
                         0x800'67ef   0x5e  Code  Lc  heap_4.o [1]
prvInsertTimerInActiveList
                         0x800'60c3   0x50  Code  Lc  timers.o [1]
prvIsQueueEmpty          0x800'45ad   0x1c  Code  Lc  queue.o [1]
prvIsQueueFull           0x800'45c9   0x1e  Code  Lc  queue.o [1]
prvProcessExpiredTimer   0x800'5f8f   0x5c  Code  Lc  timers.o [1]
prvProcessReceivedCommands
                         0x800'6113   0xe4  Code  Lc  timers.o [1]
prvProcessTimerOrBlockTask
                         0x800'6007   0x6e  Code  Lc  timers.o [1]
prvResetNextTaskUnblockTime
                         0x800'5bbd   0x26  Code  Lc  tasks.o [1]
prvSampleTimeNow         0x800'609d   0x26  Code  Lc  timers.o [1]
prvSampleTimeNow::xLastTime
                        0x2000'16c8    0x4  Data  Lc  timers.o [1]
prvSwitchTimerLists      0x800'61f7   0x8c  Code  Lc  timers.o [1]
prvTaskExitError         0x800'6329   0x2a  Code  Lc  port.o [1]
prvTimerTask             0x800'5fed   0x1a  Code  Lc  timers.o [1]
prvUnlockQueue           0x800'453f   0x6e  Code  Lc  queue.o [1]
pvPortMalloc             0x800'65f9  0x120  Code  Gb  heap_4.o [1]
pxCurrentTCB            0x2000'167c    0x4  Data  Gb  tasks.o [1]
pxCurrentTimerList      0x2000'16b8    0x4  Data  Lc  timers.o [1]
pxDelayedTaskList       0x2000'1680    0x4  Data  Lc  tasks.o [1]
pxEnd                   0x2000'1650    0x4  Data  Lc  heap_4.o [1]
pxOverflowDelayedTaskList
                        0x2000'1684    0x4  Data  Lc  tasks.o [1]
pxOverflowTimerList     0x2000'16bc    0x4  Data  Lc  timers.o [1]
pxPortInitialiseStack    0x800'6301   0x28  Code  Gb  port.o [1]
pxReadyTasksLists       0x2000'1288   0x8c  Data  Lc  tasks.o [1]
scalbln                  0x800'1891         Code  Gb  ldexp.o [3]
scalblnl                 0x800'1891         Code  Gb  ldexp.o [3]
scalbn                   0x800'1891         Code  Gb  ldexp.o [3]
scalbnl                  0x800'1891         Code  Gb  ldexp.o [3]
scale                    0x800'0983   0x46  Code  Lc  xprintffull.o [2]
sec_hand                0x2000'16cc    0x4  Data  Lc  xfail_s.o [2]
snprintf                 0x800'5299   0x44  Code  Gb  snprintf.o [2]
strchr                   0x800'11e5         Code  Gb  strchr.o [4]
strlen                   0x800'1275         Code  Gb  strlen.o [4]
thread1                  0x800'37ad   0x56  Code  Gb  main.o [1]
ucHeap                  0x2000'00d0  0xbb8  Data  Lc  heap_4.o [1]
ucMaxSysCallPriority    0x2000'16d2    0x1  Data  Lc  port.o [1]
ulMaxPRIGROUPValue      0x2000'1674    0x4  Data  Lc  port.o [1]
uwPrescalerValue        0x2000'1668    0x4  Data  Gb  main.o [1]
uwTick                  0x2000'1678    0x4  Data  Gb  stm32l4xx_hal.o [1]
uwTickFreq              0x2000'0028    0x4  Data  Gb  stm32l4xx_hal.o [1]
uwTickPrio              0x2000'0024    0x4  Data  Gb  stm32l4xx_hal.o [1]
uxCriticalNesting       0x2000'0020    0x4  Data  Lc  port.o [1]
uxCurrentNumberOfTasks  0x2000'168c    0x4  Data  Lc  tasks.o [1]
uxDeletedTasksWaitingCleanUp
                        0x2000'1688    0x4  Data  Lc  tasks.o [1]
uxListRemove             0x800'65cf   0x28  Code  Gb  list.o [1]
uxPendedTicks           0x2000'169c    0x4  Data  Lc  tasks.o [1]
uxSchedulerSuspended    0x2000'16b4    0x4  Data  Lc  tasks.o [1]
uxTaskNumber            0x2000'16a8    0x4  Data  Lc  tasks.o [1]
uxTopReadyPriority      0x2000'1694    0x4  Data  Lc  tasks.o [1]
vApplicationGetIdleTaskMemory
                         0x800'687d    0xe  Code  Gb  freertos.o [1]
vApplicationGetTimerTaskMemory
                         0x800'688b   0x10  Code  Gb  freertos.o [1]
vListInitialise          0x800'655d   0x1e  Code  Gb  list.o [1]
vListInitialiseItem      0x800'657b    0x6  Code  Gb  list.o [1]
vListInsert              0x800'6599   0x36  Code  Gb  list.o [1]
vListInsertEnd           0x800'6581   0x18  Code  Gb  list.o [1]
vPortEnableVFP           0x800'6941         Code  Gb  portasm.o [1]
vPortEnterCritical       0x800'6421   0x34  Code  Gb  port.o [1]
vPortExitCritical        0x800'6455   0x2c  Code  Gb  port.o [1]
vPortFree                0x800'6719   0x74  Code  Gb  heap_4.o [1]
vPortStartFirstTask      0x800'6921         Code  Gb  portasm.o [1]
vPortValidateInterruptPriority
                         0x800'64a9   0x4e  Code  Gb  port.o [1]
vQueueAddToRegistry      0x800'45e7   0x26  Code  Gb  queue.o [1]
vQueueWaitForMessageRestricted
                         0x800'4611   0x4c  Code  Gb  queue.o [1]
vTaskDelay               0x800'558d   0x4e  Code  Gb  tasks.o [1]
vTaskInternalSetTimeOutState
                         0x800'59f1   0x12  Code  Gb  tasks.o [1]
vTaskMissedYield         0x800'5aad    0xa  Code  Gb  tasks.o [1]
vTaskPlaceOnEventList    0x800'58e9   0x34  Code  Gb  tasks.o [1]
vTaskPlaceOnEventListRestricted
                         0x800'591d   0x40  Code  Gb  tasks.o [1]
vTaskStartScheduler      0x800'55db   0x9a  Code  Gb  tasks.o [1]
vTaskSuspendAll          0x800'5675    0xc  Code  Gb  tasks.o [1]
vTaskSwitchContext       0x800'587d   0x6c  Code  Gb  tasks.o [1]
xActiveTimerList1       0x2000'1620   0x14  Data  Lc  timers.o [1]
xActiveTimerList2       0x2000'1634   0x14  Data  Lc  timers.o [1]
xBlockAllocatedBit      0x2000'165c    0x4  Data  Lc  heap_4.o [1]
xDelayedTaskList1       0x2000'15bc   0x14  Data  Lc  tasks.o [1]
xDelayedTaskList2       0x2000'15d0   0x14  Data  Lc  tasks.o [1]
xFreeBytesRemaining     0x2000'1654    0x4  Data  Lc  heap_4.o [1]
xHeapStructSize          0x800'6d94    0x4  Data  Lc  heap_4.o [1]
xIdleStack              0x2000'1088  0x200  Data  Lc  freertos.o [1]
xIdleTaskHandle         0x2000'16b0    0x4  Data  Lc  tasks.o [1]
xIdleTaskTCBBuffer      0x2000'140c   0x54  Data  Lc  freertos.o [1]
xMinimumEverFreeBytesRemaining
                        0x2000'1658    0x4  Data  Lc  heap_4.o [1]
xNextTaskUnblockTime    0x2000'16ac    0x4  Data  Lc  tasks.o [1]
xNumOfOverflows         0x2000'16a4    0x4  Data  Lc  tasks.o [1]
xPendingReadyList       0x2000'15e4   0x14  Data  Lc  tasks.o [1]
xPortStartScheduler      0x800'6353   0xce  Code  Gb  port.o [1]
xQueue                  0x2000'166c    0x4  Data  Gb  main.o [1]
xQueueGenericCreate      0x800'3fe9   0x5c  Code  Gb  queue.o [1]
xQueueGenericCreateStatic
                         0x800'3f29   0xc0  Code  Gb  queue.o [1]
xQueueGenericReset       0x800'3e95   0x94  Code  Gb  queue.o [1]
xQueueGenericSend        0x800'4077  0x1a6  Code  Gb  queue.o [1]
xQueueGenericSendFromISR
                         0x800'421d   0xe0  Code  Gb  queue.o [1]
xQueueReceive            0x800'42fd  0x16a  Code  Gb  queue.o [1]
xQueueRegistry          0x2000'153c   0x40  Data  Gb  queue.o [1]
xSchedulerRunning       0x2000'1698    0x4  Data  Lc  tasks.o [1]
xStart                  0x2000'1648    0x8  Data  Lc  heap_4.o [1]
xSuspendedTaskList      0x2000'160c   0x14  Data  Lc  tasks.o [1]
xTaskCheckForTimeOut     0x800'5a03   0xaa  Code  Gb  tasks.o [1]
xTaskCreate              0x800'53ad   0x7a  Code  Gb  tasks.o [1]
xTaskCreateStatic        0x800'5311   0x9c  Code  Gb  tasks.o [1]
xTaskGetSchedulerState   0x800'5be3   0x20  Code  Gb  tasks.o [1]
xTaskGetTickCount        0x800'5769    0x8  Code  Gb  tasks.o [1]
xTaskIncrementTick       0x800'5771  0x10c  Code  Gb  tasks.o [1]
xTaskPriorityDisinherit
                         0x800'5c0d   0xb2  Code  Gb  tasks.o [1]
xTaskRemoveFromEventList
                         0x800'595d   0x7c  Code  Gb  tasks.o [1]
xTaskResumeAll           0x800'5681   0xe8  Code  Gb  tasks.o [1]
xTasksWaitingTermination
                        0x2000'15f8   0x14  Data  Lc  tasks.o [1]
xTickCount              0x2000'1690    0x4  Data  Lc  tasks.o [1]
xTimerCreate             0x800'5e29   0x3a  Code  Gb  timers.o [1]
xTimerCreateStatic       0x800'5e63   0x64  Code  Gb  timers.o [1]
xTimerCreateTimerTask    0x800'5dbd   0x6c  Code  Gb  timers.o [1]
xTimerGenericCommand     0x800'5f0d   0x82  Code  Gb  timers.o [1]
xTimerQueue             0x2000'16c0    0x4  Data  Lc  timers.o [1]
xTimerStack             0x2000'0c88  0x400  Data  Lc  freertos.o [1]
xTimerTaskHandle        0x2000'16c4    0x4  Data  Lc  timers.o [1]
xTimerTaskTCBBuffer     0x2000'1460   0x54  Data  Lc  freertos.o [1]
xYieldPending           0x2000'16a0    0x4  Data  Lc  tasks.o [1]


[1] = F:\Work Done\LoopBack V0.8\EWARM\UARTOnly\Obj
[2] = dl7M_tlf.a
[3] = m7M_tls.a
[4] = rt7M_tl.a
[5] = shb_l.a

  28 208 bytes of readonly  code memory
     285 bytes of readonly  data memory
   6 867 bytes of readwrite data memory

Errors: none
Warnings: none
