###############################################################################
#
# IAR ELF Linker V8.32.1.169/W32 for ARM                  25/Nov/2019  12:39:25
# Copyright 2007-2018 IAR Systems AB.
#
#    Output file  =  
#        F:\Work Done\ADC\ADC_IT\ADC test\EWARM\ADC test\Exe\ADC test.out
#    Map file     =  
#        F:\Work Done\ADC\ADC_IT\ADC test\EWARM\ADC test\List\ADC test.map
#    Command line =  
#        -f C:\Users\HAMZA~1.OMR\AppData\Local\Temp\EW66A6.tmp ("F:\Work
#        Done\ADC\ADC_IT\ADC test\EWARM\ADC test\Obj\main.o" "F:\Work
#        Done\ADC\ADC_IT\ADC test\EWARM\ADC test\Obj\startup_stm32l476xx.o"
#        "F:\Work Done\ADC\ADC_IT\ADC test\EWARM\ADC test\Obj\stm32l4xx_hal.o"
#        "F:\Work Done\ADC\ADC_IT\ADC test\EWARM\ADC
#        test\Obj\stm32l4xx_hal_adc.o" "F:\Work Done\ADC\ADC_IT\ADC
#        test\EWARM\ADC test\Obj\stm32l4xx_hal_adc_ex.o" "F:\Work
#        Done\ADC\ADC_IT\ADC test\EWARM\ADC test\Obj\stm32l4xx_hal_cortex.o"
#        "F:\Work Done\ADC\ADC_IT\ADC test\EWARM\ADC
#        test\Obj\stm32l4xx_hal_dma.o" "F:\Work Done\ADC\ADC_IT\ADC
#        test\EWARM\ADC test\Obj\stm32l4xx_hal_dma_ex.o" "F:\Work
#        Done\ADC\ADC_IT\ADC test\EWARM\ADC test\Obj\stm32l4xx_hal_exti.o"
#        "F:\Work Done\ADC\ADC_IT\ADC test\EWARM\ADC
#        test\Obj\stm32l4xx_hal_flash.o" "F:\Work Done\ADC\ADC_IT\ADC
#        test\EWARM\ADC test\Obj\stm32l4xx_hal_flash_ex.o" "F:\Work
#        Done\ADC\ADC_IT\ADC test\EWARM\ADC
#        test\Obj\stm32l4xx_hal_flash_ramfunc.o" "F:\Work Done\ADC\ADC_IT\ADC
#        test\EWARM\ADC test\Obj\stm32l4xx_hal_gpio.o" "F:\Work
#        Done\ADC\ADC_IT\ADC test\EWARM\ADC test\Obj\stm32l4xx_hal_i2c.o"
#        "F:\Work Done\ADC\ADC_IT\ADC test\EWARM\ADC
#        test\Obj\stm32l4xx_hal_i2c_ex.o" "F:\Work Done\ADC\ADC_IT\ADC
#        test\EWARM\ADC test\Obj\stm32l4xx_hal_msp.o" "F:\Work
#        Done\ADC\ADC_IT\ADC test\EWARM\ADC test\Obj\stm32l4xx_hal_pwr.o"
#        "F:\Work Done\ADC\ADC_IT\ADC test\EWARM\ADC
#        test\Obj\stm32l4xx_hal_pwr_ex.o" "F:\Work Done\ADC\ADC_IT\ADC
#        test\EWARM\ADC test\Obj\stm32l4xx_hal_rcc.o" "F:\Work
#        Done\ADC\ADC_IT\ADC test\EWARM\ADC test\Obj\stm32l4xx_hal_rcc_ex.o"
#        "F:\Work Done\ADC\ADC_IT\ADC test\EWARM\ADC
#        test\Obj\stm32l4xx_hal_tim.o" "F:\Work Done\ADC\ADC_IT\ADC
#        test\EWARM\ADC test\Obj\stm32l4xx_hal_tim_ex.o" "F:\Work
#        Done\ADC\ADC_IT\ADC test\EWARM\ADC test\Obj\stm32l4xx_it.o" "F:\Work
#        Done\ADC\ADC_IT\ADC test\EWARM\ADC test\Obj\system_stm32l4xx.o"
#        --redirect _Printf=_PrintfFull --redirect _Scanf=_ScanfFull
#        --no_out_extension -o "F:\Work Done\ADC\ADC_IT\ADC test\EWARM\ADC
#        test\Exe\ADC test.out" --map "F:\Work Done\ADC\ADC_IT\ADC
#        test\EWARM\ADC test\List\ADC test.map" --config "F:\Work
#        Done\ADC\ADC_IT\ADC test\EWARM/stm32l476xx_flash.icf" --semihosting
#        --entry __iar_program_start --vfe --text_out locale)
#
###############################################################################

*******************************************************************************
*** RUNTIME MODEL ATTRIBUTES
***

CppFlavor       = *
__Heap_Handler  = Basic
__SystemLibrary = DLib
__dlib_version  = 6


*******************************************************************************
*** HEAP SELECTION
***

The basic heap was selected because no calls to memory allocation
functions were found in the application outside of system library
functions, and there are calls to deallocation functions in the
application.


*******************************************************************************
*** PLACEMENT SUMMARY
***

"A0":  place at 0x800'0000 { ro section .intvec };
"P1":  place in [from 0x800'0000 to 0x80f'ffff] { ro };
define block CSTACK with size = 1K, alignment = 8 { };
define block HEAP with size = 512, alignment = 8 { };
"P2":  place in [from 0x2000'0000 to 0x2001'7fff] {
          rw, block CSTACK, block HEAP };
"P3":  place in [from 0x2000'0000 to 0x2001'7fff] { };
initialize by copy { rw };

  Section            Kind         Address    Size  Object
  -------            ----         -------    ----  ------
"A0":                                       0x188
  .intvec            ro code   0x800'0000   0x188  startup_stm32l476xx.o [1]
                             - 0x800'0188   0x188

"P1":                                      0x4753
  .text              ro code   0x800'0188   0xf46  xprintffull.o [2]
  .text              ro code   0x800'10ce    0x7a  lz77_init_single.o [4]
  .text              ro code   0x800'1148    0x78  xlocale_c.o [2]
  .text              ro code   0x800'11c0    0x16  strchr.o [4]
  .text              ro code   0x800'11d6    0x3a  zero_init3.o [4]
  .text              ro code   0x800'1210    0x40  xfail_s.o [2]
  .text              ro code   0x800'1250    0x36  strlen.o [4]
  .text              ro code   0x800'1286    0x1e  xencoding_8859_1.o [2]
  .text              ro code   0x800'12a4    0x58  memchr.o [4]
  .text              ro code   0x800'12fc     0xa  xmbcurmax.o [2]
  .text              ro code   0x800'1308    0x18  ABImemcpy_small.o [4]
  .text              ro code   0x800'1320   0x230  I64DivMod.o [4]
  .text              ro code   0x800'1550   0x1a2  DblMul.o [3]
  .text              ro code   0x800'16f4    0x70  frexp.o [3]
  .text              ro code   0x800'1764    0x2e  DblCmpLe.o [3]
  .text              ro code   0x800'1794    0x2e  DblCmpGe.o [3]
  .text              ro code   0x800'17c4   0x13a  ldexp.o [3]
  .text              ro code   0x800'1900    0x3a  DblToS32.o [3]
  .text              ro code   0x800'193c    0x22  S32ToDbl.o [3]
  .text              ro code   0x800'1960    0xe2  DblSub.o [3]
  .text              ro code   0x800'1a44   0x246  DblDiv.o [3]
  .text              ro code   0x800'1c8c    0x28  DblToU32.o [3]
  .text              ro code   0x800'1cb4    0x1a  U32ToDbl.o [3]
  .text              ro code   0x800'1cce     0x6  abort.o [2]
  .text              ro code   0x800'1cd4     0x2  I64DivZer.o [4]
  .text              ro code   0x800'1cd8   0x16a  DblAdd.o [3]
  .text              ro code   0x800'1e44    0x14  exit.o [5]
  .text              ro code   0x800'1e58    0x80  iarttio.o [5]
  .text              ro code   0x800'1ed8    0x3c  XShttio.o [2]
  .text              ro code   0x800'1f14   0xb00  stm32l4xx_hal_adc.o [1]
  .text              ro code   0x800'2a14    0xb0  stm32l4xx_hal_msp.o [1]
  .text              ro code   0x800'2ac4     0x2  stm32l4xx_hal_adc_ex.o [1]
  .text              ro code   0x800'2ac8   0x194  main.o [1]
  .text              ro code   0x800'2c5c    0xd6  stm32l4xx_hal_adc_ex.o [1]
  .text              ro code   0x800'2d32     0x2  stm32l4xx_hal_adc.o [1]
  .text              ro code   0x800'2d34     0x2  stm32l4xx_hal_adc_ex.o [1]
  .text              ro code   0x800'2d36     0x2  stm32l4xx_hal_adc_ex.o [1]
  .text              ro code   0x800'2d38     0x2  stm32l4xx_hal_adc.o [1]
  .text              ro code   0x800'2d3a     0x2  stm32l4xx_hal_adc_ex.o [1]
  .text              ro code   0x800'2d3c     0xc  stm32l4xx_hal.o [1]
  .text              ro code   0x800'2d48    0xc4  stm32l4xx_hal_cortex.o [1]
  .text              ro code   0x800'2e0c     0x6  ABImemclr4.o [4]
  .text              ro code   0x800'2e14   0x1fc  stm32l4xx_hal_gpio.o [1]
  .text              ro code   0x800'3010    0x1e  stm32l4xx_hal.o [1]
  .text              ro code   0x800'3030    0x28  printf.o [2]
  .text              ro code   0x800'3058    0x28  stm32l4xx_hal.o [1]
  .text              ro code   0x800'3080   0x6c4  stm32l4xx_hal_rcc.o [1]
  .text              ro code   0x800'3744   0x538  stm32l4xx_hal_rcc_ex.o [1]
  .text              ro code   0x800'3c7c    0x88  stm32l4xx_hal_pwr_ex.o [1]
  .text              ro code   0x800'3d04    0x32  ABImemset48.o [4]
  .text              ro code   0x800'3d38    0x44  stm32l4xx_hal.o [1]
  .text              ro code   0x800'3d7c   0x140  heap0.o [2]
  .text              ro code   0x800'3ebc    0x2c  xgetmemchunk.o [2]
  .text              ro code   0x800'3ee8    0xd8  xfspos.o [2]
  .text              ro code   0x800'3fc0    0xac  fflush.o [2]
  .text              ro code   0x800'406c     0xc  xfgpos.o [2]
  .text              ro code   0x800'4078    0x4a  lseek.o [5]
  .text              ro code   0x800'40c2    0x10  write.o [5]
  .text              ro code   0x800'40d4    0xcc  XShHandles.o [2]
  .text              ro code   0x800'41a0    0x1e  dwrite.o [5]
  .text              ro code   0x800'41be    0x20  iarwstd.o [5]
  .text              ro code   0x800'41de    0x22  iarwrite.o [5]
  .rodata            const     0x800'4200    0xcc  main.o [1]
  .text              ro code   0x800'42cc    0xb4  xfwprep.o [2]
  .text              ro code   0x800'4380    0x24  fseek.o [2]
  .text              ro code   0x800'43a4    0x8c  xfofind.o [2]
  .text              ro code   0x800'4430     0x4  heaptramp0.o [2]
  .text              ro code   0x800'4434    0x7e  fclose.o [2]
  .text              ro code   0x800'44b2    0x18  close.o [5]
  .text              ro code   0x800'44ca    0x14  remove.o [5]
  .text              ro code   0x800'44e0    0x5c  system_stm32l4xx.o [1]
  .text              ro code   0x800'453c    0x54  fputc.o [2]
  .text              ro code   0x800'4590    0x3c  xcloseall.o [2]
  .rodata            const     0x800'45cc    0x30  system_stm32l4xx.o [1]
  .text              ro code   0x800'45fc    0x28  data_init.o [4]
  .text              ro code   0x800'4624    0x22  fpinit_M.o [3]
  .iar.init_table    const     0x800'4648    0x20  - Linker created -
  .text              ro code   0x800'4668    0x20  stm32l4xx_it.o [1]
  .text              ro code   0x800'4688    0x10  stm32l4xx_hal.o [1]
  .text              ro code   0x800'4698    0x1e  cmain.o [4]
  .text              ro code   0x800'46b6     0x4  low_level_init.o [2]
  .text              ro code   0x800'46ba     0x4  exit.o [2]
  .text              ro code   0x800'46c0     0xe  cexit.o [4]
  .text              ro code   0x800'46ce    0x16  xprout.o [2]
  .text              ro code   0x800'46e4     0xc  putchar.o [2]
  .text              ro code   0x800'46f0    0x10  startup_stm32l476xx.o [1]
  .text              ro code   0x800'4700     0xc  cstartup_M.o [4]
  .rodata            const     0x800'470c     0x6  xlocale_c.o [2]
  .text              ro code   0x800'4712     0x4  startup_stm32l476xx.o [1]
  .text              ro code   0x800'4716     0x4  startup_stm32l476xx.o [1]
  .text              ro code   0x800'471a     0x4  startup_stm32l476xx.o [1]
  .text              ro code   0x800'471e     0x4  startup_stm32l476xx.o [1]
  .text              ro code   0x800'4722     0x4  startup_stm32l476xx.o [1]
  .text              ro code   0x800'4726     0x4  startup_stm32l476xx.o [1]
  .text              ro code   0x800'472a     0x4  startup_stm32l476xx.o [1]
  .text              ro code   0x800'472e     0x4  startup_stm32l476xx.o [1]
  .text              ro code   0x800'4732     0x4  startup_stm32l476xx.o [1]
  .text              ro code   0x800'4736     0x4  startup_stm32l476xx.o [1]
  .text              ro code   0x800'473a     0x4  startup_stm32l476xx.o [1]
  .text              ro code   0x800'473e     0x4  startup_stm32l476xx.o [1]
  .text              ro code   0x800'4742     0x4  startup_stm32l476xx.o [1]
  .text              ro code   0x800'4746     0x4  startup_stm32l476xx.o [1]
  .text              ro code   0x800'474a     0x4  startup_stm32l476xx.o [1]
  .text              ro code   0x800'474e     0x4  startup_stm32l476xx.o [1]
  .text              ro code   0x800'4752     0x4  startup_stm32l476xx.o [1]
  .text              ro code   0x800'4756     0x4  startup_stm32l476xx.o [1]
  .text              ro code   0x800'475a     0x4  startup_stm32l476xx.o [1]
  .text              ro code   0x800'475e     0x4  startup_stm32l476xx.o [1]
  .text              ro code   0x800'4762     0x4  startup_stm32l476xx.o [1]
  .text              ro code   0x800'4766     0x4  startup_stm32l476xx.o [1]
  .text              ro code   0x800'476a     0x4  startup_stm32l476xx.o [1]
  .text              ro code   0x800'476e     0x4  startup_stm32l476xx.o [1]
  .text              ro code   0x800'4772     0x4  startup_stm32l476xx.o [1]
  .text              ro code   0x800'4776     0x4  startup_stm32l476xx.o [1]
  .text              ro code   0x800'477a     0x4  startup_stm32l476xx.o [1]
  .text              ro code   0x800'477e     0x4  startup_stm32l476xx.o [1]
  .text              ro code   0x800'4782     0x4  startup_stm32l476xx.o [1]
  .text              ro code   0x800'4786     0x4  startup_stm32l476xx.o [1]
  .text              ro code   0x800'478a     0x4  startup_stm32l476xx.o [1]
  .text              ro code   0x800'478e     0x4  startup_stm32l476xx.o [1]
  .text              ro code   0x800'4792     0x4  startup_stm32l476xx.o [1]
  .text              ro code   0x800'4796     0x4  startup_stm32l476xx.o [1]
  .text              ro code   0x800'479a     0x4  startup_stm32l476xx.o [1]
  .text              ro code   0x800'479e     0x4  startup_stm32l476xx.o [1]
  .text              ro code   0x800'47a2     0x4  startup_stm32l476xx.o [1]
  .text              ro code   0x800'47a6     0x4  startup_stm32l476xx.o [1]
  .text              ro code   0x800'47aa     0x4  startup_stm32l476xx.o [1]
  .text              ro code   0x800'47ae     0x4  startup_stm32l476xx.o [1]
  .text              ro code   0x800'47b2     0x4  startup_stm32l476xx.o [1]
  .text              ro code   0x800'47b6     0x4  startup_stm32l476xx.o [1]
  .text              ro code   0x800'47ba     0x4  startup_stm32l476xx.o [1]
  .text              ro code   0x800'47be     0x4  startup_stm32l476xx.o [1]
  .text              ro code   0x800'47c2     0x4  startup_stm32l476xx.o [1]
  .text              ro code   0x800'47c6     0x4  startup_stm32l476xx.o [1]
  .text              ro code   0x800'47ca     0x4  startup_stm32l476xx.o [1]
  .text              ro code   0x800'47ce     0x4  startup_stm32l476xx.o [1]
  .text              ro code   0x800'47d2     0x4  startup_stm32l476xx.o [1]
  .text              ro code   0x800'47d6     0x4  startup_stm32l476xx.o [1]
  .text              ro code   0x800'47da     0x4  startup_stm32l476xx.o [1]
  .text              ro code   0x800'47de     0x4  startup_stm32l476xx.o [1]
  .text              ro code   0x800'47e2     0x4  startup_stm32l476xx.o [1]
  .text              ro code   0x800'47e6     0x4  startup_stm32l476xx.o [1]
  .text              ro code   0x800'47ea     0x4  startup_stm32l476xx.o [1]
  .text              ro code   0x800'47ee     0x4  startup_stm32l476xx.o [1]
  .text              ro code   0x800'47f2     0x4  startup_stm32l476xx.o [1]
  .text              ro code   0x800'47f6     0x4  startup_stm32l476xx.o [1]
  .text              ro code   0x800'47fa     0x4  startup_stm32l476xx.o [1]
  .text              ro code   0x800'47fe     0x4  startup_stm32l476xx.o [1]
  .text              ro code   0x800'4802     0x4  startup_stm32l476xx.o [1]
  .text              ro code   0x800'4806     0x4  startup_stm32l476xx.o [1]
  .text              ro code   0x800'480a     0x4  startup_stm32l476xx.o [1]
  .text              ro code   0x800'480e     0x4  startup_stm32l476xx.o [1]
  .text              ro code   0x800'4812     0x4  startup_stm32l476xx.o [1]
  .text              ro code   0x800'4816     0x4  startup_stm32l476xx.o [1]
  .text              ro code   0x800'481a     0x4  startup_stm32l476xx.o [1]
  .text              ro code   0x800'481e     0x4  startup_stm32l476xx.o [1]
  .text              ro code   0x800'4822     0x4  startup_stm32l476xx.o [1]
  .text              ro code   0x800'4826     0x4  startup_stm32l476xx.o [1]
  .text              ro code   0x800'482a     0x4  startup_stm32l476xx.o [1]
  .text              ro code   0x800'482e     0x4  startup_stm32l476xx.o [1]
  .text              ro code   0x800'4832     0x4  startup_stm32l476xx.o [1]
  .text              ro code   0x800'4836     0x4  startup_stm32l476xx.o [1]
  .text              ro code   0x800'483a     0x4  startup_stm32l476xx.o [1]
  .text              ro code   0x800'483e     0x4  startup_stm32l476xx.o [1]
  .text              ro code   0x800'4842     0x4  startup_stm32l476xx.o [1]
  .text              ro code   0x800'4846     0x4  startup_stm32l476xx.o [1]
  .text              ro code   0x800'484a     0x4  startup_stm32l476xx.o [1]
  .text              ro code   0x800'4850     0x0  cstart_closeall.o [4]
  .rodata            const     0x800'4850     0x0  zero_init3.o [4]
  .rodata            const     0x800'4850     0x0  lz77_init_single.o [4]
  Initializer bytes  const     0x800'4850    0x8b  <for P2-P3-1>
                             - 0x800'48db  0x4753

"P2-P3", part 1 of 3:                       0x190
  P2-P3-1                     0x2000'0000   0x190  <Init block>
    .data            inited   0x2000'0000     0xc  stm32l4xx_hal.o [1]
    .data            inited   0x2000'000c     0x4  system_stm32l4xx.o [1]
    .data            inited   0x2000'0010    0x38  xlocale_c.o [2]
    .data            inited   0x2000'0048    0x48  xlocale_c.o [2]
    .data            inited   0x2000'0090    0x48  xfiles.o [2]
    .data            inited   0x2000'00d8    0x48  xfiles.o [2]
    .data            inited   0x2000'0120    0x48  xfiles.o [2]
    .data            inited   0x2000'0168    0x20  xfiles.o [2]
    .data            inited   0x2000'0188     0x8  XShttio.o [2]
                            - 0x2000'0190   0x190

"P2-P3", part 2 of 3:                       0x198
  .bss               zero     0x2000'0190    0x80  XShHandles.o [2]
  .bss               zero     0x2000'0210    0x64  main.o [1]
  .bss               zero     0x2000'0274    0x50  xfiles.o [2]
  .bss               zero     0x2000'02c4    0x50  xfiles.o [2]
  .bss               zero     0x2000'0314     0x8  heap0.o [2]
  .bss               zero     0x2000'031c     0x4  xfail_s.o [2]
  .bss               zero     0x2000'0320     0x4  xgetmemchunk.o [2]
  .bss               zero     0x2000'0324     0x2  main.o [1]
  .bss               zero     0x2000'0326     0x1  XShttio.o [2]
                            - 0x2000'0327   0x197

"P2-P3", part 3 of 3:                       0x600
  CSTACK                      0x2000'0328   0x400  <Block>
    CSTACK           uninit   0x2000'0328   0x400  <Block tail>
  HEAP                        0x2000'0728   0x200  <Block>
    HEAP             uninit   0x2000'0728   0x200  <Block tail>
                            - 0x2000'0928   0x600

Unused ranges:

         From           To      Size
         ----           --      ----
   0x800'48db   0x80f'ffff  0xf'b725
  0x2000'0928  0x2001'7fff  0x1'76d8


*******************************************************************************
*** INIT TABLE
***

          Address      Size
          -------      ----
Zero (__iar_zero_init3)
    1 destination range, total size 0x197:
          0x2000'0190  0x197

Copy/lz77 (__iar_lz77_init_single3)
    1 source range, total size 0x8b (34% of destination):
           0x800'4850   0x8b
    1 destination range, total size 0x190:
          0x2000'0000  0x190



*******************************************************************************
*** MODULE SUMMARY
***

    Module                  ro code  ro data  rw data
    ------                  -------  -------  -------
command line/config:
    -------------------------------------------------
    Total:

F:\Work Done\ADC\ADC_IT\ADC test\EWARM\ADC test\Obj: [1]
    main.o                      404      204      102
    startup_stm32l476xx.o       724
    stm32l4xx_hal.o             166        4       12
    stm32l4xx_hal_adc.o       2 820
    stm32l4xx_hal_adc_ex.o      222
    stm32l4xx_hal_cortex.o      196
    stm32l4xx_hal_gpio.o        508
    stm32l4xx_hal_msp.o         176
    stm32l4xx_hal_pwr_ex.o      136
    stm32l4xx_hal_rcc.o       1 732
    stm32l4xx_hal_rcc_ex.o    1 336
    stm32l4xx_it.o               32
    system_stm32l4xx.o           92       49        4
    -------------------------------------------------
    Total:                    8 544      257      118

dl7M_tlf.a: [2]
    XShHandles.o                204               128
    XShttio.o                    60        3        9
    abort.o                       6
    exit.o                        4
    fclose.o                    126
    fflush.o                    172
    fputc.o                      84
    fseek.o                      36
    heap0.o                     320                 8
    heaptramp0.o                  4
    low_level_init.o              4
    printf.o                     40
    putchar.o                    12
    xcloseall.o                  60
    xencoding_8859_1.o           30
    xfail_s.o                    64                 4
    xfgpos.o                     12
    xfiles.o                              86      408
    xfofind.o                   140
    xfspos.o                    216
    xfwprep.o                   180
    xgetmemchunk.o               44                 4
    xlocale_c.o                 120       51      128
    xmbcurmax.o                  10
    xprintffull.o             3 910
    xprout.o                     22
    -------------------------------------------------
    Total:                    5 880      140      689

m7M_tls.a: [3]
    DblAdd.o                    362
    DblCmpGe.o                   46
    DblCmpLe.o                   46
    DblDiv.o                    582
    DblMul.o                    418
    DblSub.o                    226
    DblToS32.o                   58
    DblToU32.o                   40
    S32ToDbl.o                   34
    U32ToDbl.o                   26
    fpinit_M.o                   34
    frexp.o                     112
    ldexp.o                     314
    -------------------------------------------------
    Total:                    2 298

rt7M_tl.a: [4]
    ABImemclr4.o                  6
    ABImemcpy_small.o            24
    ABImemset48.o                50
    I64DivMod.o                 560
    I64DivZer.o                   2
    cexit.o                      14
    cmain.o                      30
    cstart_closeall.o
    cstartup_M.o                 12
    data_init.o                  40
    lz77_init_single.o          122
    memchr.o                     88
    strchr.o                     22
    strlen.o                     54
    zero_init3.o                 58
    -------------------------------------------------
    Total:                    1 082

shb_l.a: [5]
    close.o                      24
    dwrite.o                     30
    exit.o                       20
    iarttio.o                   128
    iarwrite.o                   34
    iarwstd.o                    32
    lseek.o                      74
    remove.o                     20
    write.o                      16
    -------------------------------------------------
    Total:                      378

    Gaps                         38        2
    Linker created                        32    1 536
-----------------------------------------------------
    Grand Total:             18 220      431    2 343


*******************************************************************************
*** ENTRY LIST
***

Entry                       Address   Size  Type      Object
-----                       -------   ----  ----      ------
.iar.init_table$$Base    0x800'4648          --   Gb  - Linker created -
.iar.init_table$$Limit   0x800'4668          --   Gb  - Linker created -
?main                    0x800'4699         Code  Gb  cmain.o [4]
ADC1_2_IRQHandler        0x800'467f    0x6  Code  Gb  stm32l4xx_it.o [1]
ADC_ConversionStop       0x800'2879   0xa8  Code  Gb  stm32l4xx_hal_adc.o [1]
ADC_Disable              0x800'2989   0x50  Code  Gb  stm32l4xx_hal_adc.o [1]
ADC_Enable               0x800'2921   0x4e  Code  Gb  stm32l4xx_hal_adc.o [1]
AHBPrescTable            0x800'452c   0x10  Data  Gb  system_stm32l4xx.o [1]
Aldata                  0x2000'0314    0x8  Data  Lc  heap0.o [2]
BusFault_Handler         0x800'466f    0x2  Code  Gb  stm32l4xx_it.o [1]
CSTACK$$Base            0x2000'0328          --   Gb  - Linker created -
CSTACK$$Limit           0x2000'0728          --   Gb  - Linker created -
CacheMore                0x800'114d   0x24  Code  Lc  xlocale_c.o [2]
DebugMon_Handler         0x800'4675    0x2  Code  Gb  stm32l4xx_it.o [1]
HAL_ADCEx_EndOfSamplingCallback
                         0x800'2ac5    0x2  Code  Wk  stm32l4xx_hal_adc_ex.o [1]
HAL_ADCEx_InjectedConvCpltCallback
                         0x800'2d31    0x2  Code  Wk  stm32l4xx_hal_adc_ex.o [1]
HAL_ADCEx_InjectedQueueOverflowCallback
                         0x800'2d3b    0x2  Code  Wk  stm32l4xx_hal_adc_ex.o [1]
HAL_ADCEx_LevelOutOfWindow2Callback
                         0x800'2d35    0x2  Code  Wk  stm32l4xx_hal_adc_ex.o [1]
HAL_ADCEx_LevelOutOfWindow3Callback
                         0x800'2d37    0x2  Code  Wk  stm32l4xx_hal_adc_ex.o [1]
HAL_ADCEx_MultiModeConfigChannel
                         0x800'2c5d   0xb2  Code  Gb  stm32l4xx_hal_adc_ex.o [1]
HAL_ADC_ConfigChannel    0x800'24fd  0x30e  Code  Gb  stm32l4xx_hal_adc.o [1]
HAL_ADC_ConvCpltCallback
                         0x800'2c09   0x24  Code  Gb  main.o [1]
HAL_ADC_GetValue         0x800'2287    0x6  Code  Gb  stm32l4xx_hal_adc.o [1]
HAL_ADC_IRQHandler       0x800'228d  0x232  Code  Gb  stm32l4xx_hal_adc.o [1]
HAL_ADC_Init             0x800'1f67  0x19a  Code  Gb  stm32l4xx_hal_adc.o [1]
HAL_ADC_MspInit          0x800'2a51   0x66  Code  Gb  stm32l4xx_hal_msp.o [1]
HAL_ADC_Start_IT         0x800'2101   0xd2  Code  Gb  stm32l4xx_hal_adc.o [1]
HAL_ADC_Stop_IT          0x800'221f   0x28  Code  Gb  stm32l4xx_hal_adc.o [1]
HAL_Delay                0x800'3059   0x28  Code  Wk  stm32l4xx_hal.o [1]
HAL_GPIO_Init            0x800'2e15  0x1cc  Code  Gb  stm32l4xx_hal_gpio.o [1]
HAL_GetTick              0x800'2d3d    0xc  Code  Wk  stm32l4xx_hal.o [1]
HAL_IncTick              0x800'4689   0x10  Code  Wk  stm32l4xx_hal.o [1]
HAL_Init                 0x800'3011   0x1e  Code  Gb  stm32l4xx_hal.o [1]
HAL_InitTick             0x800'3d39   0x44  Code  Wk  stm32l4xx_hal.o [1]
HAL_MspInit              0x800'2a15   0x3c  Code  Gb  stm32l4xx_hal_msp.o [1]
HAL_NVIC_EnableIRQ       0x800'2db7   0x16  Code  Gb  stm32l4xx_hal_cortex.o [1]
HAL_NVIC_SetPriority     0x800'2d7d   0x3a  Code  Gb  stm32l4xx_hal_cortex.o [1]
HAL_NVIC_SetPriorityGrouping
                         0x800'2d63   0x1a  Code  Gb  stm32l4xx_hal_cortex.o [1]
HAL_PWREx_ControlVoltageScaling
                         0x800'3c89   0x5e  Code  Gb  stm32l4xx_hal_pwr_ex.o [1]
HAL_PWREx_GetVoltageRange
                         0x800'3c7d    0xc  Code  Gb  stm32l4xx_hal_pwr_ex.o [1]
HAL_RCCEx_PeriphCLKConfig
                         0x800'3745  0x324  Code  Gb  stm32l4xx_hal_rcc_ex.o [1]
HAL_RCC_ClockConfig      0x800'34f1  0x100  Code  Gb  stm32l4xx_hal_rcc.o [1]
HAL_RCC_GetSysClockFreq
                         0x800'3605   0x92  Code  Gb  stm32l4xx_hal_rcc.o [1]
HAL_RCC_OscConfig        0x800'3081  0x44c  Code  Gb  stm32l4xx_hal_rcc.o [1]
HAL_SYSTICK_Config       0x800'2dcd   0x28  Code  Gb  stm32l4xx_hal_cortex.o [1]
HEAP$$Base              0x2000'0728          --   Gb  - Linker created -
HEAP$$Limit             0x2000'0928          --   Gb  - Linker created -
HardFault_Handler        0x800'466b    0x2  Code  Gb  stm32l4xx_it.o [1]
LL_ADC_GetOffsetChannel
                         0x800'1f15    0xe  Code  Lc  stm32l4xx_hal_adc.o [1]
LL_ADC_REG_IsTriggerSourceSWStart
                         0x800'1f35    0xe  Code  Lc  stm32l4xx_hal_adc.o [1]
LL_ADC_SetChannelSamplingTime
                         0x800'1f43   0x24  Code  Lc  stm32l4xx_hal_adc.o [1]
LL_ADC_SetOffsetState    0x800'1f23   0x12  Code  Lc  stm32l4xx_hal_adc.o [1]
LoadInt                  0x800'034b   0x7a  Code  Lc  xprintffull.o [2]
MSIRangeTable            0x800'45cc   0x30  Data  Gb  system_stm32l4xx.o [1]
MemManage_Handler        0x800'466d    0x2  Code  Gb  stm32l4xx_it.o [1]
NMI_Handler              0x800'4669    0x2  Code  Gb  stm32l4xx_it.o [1]
PendSV_Handler           0x800'4677    0x2  Code  Gb  stm32l4xx_it.o [1]
RCCEx_PLLSAI1_Config     0x800'3a83   0xc8  Code  Lc  stm32l4xx_hal_rcc_ex.o [1]
RCCEx_PLLSAI2_Config     0x800'3b51   0xac  Code  Lc  stm32l4xx_hal_rcc_ex.o [1]
RCC_IRQHandler           0x800'467d    0x2  Code  Gb  stm32l4xx_it.o [1]
RCC_SetFlashLatencyFromMSIRange
                         0x800'3697   0x74  Code  Lc  stm32l4xx_hal_rcc.o [1]
Region$$Table$$Base      0x800'4648          --   Gb  - Linker created -
Region$$Table$$Limit     0x800'4668          --   Gb  - Linker created -
SVC_Handler              0x800'4673    0x2  Code  Gb  stm32l4xx_it.o [1]
SysTick_Handler          0x800'4679    0x4  Code  Gb  stm32l4xx_it.o [1]
SystemClock_Config       0x800'2b7f   0x88  Code  Gb  main.o [1]
SystemCoreClock         0x2000'000c    0x4  Data  Gb  system_stm32l4xx.o [1]
SystemInit               0x800'44e1   0x3c  Code  Gb  system_stm32l4xx.o [1]
UsageFault_Handler       0x800'4671    0x2  Code  Gb  stm32l4xx_it.o [1]
_Close_all               0x800'4591   0x3c  Code  Gb  xcloseall.o [2]
_Encoding_8859_1_Mbrlen
                         0x800'1299    0x2  Code  Gb  xencoding_8859_1.o [2]
_Encoding_8859_1_Wctomb
                         0x800'1287   0x12  Code  Gb  xencoding_8859_1.o [2]
_Files                  0x2000'0168   0x20  Data  Gb  xfiles.o [2]
_Fofree                  0x800'43a5   0x86  Code  Gb  xfofind.o [2]
_Fspos                   0x800'3ee9   0xd8  Code  Gb  xfspos.o [2]
_Fwprep                  0x800'42cd   0xb4  Code  Gb  xfwprep.o [2]
_GenldFull               0x800'0da9  0x274  Code  Lc  xprintffull.o [2]
_LdtobFull               0x800'09a5  0x3d6  Code  Lc  xprintffull.o [2]
_LitobFull               0x800'0855  0x10a  Code  Lc  xprintffull.o [2]
_Locale_lconv           0x2000'0010   0x38  Data  Lc  xlocale_c.o [2]
_Nnl                     0x800'406d    0xc  Code  Gb  xfgpos.o [2]
_PrintfFull              0x800'0189  0x1aa  Code  Gb  xprintffull.o [2]
_Prout                   0x800'46cf   0x16  Code  Gb  xprout.o [2]
_PutcharsFull            0x800'101d   0x2e  Code  Lc  xprintffull.o [2]
_PutfldFull              0x800'03c5  0x2d4  Code  Lc  xprintffull.o [2]
_PutstrFull              0x800'078f   0xc6  Code  Lc  xprintffull.o [2]
_PuttxtFull              0x800'0699   0xf6  Code  Lc  xprintffull.o [2]
__NVIC_SetPriority       0x800'2d49   0x1a  Code  Lc  stm32l4xx_hal_cortex.o [1]
__aeabi_cdcmple          0x800'1765         Code  Gb  DblCmpLe.o [3]
__aeabi_cdrcmple         0x800'1795         Code  Gb  DblCmpGe.o [3]
__aeabi_d2iz             0x800'1901         Code  Gb  DblToS32.o [3]
__aeabi_d2uiz            0x800'1c8d         Code  Gb  DblToU32.o [3]
__aeabi_ddiv             0x800'1a45         Code  Gb  DblDiv.o [3]
__aeabi_dmul             0x800'1551         Code  Gb  DblMul.o [3]
__aeabi_dsub             0x800'1961         Code  Gb  DblSub.o [3]
__aeabi_i2d              0x800'193d         Code  Gb  S32ToDbl.o [3]
__aeabi_ldiv0            0x800'1cd5         Code  Gb  I64DivZer.o [4]
__aeabi_memclr4          0x800'2e0d         Code  Gb  ABImemclr4.o [4]
__aeabi_ui2d             0x800'1cb5         Code  Gb  U32ToDbl.o [3]
__aeabi_uldivmod         0x800'1321         Code  Gb  I64DivMod.o [4]
__basic_free             0x800'3e29   0x16  Code  Gb  heap0.o [2]
__basic_free_intern      0x800'3e3f   0x7a  Code  Lc  heap0.o [2]
__basic_malloc           0x800'3d7d   0x18  Code  Gb  heap0.o [2]
__basic_malloc_intern    0x800'3d95   0x94  Code  Lc  heap0.o [2]
__cexit_closeall         0x800'46c3         Code  Gb  cexit.o [4]
__close                  0x800'44b3   0x18  Code  Gb  close.o [5]
__cmain                  0x800'4699         Code  Gb  cmain.o [4]
__cstart_closeall        0x800'4850         Data  Gb  cstart_closeall.o [4]
__data_GetMemChunk       0x800'3ebd   0x2c  Code  Gb  xgetmemchunk.o [2]
__data_GetMemChunk::start
                        0x2000'0320    0x4  Data  Lc  xgetmemchunk.o [2]
__dwrite                 0x800'41a1   0x1e  Code  Gb  dwrite.o [5]
__exit                   0x800'1e45   0x14  Code  Gb  exit.o [5]
__iar_Fail_s             0x800'1211   0x1c  Code  Gb  xfail_s.o [2]
__iar_Mbcurmax           0x800'12fd    0xa  Code  Gb  xmbcurmax.o [2]
__iar_Memchr             0x800'12a5         Code  Gb  memchr.o [4]
__iar_Memset4_word       0x800'3d05         Code  Gb  ABImemset48.o [4]
__iar_Memset8_word       0x800'3d05         Code  Gb  ABImemset48.o [4]
__iar_Stderr            0x2000'0120   0x48  Data  Gb  xfiles.o [2]
__iar_Stdin             0x2000'0090   0x48  Data  Gb  xfiles.o [2]
__iar_Stdout            0x2000'00d8   0x48  Data  Gb  xfiles.o [2]
__iar_Strchr             0x800'11c1         Code  Gb  strchr.o [4]
__iar_close_ttio         0x800'1e59   0x2e  Code  Gb  iarttio.o [5]
__iar_dadd               0x800'1971         Code  Gb  DblSub.o [3]
__iar_data_init3         0x800'45fd   0x28  Code  Gb  data_init.o [4]
__iar_dsub               0x800'1cd9         Code  Gb  DblAdd.o [3]
__iar_dsubStart          0x800'1ceb         Code  Gb  DblAdd.o [3]
__iar_frexp              0x800'1701         Code  Gb  frexp.o [3]
__iar_frexpl             0x800'1701         Code  Gb  frexp.o [3]
__iar_get_ttio           0x800'1e89   0x4c  Code  Gb  iarttio.o [5]
__iar_globLocale        0x2000'0048   0x48  Data  Lc  xlocale_c.o [2]
__iar_global_Locale      0x800'1149    0x4  Code  Gb  xlocale_c.o [2]
__iar_init_vfp           0x800'4625         Code  Gb  fpinit_M.o [3]
__iar_ldexp64            0x800'17c5         Code  Gb  ldexp.o [3]
__iar_lookup_ttioh       0x800'1f07    0x4  Code  Gb  XShttio.o [2]
__iar_lz77_init_single3
                         0x800'10cf   0x7a  Code  Gb  lz77_init_single.o [4]
__iar_program_start      0x800'4701         Code  Gb  cstartup_M.o [4]
__iar_scalbln64          0x800'17c5         Code  Gb  ldexp.o [3]
__iar_scalbn64           0x800'17c5         Code  Gb  ldexp.o [3]
__iar_sh_Discard         0x800'40d5   0x42  Code  Gb  XShHandles.o [2]
__iar_sh_Move            0x800'4117   0x46  Code  Gb  XShHandles.o [2]
__iar_sh_Pos             0x800'415d   0x3e  Code  Gb  XShHandles.o [2]
__iar_sh_stdout          0x800'41bf   0x20  Code  Gb  iarwstd.o [5]
__iar_sh_write           0x800'41df   0x22  Code  Gb  iarwrite.o [5]
__iar_small_Memcpy       0x800'130d         Code  Gb  ABImemcpy_small.o [4]
__iar_small_memcpy       0x800'1309         Code  Gb  ABImemcpy_small.o [4]
__iar_small_memcpy4      0x800'1309         Code  Gb  ABImemcpy_small.o [4]
__iar_small_memcpy8      0x800'1309         Code  Gb  ABImemcpy_small.o [4]
__iar_softfp___iar_frexp64
                         0x800'16f5         Code  Gb  frexp.o [3]
__iar_softfp_frexp       0x800'16f5         Code  Gb  frexp.o [3]
__iar_softfp_frexpl      0x800'16f5         Code  Gb  frexp.o [3]
__iar_ttio_guard_lock    0x800'1ed9   0x1e  Code  Gb  XShttio.o [2]
__iar_ttio_guard_unlock
                         0x800'1ef7   0x10  Code  Gb  XShttio.o [2]
__iar_ttio_handles      0x2000'0188    0x8  Data  Lc  XShttio.o [2]
__iar_zero_init3         0x800'11d7   0x3a  Code  Gb  zero_init3.o [4]
__low_level_init         0x800'46b7    0x4  Code  Gb  low_level_init.o [2]
__lseek                  0x800'4079   0x4a  Code  Gb  lseek.o [5]
__vector_table           0x800'0000         Data  Gb  startup_stm32l476xx.o [1]
__write                  0x800'40c3   0x10  Code  Gb  write.o [5]
_call_main               0x800'46a5         Code  Gb  cmain.o [4]
_exit                    0x800'46c1         Code  Gb  cexit.o [4]
_gLocale_mblen           0x800'11ad    0x4  Code  Gb  xlocale_c.o [2]
_gLocale_mblenInt        0x800'1171   0x2c  Code  Gb  xlocale_c.o [2]
_gLocale_wctomb          0x800'11b1    0x4  Code  Gb  xlocale_c.o [2]
_gLocale_wctombInt       0x800'11a9    0x4  Code  Gb  xlocale_c.o [2]
_main                    0x800'46b3         Code  Gb  cmain.o [4]
abort                    0x800'1ccf    0x6  Code  Gb  abort.o [2]
adc_value               0x2000'0324    0x2  Data  Gb  main.o [1]
ebuf                    0x2000'0274   0x50  Data  Lc  xfiles.o [2]
exit                     0x800'46bb    0x4  Code  Gb  exit.o [2]
fclose                   0x800'4435   0x7e  Code  Gb  fclose.o [2]
fflush                   0x800'4035   0x34  Code  Gb  fflush.o [2]
fflushOne                0x800'3fc1   0x74  Code  Lc  fflush.o [2]
fputc                    0x800'453d   0x54  Code  Gb  fputc.o [2]
free                     0x800'4431    0x4  Code  Gb  heaptramp0.o [2]
fseek                    0x800'4381   0x24  Code  Gb  fseek.o [2]
hadc1                   0x2000'0210   0x64  Data  Gb  main.o [1]
ldexp                    0x800'17c5         Code  Gb  ldexp.o [3]
ldexpl                   0x800'17c5         Code  Gb  ldexp.o [3]
localeconv               0x800'11b5    0x4  Code  Gb  xlocale_c.o [2]
main                     0x800'2ac9   0xb6  Code  Gb  main.o [1]
memchr                   0x800'12a5         Code  Gb  memchr.o [4]
obuf                    0x2000'02c4   0x50  Data  Lc  xfiles.o [2]
printf                   0x800'3031   0x28  Code  Gb  printf.o [2]
putchar                  0x800'46e5    0xc  Code  Gb  putchar.o [2]
remove                   0x800'44cb   0x14  Code  Gb  remove.o [5]
sFileInfo               0x2000'0190   0x80  Data  Lc  XShHandles.o [2]
scalbln                  0x800'17c5         Code  Gb  ldexp.o [3]
scalblnl                 0x800'17c5         Code  Gb  ldexp.o [3]
scalbn                   0x800'17c5         Code  Gb  ldexp.o [3]
scalbnl                  0x800'17c5         Code  Gb  ldexp.o [3]
scale                    0x800'095f   0x46  Code  Lc  xprintffull.o [2]
sec_hand                0x2000'031c    0x4  Data  Lc  xfail_s.o [2]
strchr                   0x800'11c1         Code  Gb  strchr.o [4]
strlen                   0x800'1251         Code  Gb  strlen.o [4]
ttio_guard              0x2000'0326    0x1  Data  Lc  XShttio.o [2]
uwTick                  0x2000'0000    0x4  Data  Gb  stm32l4xx_hal.o [1]
uwTickFreq              0x2000'0008    0x4  Data  Gb  stm32l4xx_hal.o [1]
uwTickPrio              0x2000'0004    0x4  Data  Gb  stm32l4xx_hal.o [1]


[1] = F:\Work Done\ADC\ADC_IT\ADC test\EWARM\ADC test\Obj
[2] = dl7M_tlf.a
[3] = m7M_tls.a
[4] = rt7M_tl.a
[5] = shb_l.a

  18 220 bytes of readonly  code memory
     431 bytes of readonly  data memory
   2 343 bytes of readwrite data memory

Errors: none
Warnings: none
